=====================================================================
== C:\Users\rylic\OneDrive\Desktop\Expansion-Dev-Server-Deer-Isle\DayZServer_x64.exe
== DayZServer_x64.exe -cpuCount=4 -mod=@DeerIsle;@CF;@CommunityOnlineTools;@DabsFramework;@DayZExpansionLicensed;@DayZExpansionBundle;@42MonthsAfterPvPDevelopment;@SNAFUWeapons;@MunghardsItempack;@DayZEditorLoader;@WindstridesClothingPack; -config=serverDZ.cfg -port=2302 -noFilePatching -profiles=profiles -scrAllowFileWrite -adminlog
=====================================================================
Exe timestamp: 2024/01/01 17:40:38
Current time:  2024/01/05 20:46:21
Version 1.23.157045
=====================================================================

20:46:21.985 [Inputs] Loading inputs default "bin/constants.xml"
20:46:21.988 [Inputs] Loading inputs default "bin/specific.xml"
20:46:21.989 !!! [Inputs] Cannot load inputs default "", file does not exist
20:46:21.989 !!! [Inputs] Failed to load MODDED inputs - file name/ path invalid?
20:46:21.989 [Inputs] Loading inputs default "JM/COT/Scripts/Data/Inputs.xml"
20:46:21.990 [Inputs] Loading inputs default "LIVEN/PvZmoD_CustomisableZombies/inputs.xml"
20:46:21.990 [Inputs] Loading inputs default "PVEZ/data/inputs.xml"
20:46:21.990 [Inputs] Loading inputs default "WindstrideClothing/Inputs.xml"
20:46:21.991 [Inputs] Loading inputs default "deerisle/scripts/Inputs.xml"
20:46:21.992 [Inputs] Loading inputs default "DayZExpansion/Groups/Scripts/Data/Inputs.xml"
20:46:21.992 [Inputs] Loading inputs default "DayZExpansion/Navigation/Scripts/Data/Inputs.xml"
20:46:21.992 !!! [Inputs] Attempt to register duplicate exclusion group "chatexpansion"
20:46:21.992 [Inputs] Loading inputs default "DayZExpansion/PlayerList/Scripts/Data/Inputs.xml"
20:46:21.992 !!! [Inputs] Attempt to register duplicate exclusion group "chatexpansion"
20:46:21.993 [Inputs] Loading inputs default "DayZExpansion/Scripts/Data/Inputs.xml"
20:46:21.993 !!! [Inputs] Attempt to register duplicate exclusion group "chatexpansion"
20:46:21.993 [Inputs] Loading inputs default "DayZExpansion/Vehicles/Scripts/Data/Inputs.xml"
20:46:21.993 [Inputs] Loading inputs default "AdmiralsDivingMod/Scripts/Data/modded_Inputs.xml"
20:46:21.994 [Inputs] Loading inputs default "DayZExpansion/AI/Scripts/inputs.xml"
20:46:21.994 [Inputs] Loading inputs default "DayZExpansion/BaseBuilding/Scripts/Data/Inputs.xml"
20:46:21.994 !!! [Inputs] Attempt to register duplicate exclusion group "chatexpansion"
20:46:21.994 [Inputs] Loading inputs default "DayZExpansion/Book/Scripts/Data/Inputs.xml"
20:46:21.995 !!! [Inputs] Attempt to register duplicate exclusion group "chatexpansion"
20:46:21.995 [Inputs] Loading inputs default "DayZExpansion/Chat/Scripts/Data/Inputs.xml"
20:46:21.995 !!! [Inputs] Attempt to register duplicate exclusion group "chatexpansion"
20:46:21.996 [Inputs] Loading inputs default "DayZExpansion/Quests/Scripts/Data/Inputs.xml"
20:46:21.996 [Inputs] Loading inputs cfg "profiles\Users\Survivor\Server.core.xml"
20:46:21.996 !!! [Inputs] Cannot read inputs cfg "profiles\Users\Survivor\Server.core.xml", parser error
20:46:21.996 [Inputs] Loading inputs cfg "bin/core.xml"
20:46:21.997 !!! [Inputs] Cannot load input preset "#STR_USER", file does not exist
20:46:21.999 [Inputs] Exporting inputs cfg "profiles\Users\Survivor\Server.core.xml"
20:46:53.860 [CE][Hive] :: Initializing OFFLINE
20:46:53.860 [StorageDirs] :: Selected storage directory: C:\Users\rylic\OneDrive\Desktop\Expansion-Dev-Server-Deer-Isle\mpmissions\empty.deerisle\storage_1\
20:46:53.860 [CE][Hive] :: Loading core data ... 
20:46:53.861 [CE][CoreData] :: 7 root classes, 19 defaults, 0 updaters...
20:46:59.968 [CE] :: WARNING :: Preset map "optics" is EMPTY.
20:46:59.969 [CE][TypeSetup] :: 473 classes setuped...
20:46:59.973 [CE] :: WARNING :: Preset map "optics" is EMPTY.
20:46:59.974 [CE][TypeSetup] :: 97 classes setuped...
20:47:01.617 [CE][RegisterBind] :: 0 classes binded...
20:47:01.617 [CE][RegisterConfig] :: 15309 config classes registered, 0 sub-counters...
20:47:01.617 [CE][Hive] :: Loading map data ... 
20:47:01.618 [CE][IgnoreList] "cfgignorelist.xml" :: loaded 19 types
20:47:01.654 !!! [CE] :: Unknown category: 'vehicleparts'.
20:47:01.654 !!! [CE] :: Unknown category: 'vehicleparts'.
20:47:01.654 !!! [CE] :: Unknown category: 'vehicleparts'.
20:47:01.654 !!! [CE] :: Unknown category: 'vehicleparts'.
20:47:01.654 !!! [CE] :: Unknown category: 'vehicleparts'.
20:47:01.654 !!! [CE] :: Unknown category: 'vehicleparts'.
20:47:01.654 !!! [CE] :: Unknown category: 'vehicleparts'.
20:47:01.654 !!! [CE] :: Unknown category: 'vehicleparts'.
20:47:01.654 !!! [CE] :: Unknown category: 'vehicleparts'.
20:47:01.654 !!! [CE] :: Unknown category: 'vehicleparts'.
20:47:01.654 !!! [CE] :: Unknown category: 'vehicleparts'.
20:47:01.654 !!! [CE] :: Unknown category: 'vehicleparts'.
20:47:01.655 !!! [CE] :: Unknown category: 'vehicleparts'.
20:47:01.655 !!! [CE] :: Unknown category: 'vehicleparts'.
20:47:01.655 !!! [CE] :: Unknown category: 'vehicleparts'.
20:47:01.655 !!! [CE] :: Unknown category: 'vehicleparts'.
20:47:01.655 !!! [CE] :: Unknown category: 'vehicleparts'.
20:47:01.655 !!! [CE] :: Unknown category: 'vehicleparts'.
20:47:01.655 !!! [CE] :: Unknown category: 'vehicleparts'.
20:47:01.655 !!! [CE] :: Unknown category: 'vehicleparts'.
20:47:01.655 !!! [CE] :: Unknown category: 'vehicleparts'.
20:47:01.655 !!! [CE] :: Unknown category: 'vehicleparts'.
20:47:01.655 !!! [CE] :: Unknown category: 'vehicleparts'.
20:47:01.655 !!! [CE] :: Unknown category: 'vehicleparts'.
20:47:01.655 !!! [CE] :: Unknown category: 'vehicleparts'.
20:47:01.655 !!! [CE] :: Unknown category: 'vehicleparts'.
20:47:01.655 !!! [CE] :: Unknown category: 'vehicleparts'.
20:47:01.655 !!! [CE] :: Unknown category: 'vehicleparts'.
20:47:01.655 !!! [CE] :: Unknown usage: 'Fortknox'.
20:47:01.655 !!! [CE] :: Unknown usage: 'Mine'.
20:47:01.655 !!! [CE] :: Unknown usage: 'Mine'.
20:47:01.655 !!! [CE] :: Unknown usage: 'Temple'.
20:47:01.656 [CE][LoadPrototype] :: loaded 550 prototypes
20:47:01.656   989 containers, 11581 points
20:47:01.656   79 dispatches, 316 proxies
20:47:01.656 !!! [CE][LoadPrototype] 4 groups have no points...
20:47:01.656 !!! [CE][LoadPrototype] 2 groups have wrong points...
20:47:01.656 !!! [CE][LoadPrototype] 2 groups were defined more than once and skipped...
20:47:01.656 [CE][LoadPrototype] :: last group name: Land_Underground_Storage_Workshop...
20:47:01.662 [CE][LoadPrototype] :: loaded 0 prototypes
20:47:01.662   55 containers, 232 points
20:47:01.662   0 dispatches, 0 proxies
20:47:01.662 [CE][LoadPrototype] :: last group name: Rail9...
20:47:02.662 [CE][LoadMap] "Group" :: loaded 10479 groups, groups failed: 0, largest group range: 34.1
20:47:02.665 [CE][LoadMap] "Dirt" :: loaded 0 groups, groups failed: 0, largest group range: 34.1
20:47:02.873 [CE][Links] found 2684 total links between groups, of 10479
20:47:02.873 [CE][LoadClusters] "Cluster" :: Loading files...
20:47:03.02 [CE][LoadClusters] :: file: "mapgroupcluster.xml", 9 types, 50000 instances
20:47:03.139 [CE][LoadClusters] :: file: "mapgroupcluster01", 9 types, 50000 instances
20:47:03.278 [CE][LoadClusters] :: file: "mapgroupcluster02", 9 types, 50000 instances
20:47:03.278   9790 failed - check prototype defaults 'clusterMatrix' setups !!!
20:47:03.421 [CE][LoadClusters] :: file: "mapgroupcluster03", 9 types, 50000 instances
20:47:03.421   6758 failed - check prototype defaults 'clusterMatrix' setups !!!
20:47:03.495 [CE][LoadClusters] :: file: "mapgroupcluster04", 9 types, 24035 instances
20:47:03.495   2081 failed - check prototype defaults 'clusterMatrix' setups !!!
20:47:03.500 [CE][Storage] ver:21 stamp:842, valid:yes, name:"C:\Users\rylic\OneDrive\Desktop\Expansion-Dev-Server-Deer-Isle\mpmissions\empty.deerisle\storage_1\data\types.bin"
20:47:03.501 [CE][Storage] ver:21 stamp:839, valid:yes, name:"C:\Users\rylic\OneDrive\Desktop\Expansion-Dev-Server-Deer-Isle\mpmissions\empty.deerisle\storage_1\data\types.001"
20:47:03.501 [CE][Storage] ver:21 stamp:840, valid:yes, name:"C:\Users\rylic\OneDrive\Desktop\Expansion-Dev-Server-Deer-Isle\mpmissions\empty.deerisle\storage_1\data\types.002"
20:47:03.501 [CE][Storage] Restoring file "C:\Users\rylic\OneDrive\Desktop\Expansion-Dev-Server-Deer-Isle\mpmissions\empty.deerisle\storage_1\data\types.bin".
20:47:03.698 !!! [CE][offlineDB] :: No Shutdown message present.
20:47:03.700 [CE][offlineDB] :: Loaded 52 dynamic events 261 total types.
20:47:03.701 !!! [CE][DE] (VehicleTruck01) :: Unable to create child (Truck_01_Covered_Grey) as the type does not exist.
20:47:03.701 [CE][offlineDB] :: Loaded 62 dynamic events 318 total types.
20:47:03.717 !!! [CE][offlineDB] :: Type 'Bandage' will be ignored. (Type does not exist. (Typo?))
20:47:03.717 !!! [CE][offlineDB] :: Type 'BandanaMask_BlackPattern' will be ignored. (Type does not exist. (Typo?))
20:47:03.717 !!! [CE][offlineDB] :: Type 'BandanaMask_CamoPattern' will be ignored. (Type does not exist. (Typo?))
20:47:03.717 !!! [CE][offlineDB] :: Type 'BandanaMask_GreenPattern' will be ignored. (Type does not exist. (Typo?))
20:47:03.717 !!! [CE][offlineDB] :: Type 'BandanaMask_PolkaPattern' will be ignored. (Type does not exist. (Typo?))
20:47:03.717 !!! [CE][offlineDB] :: Type 'BandanaMask_RedPattern' will be ignored. (Type does not exist. (Typo?))
20:47:03.718 !!! [CE][offlineDB] :: Type 'BomberJacket_Black' will be ignored. (Type does not exist. (Typo?))
20:47:03.718 !!! [CE][offlineDB] :: Type 'BomberJacket_Blue' will be ignored. (Type does not exist. (Typo?))
20:47:03.718 !!! [CE][offlineDB] :: Type 'BomberJacket_Brown' will be ignored. (Type does not exist. (Typo?))
20:47:03.718 !!! [CE][offlineDB] :: Type 'BomberJacket_Grey' will be ignored. (Type does not exist. (Typo?))
20:47:03.718 !!! [CE][offlineDB] :: Type 'BomberJacket_Maroon' will be ignored. (Type does not exist. (Typo?))
20:47:03.718 !!! [CE][offlineDB] :: Type 'BomberJacket_Olive' will be ignored. (Type does not exist. (Typo?))
20:47:03.718 !!! [CE][offlineDB] :: Type 'BomberJacket_SkyBlue' will be ignored. (Type does not exist. (Typo?))
20:47:03.718 !!! [CE][offlineDB] :: Type 'ChristmasTree_Green' will be ignored. (Not spawnable. (Scope is not public?))
20:47:03.718 !!! [CE][offlineDB] :: Type 'ChristmasTree' will be ignored. (Not spawnable. (Scope is not public?))
20:47:03.718 !!! [CE][offlineDB] :: Type 'DallasMask' will be ignored. (Type does not exist. (Typo?))
20:47:03.718 !!! [CE][offlineDB] :: Type 'GorkaPants_Autumn' will be ignored. (Type does not exist. (Typo?))
20:47:03.718 !!! [CE][offlineDB] :: Type 'GorkaPants_Flat' will be ignored. (Type does not exist. (Typo?))
20:47:03.718 !!! [CE][offlineDB] :: Type 'GorkaPants_PautRev' will be ignored. (Type does not exist. (Typo?))
20:47:03.718 !!! [CE][offlineDB] :: Type 'GorkaPants_Summer' will be ignored. (Type does not exist. (Typo?))
20:47:03.718 !!! [CE][offlineDB] :: Type 'HoxtonMask' will be ignored. (Type does not exist. (Typo?))
20:47:03.718 !!! [CE][offlineDB] :: Type 'Jeans_Black' will be ignored. (Type does not exist. (Typo?))
20:47:03.718 !!! [CE][offlineDB] :: Type 'Jeans_Blue' will be ignored. (Type does not exist. (Typo?))
20:47:03.718 !!! [CE][offlineDB] :: Type 'Jeans_BlueDark' will be ignored. (Type does not exist. (Typo?))
20:47:03.718 !!! [CE][offlineDB] :: Type 'Jeans_Brown' will be ignored. (Type does not exist. (Typo?))
20:47:03.718 !!! [CE][offlineDB] :: Type 'Jeans_Green' will be ignored. (Type does not exist. (Typo?))
20:47:03.718 !!! [CE][offlineDB] :: Type 'Jeans_Grey' will be ignored. (Type does not exist. (Typo?))
20:47:03.719 !!! [CE][offlineDB] :: Type 'ManSuit_Beige' will be ignored. (Type does not exist. (Typo?))
20:47:03.719 !!! [CE][offlineDB] :: Type 'ManSuit_Black' will be ignored. (Type does not exist. (Typo?))
20:47:03.719 !!! [CE][offlineDB] :: Type 'ManSuit_Blue' will be ignored. (Type does not exist. (Typo?))
20:47:03.719 !!! [CE][offlineDB] :: Type 'ManSuit_Brown' will be ignored. (Type does not exist. (Typo?))
20:47:03.719 !!! [CE][offlineDB] :: Type 'ManSuit_DarkGrey' will be ignored. (Type does not exist. (Typo?))
20:47:03.719 !!! [CE][offlineDB] :: Type 'ManSuit_Khaki' will be ignored. (Type does not exist. (Typo?))
20:47:03.719 !!! [CE][offlineDB] :: Type 'ManSuit_LightGrey' will be ignored. (Type does not exist. (Typo?))
20:47:03.719 !!! [CE][offlineDB] :: Type 'ManSuit_White' will be ignored. (Type does not exist. (Typo?))
20:47:03.719 !!! [CE][offlineDB] :: Type 'MedicalScrubsPants_Blue' will be ignored. (Type does not exist. (Typo?))
20:47:03.719 !!! [CE][offlineDB] :: Type 'MedicalScrubsPants_Green' will be ignored. (Type does not exist. (Typo?))
20:47:03.719 !!! [CE][offlineDB] :: Type 'MedicalScrubsPants_White' will be ignored. (Type does not exist. (Typo?))
20:47:03.719 !!! [CE][offlineDB] :: Type 'MedicalScrubsShirt_Blue' will be ignored. (Type does not exist. (Typo?))
20:47:03.719 !!! [CE][offlineDB] :: Type 'MedicalScrubsShirt_Green' will be ignored. (Type does not exist. (Typo?))
20:47:03.719 !!! [CE][offlineDB] :: Type 'MedicalScrubsShirt_White' will be ignored. (Type does not exist. (Typo?))
20:47:03.719 !!! [CE][offlineDB] :: Type 'MountainBag_Red' will be ignored. (Type does not exist. (Typo?))
20:47:03.719 !!! [CE][offlineDB] :: Type 'Raincoat_Black' will be ignored. (Type does not exist. (Typo?))
20:47:03.719 !!! [CE][offlineDB] :: Type 'Raincoat_Blue' will be ignored. (Type does not exist. (Typo?))
20:47:03.719 !!! [CE][offlineDB] :: Type 'Raincoat_Green' will be ignored. (Type does not exist. (Typo?))
20:47:03.719 !!! [CE][offlineDB] :: Type 'Raincoat_Orange' will be ignored. (Type does not exist. (Typo?))
20:47:03.719 !!! [CE][offlineDB] :: Type 'Raincoat_Pink' will be ignored. (Type does not exist. (Typo?))
20:47:03.719 !!! [CE][offlineDB] :: Type 'Raincoat_Red' will be ignored. (Type does not exist. (Typo?))
20:47:03.719 !!! [CE][offlineDB] :: Type 'Raincoat_Yellow' will be ignored. (Type does not exist. (Typo?))
20:47:03.719 !!! [CE][offlineDB] :: Type 'SantasSleigh' will be ignored. (Type does not exist. (Typo?))
20:47:03.719 !!! [CE][offlineDB] :: Type 'SharpLongWoodenStick' will be ignored. (Type does not exist. (Typo?))
20:47:03.719 !!! [CE][offlineDB] :: Type 'Shirt_BlueCheck' will be ignored. (Type does not exist. (Typo?))
20:47:03.719 !!! [CE][offlineDB] :: Type 'Shirt_BlueCheckBright' will be ignored. (Type does not exist. (Typo?))
20:47:03.719 !!! [CE][offlineDB] :: Type 'Shirt_GreenCheck' will be ignored. (Type does not exist. (Typo?))
20:47:03.719 !!! [CE][offlineDB] :: Type 'Shirt_PlaneBlack' will be ignored. (Type does not exist. (Typo?))
20:47:03.719 !!! [CE][offlineDB] :: Type 'Shirt_RedCheck' will be ignored. (Type does not exist. (Typo?))
20:47:03.719 !!! [CE][offlineDB] :: Type 'Shirt_WhiteCheck' will be ignored. (Type does not exist. (Typo?))
20:47:03.719 !!! [CE][offlineDB] :: Type 'SlacksPants_Beige' will be ignored. (Type does not exist. (Typo?))
20:47:03.719 !!! [CE][offlineDB] :: Type 'SlacksPants_Black' will be ignored. (Type does not exist. (Typo?))
20:47:03.719 !!! [CE][offlineDB] :: Type 'SlacksPants_Blue' will be ignored. (Type does not exist. (Typo?))
20:47:03.719 !!! [CE][offlineDB] :: Type 'SlacksPants_Brown' will be ignored. (Type does not exist. (Typo?))
20:47:03.719 !!! [CE][offlineDB] :: Type 'SlacksPants_DarkGrey' will be ignored. (Type does not exist. (Typo?))
20:47:03.719 !!! [CE][offlineDB] :: Type 'SlacksPants_Khaki' will be ignored. (Type does not exist. (Typo?))
20:47:03.719 !!! [CE][offlineDB] :: Type 'SlacksPants_LightGrey' will be ignored. (Type does not exist. (Typo?))
20:47:03.719 !!! [CE][offlineDB] :: Type 'SlacksPants_White' will be ignored. (Type does not exist. (Typo?))
20:47:03.720 !!! [CE][offlineDB] :: Type 'Spear' will be ignored. (Not spawnable. (Scope is not public?))
20:47:03.720 !!! [CE][offlineDB] :: Type 'TShirt_Beige' will be ignored. (Type does not exist. (Typo?))
20:47:03.720 !!! [CE][offlineDB] :: Type 'TShirt_Black' will be ignored. (Type does not exist. (Typo?))
20:47:03.720 !!! [CE][offlineDB] :: Type 'TShirt_Blue' will be ignored. (Type does not exist. (Typo?))
20:47:03.720 !!! [CE][offlineDB] :: Type 'TShirt_Green' will be ignored. (Type does not exist. (Typo?))
20:47:03.720 !!! [CE][offlineDB] :: Type 'TShirt_Grey' will be ignored. (Type does not exist. (Typo?))
20:47:03.720 !!! [CE][offlineDB] :: Type 'TShirt_OrangeWhiteStripes' will be ignored. (Type does not exist. (Typo?))
20:47:03.720 !!! [CE][offlineDB] :: Type 'TShirt_Red' will be ignored. (Type does not exist. (Typo?))
20:47:03.720 !!! [CE][offlineDB] :: Type 'TShirt_RedBlackStripes' will be ignored. (Type does not exist. (Typo?))
20:47:03.720 !!! [CE][offlineDB] :: Type 'TShirt_White' will be ignored. (Type does not exist. (Typo?))
20:47:03.720 !!! [CE][offlineDB] :: Type 'TransitBus' will be ignored. (Type does not exist. (Typo?))
20:47:03.720 !!! [CE][offlineDB] :: Type 'WitchHood_Chainmail_Black' will be ignored. (Type does not exist. (Typo?))
20:47:03.720 !!! [CE][offlineDB] :: Type 'WitchHood_Chainmail_Brown' will be ignored. (Type does not exist. (Typo?))
20:47:03.720 !!! [CE][offlineDB] :: Type 'WitchHood_Chainmail_Red' will be ignored. (Type does not exist. (Typo?))
20:47:03.720 !!! [CE][offlineDB] :: Type 'WolfMask' will be ignored. (Type does not exist. (Typo?))
20:47:03.720 !!! [CE][offlineDB] :: Type 'ttcelticaxe' will be ignored. (Type does not exist. (Typo?))
20:47:03.720 !!! [CE][offlineDB] :: Type 'tantosword' will be ignored. (Type does not exist. (Typo?))
20:47:03.720 !!! [CE][offlineDB] :: Type 'STAG_Flag_Gespiegelt' will be ignored. (Type does not exist. (Typo?))
20:47:03.720 !!! [CE][offlineDB] :: Type 'STAG_Clothing_MountainBag' will be ignored. (Type does not exist. (Typo?))
20:47:03.727 !!! [CE][offlineDB] :: Type 'Expansion_M79' will be ignored. (Not spawnable. (Scope is not public?))
20:47:03.727 !!! [CE][offlineDB] :: Type 'ExpansionFlaregun' will be ignored. (Not spawnable. (Scope is not public?))
20:47:03.727 !!! [CE][offlineDB] :: Type 'Expansion_Longhorn' will be ignored. (Not spawnable. (Scope is not public?))
20:47:03.736 !!! [CE][offlineDB] :: Type 'DOC_Bocchi' will be ignored. (Type does not exist. (Typo?))
20:47:03.736 !!! [CE][offlineDB] :: Type 'DOC_Metallia' will be ignored. (Type does not exist. (Typo?))
20:47:03.736 !!! [CE][offlineDB] :: Type 'DOC_Pedro' will be ignored. (Type does not exist. (Typo?))
20:47:03.736 !!! [CE][offlineDB] :: Type 'DOC_Violet' will be ignored. (Type does not exist. (Typo?))
20:47:03.736 !!! [CE][offlineDB] :: Type 'DOC_42Finger' will be ignored. (Type does not exist. (Typo?))
20:47:03.736 !!! [CE][offlineDB] :: Type 'DOC_Squidward' will be ignored. (Type does not exist. (Typo?))
20:47:03.736 !!! [CE][offlineDB] :: Type 'Armband_DOC_Bocchi' will be ignored. (Type does not exist. (Typo?))
20:47:03.736 !!! [CE][offlineDB] :: Type 'Armband_DOC_Metallia' will be ignored. (Type does not exist. (Typo?))
20:47:03.736 !!! [CE][offlineDB] :: Type 'Armband_DOC_Pedro' will be ignored. (Type does not exist. (Typo?))
20:47:03.736 !!! [CE][offlineDB] :: Type 'Armband_DOC_42FINGERS' will be ignored. (Type does not exist. (Typo?))
20:47:03.736 !!! [CE][offlineDB] :: Type 'Armband_DOC_Violet' will be ignored. (Type does not exist. (Typo?))
20:47:03.736 !!! [CE][offlineDB] :: Type 'Armband_DOC_Squidward' will be ignored. (Type does not exist. (Typo?))
20:47:03.736 !!! [CE][offlineDB] :: Type 'DOC_Jacket_Red42' will be ignored. (Type does not exist. (Typo?))
20:47:03.737 !!! [CE][offlineDB] :: Type 'DOC_Raincoat_Red42' will be ignored. (Type does not exist. (Typo?))
20:47:03.737 !!! [CE][offlineDB] :: Type 'DOC_Jeans_Red42' will be ignored. (Type does not exist. (Typo?))
20:47:03.737 !!! [CE][offlineDB] :: Type 'DOC_ADMIN_BLUE_TOP' will be ignored. (Type does not exist. (Typo?))
20:47:03.737 !!! [CE][offlineDB] :: Type 'DOC_ADMIN_BLUE_BOTTOM' will be ignored. (Type does not exist. (Typo?))
20:47:03.737 !!! [CE][offlineDB] :: Type 'DOC_ADMIN_DOC_TOP' will be ignored. (Type does not exist. (Typo?))
20:47:03.737 !!! [CE][offlineDB] :: Type 'DOC_ADMIDOC_GHILLIE_REDGREY' will be ignored. (Type does not exist. (Typo?))
20:47:03.737 !!! [CE][offlineDB] :: Type 'DOC_GHILLIETOP_REDGREY' will be ignored. (Type does not exist. (Typo?))
20:47:03.737 !!! [CE][offlineDB] :: Type 'DOC_GHILLIE_GUNWRAP_REDGREY' will be ignored. (Type does not exist. (Typo?))
20:47:03.737 !!! [CE][offlineDB] :: Type 'DOC_GHILLIE_BLUEBLACK' will be ignored. (Type does not exist. (Typo?))
20:47:03.737 !!! [CE][offlineDB] :: Type 'DOC_GHILLIE_GUNWRAP_BLUEBLAC' will be ignored. (Type does not exist. (Typo?))
20:47:03.737 !!! [CE][offlineDB] :: Type 'DOC_GHILLIETOP_BLUEBLACK' will be ignored. (Type does not exist. (Typo?))
20:47:03.738 !!! [CE][offlineDB] :: Type 'Airsoft_M4A1' will be ignored. (Type does not exist. (Typo?))
20:47:03.738 !!! [CE][offlineDB] :: Type 'Airsoft_AK' will be ignored. (Type does not exist. (Typo?))
20:47:03.738 !!! [CE][offlineDB] :: Type 'Airsoft_Sniper' will be ignored. (Type does not exist. (Typo?))
20:47:03.738 !!! [CE][offlineDB] :: Type 'Mag_Airsoft_M4' will be ignored. (Type does not exist. (Typo?))
20:47:03.738 !!! [CE][offlineDB] :: Type 'Mag_Airsoft_AK' will be ignored. (Type does not exist. (Typo?))
20:47:03.738 !!! [CE][offlineDB] :: Type 'Ammo_Airsoft762' will be ignored. (Type does not exist. (Typo?))
20:47:03.738 !!! [CE][offlineDB] :: Type 'Ammo_Airsoft556' will be ignored. (Type does not exist. (Typo?))
20:47:03.738 !!! [CE][offlineDB] :: Type 'Ammo_Airsoft308' will be ignored. (Type does not exist. (Typo?))
20:47:03.738 !!! [CE][offlineDB] :: Type 'Prefab_Cabin' will be ignored. (Type does not exist. (Typo?))
20:47:03.739 !!! [CE][offlineDB] :: Type 'Cabin_Kit' will be ignored. (Type does not exist. (Typo?))
20:47:03.739 !!! [CE][offlineDB] :: Type 'Sk_Cabinet' will be ignored. (Type does not exist. (Typo?))
20:47:03.739 !!! [CE][offlineDB] :: Type 'Cabin_Water_Pump' will be ignored. (Type does not exist. (Typo?))
20:47:03.739 !!! [CE][offlineDB] :: Type 'Radioactive_bear_Meat' will be ignored. (Type does not exist. (Typo?))
20:47:03.739 !!! [CE][offlineDB] :: Type 'Radioactive_wolf_Meat' will be ignored. (Type does not exist. (Typo?))
20:47:03.739 !!! [CE][offlineDB] :: Type 'DXMediumTent_1' will be ignored. (Type does not exist. (Typo?))
20:47:03.739 !!! [CE][offlineDB] :: Type 'DXMediumTent_2' will be ignored. (Type does not exist. (Typo?))
20:47:03.739 !!! [CE][offlineDB] :: Type 'DXMediumTent_3' will be ignored. (Type does not exist. (Typo?))
20:47:03.739 !!! [CE][offlineDB] :: Type 'DXMediumTent_4' will be ignored. (Type does not exist. (Typo?))
20:47:03.739 !!! [CE][offlineDB] :: Type 'DXMediumTent_5' will be ignored. (Type does not exist. (Typo?))
20:47:03.739 !!! [CE][offlineDB] :: Type 'DXMediumTent_6' will be ignored. (Type does not exist. (Typo?))
20:47:03.739 !!! [CE][offlineDB] :: Type 'DXMediumTent_7' will be ignored. (Type does not exist. (Typo?))
20:47:03.739 !!! [CE][offlineDB] :: Type 'DXMediumTent_8' will be ignored. (Type does not exist. (Typo?))
20:47:03.740 !!! [CE][offlineDB] :: Type 'DXMediumTent_9' will be ignored. (Type does not exist. (Typo?))
20:47:03.740 !!! [CE][offlineDB] :: Type 'DXMediumTent_10' will be ignored. (Type does not exist. (Typo?))
20:47:03.740 !!! [CE][offlineDB] :: Type 'DXMediumTent_11' will be ignored. (Type does not exist. (Typo?))
20:47:03.740 !!! [CE][offlineDB] :: Type 'SWAT_Pants' will be ignored. (Type does not exist. (Typo?))
20:47:03.740 !!! [CE][offlineDB] :: Type 'SWAT_Balaclava' will be ignored. (Type does not exist. (Typo?))
20:47:03.740 !!! [CE][offlineDB] :: Type 'SWAT_Gloves' will be ignored. (Type does not exist. (Typo?))
20:47:03.740 !!! [CE][offlineDB] :: Type 'SWAT_Goggles' will be ignored. (Type does not exist. (Typo?))
20:47:03.740 !!! [CE][offlineDB] :: Type 'SWAT_Shirt' will be ignored. (Type does not exist. (Typo?))
20:47:03.740 !!! [CE][offlineDB] :: Type 'SWAT_Vest' will be ignored. (Type does not exist. (Typo?))
20:47:03.740 !!! [CE][offlineDB] :: Type 'SWAT_Helmet' will be ignored. (Type does not exist. (Typo?))
20:47:03.740 !!! [CE][offlineDB] :: Type 'RFSolarPanel' will be ignored. (Type does not exist. (Typo?))
20:47:03.740 !!! [CE][offlineDB] :: Type 'RFSolarPanelKit' will be ignored. (Type does not exist. (Typo?))
20:47:03.740 !!! [CE][offlineDB] :: Type 'MVS_Combat_Vest_Black_Camo_Bunker' will be ignored. (Type does not exist. (Typo?))
20:47:03.741 !!! [CE][offlineDB] :: Type 'MVS_Combat_Vest_Black_Camo2_Bunker' will be ignored. (Type does not exist. (Typo?))
20:47:03.741 !!! [CE][offlineDB] :: Type 'MVS_Combat_Vest_Camo_Orange_Bunker' will be ignored. (Type does not exist. (Typo?))
20:47:03.741 !!! [CE][offlineDB] :: Type 'MVS_Combat_Vest_Camo_Tigr_Bunker' will be ignored. (Type does not exist. (Typo?))
20:47:03.741 !!! [CE][offlineDB] :: Type 'MVS_Combat_Vest_ELRD_Camo' will be ignored. (Type does not exist. (Typo?))
20:47:03.741 !!! [CE][offlineDB] :: Type 'MVS_Combat_Vest_Green_Camo_Bunker' will be ignored. (Type does not exist. (Typo?))
20:47:03.741 !!! [CE][offlineDB] :: Type 'MVS_Magazine_Pouch_Black_Camo_Bunker' will be ignored. (Type does not exist. (Typo?))
20:47:03.741 !!! [CE][offlineDB] :: Type 'MVS_Magazine_Pouch_Black_Camo2_Bunker' will be ignored. (Type does not exist. (Typo?))
20:47:03.741 !!! [CE][offlineDB] :: Type 'MVS_Magazine_Pouch_Camo_Orange_Bunker' will be ignored. (Type does not exist. (Typo?))
20:47:03.741 !!! [CE][offlineDB] :: Type 'MVS_Magazine_Pouch_Camo_Tigr_Bunker' will be ignored. (Type does not exist. (Typo?))
20:47:03.741 !!! [CE][offlineDB] :: Type 'MVS_Magazine_Pouch_ELRD_Camo_Bunker' will be ignored. (Type does not exist. (Typo?))
20:47:03.742 !!! [CE][offlineDB] :: Type 'MVS_Magazine_Pouch_Green_Camo_Bunker' will be ignored. (Type does not exist. (Typo?))
20:47:03.742 !!! [CE][offlineDB] :: Type 'MVS_Admin_Pouch_Black_Camo_Bunker' will be ignored. (Type does not exist. (Typo?))
20:47:03.742 !!! [CE][offlineDB] :: Type 'MVS_Admin_Pouch_Black_Camo2_Bunker' will be ignored. (Type does not exist. (Typo?))
20:47:03.742 !!! [CE][offlineDB] :: Type 'MVS_Admin_Pouch_Camo_Orange_Bunker' will be ignored. (Type does not exist. (Typo?))
20:47:03.742 !!! [CE][offlineDB] :: Type 'MVS_Admin_Pouch_Camo_Tigr_Bunker' will be ignored. (Type does not exist. (Typo?))
20:47:03.742 !!! [CE][offlineDB] :: Type 'MVS_Admin_Pouch_ELRD_Camo_Bunker' will be ignored. (Type does not exist. (Typo?))
20:47:03.742 !!! [CE][offlineDB] :: Type 'MVS_Admin_Pouch_Green_Camo_Bunker' will be ignored. (Type does not exist. (Typo?))
20:47:03.742 !!! [CE][offlineDB] :: Type 'MVS_Utility_Pouch_Black_Camo_Bunker' will be ignored. (Type does not exist. (Typo?))
20:47:03.742 !!! [CE][offlineDB] :: Type 'MVS_Utility_Pouch_Black_Camo2_Bunker' will be ignored. (Type does not exist. (Typo?))
20:47:03.742 !!! [CE][offlineDB] :: Type 'MVS_Utility_Pouch_Camo_Orange_Bunker' will be ignored. (Type does not exist. (Typo?))
20:47:03.742 !!! [CE][offlineDB] :: Type 'MVS_Utility_Pouch_Camo_Tigr_Bunker' will be ignored. (Type does not exist. (Typo?))
20:47:03.742 !!! [CE][offlineDB] :: Type 'MVS_Utility_Pouch_ELRD_Camo_Bunker' will be ignored. (Type does not exist. (Typo?))
20:47:03.742 !!! [CE][offlineDB] :: Type 'MVS_Utility_Pouch_Green_Camo_Bunker' will be ignored. (Type does not exist. (Typo?))
20:47:03.742 !!! [CE][offlineDB] :: Type 'MVS_Medical_Pouch_Camo_Orange_Bunker' will be ignored. (Type does not exist. (Typo?))
20:47:03.742 !!! [CE][offlineDB] :: Type 'MVS_Medical_Pouch_Camo_Tigr_Bunker' will be ignored. (Type does not exist. (Typo?))
20:47:03.742 !!! [CE][offlineDB] :: Type 'MVS_Medical_Pouch_ELRD_Camo_Bunker' will be ignored. (Type does not exist. (Typo?))
20:47:03.742 !!! [CE][offlineDB] :: Type 'MVS_Pack_Black_Camo_Bunker' will be ignored. (Type does not exist. (Typo?))
20:47:03.742 !!! [CE][offlineDB] :: Type 'MVS_Pack_Black_Camo2_Bunker' will be ignored. (Type does not exist. (Typo?))
20:47:03.742 !!! [CE][offlineDB] :: Type 'MVS_Pack_Camo_Orange_Bunker' will be ignored. (Type does not exist. (Typo?))
20:47:03.742 !!! [CE][offlineDB] :: Type 'MVS_Pack_Camo_Tigr_Bunker' will be ignored. (Type does not exist. (Typo?))
20:47:03.742 !!! [CE][offlineDB] :: Type 'MVS_Pack_ELRD_Camo_Bunker' will be ignored. (Type does not exist. (Typo?))
20:47:03.742 !!! [CE][offlineDB] :: Type 'MVS_Pack_Green_Camo_Bunker' will be ignored. (Type does not exist. (Typo?))
20:47:03.742 !!! [CE][offlineDB] :: Type 'MVS_Combat_Vest_Heavy_Black_Camo_Bunker' will be ignored. (Type does not exist. (Typo?))
20:47:03.743 !!! [CE][offlineDB] :: Type 'MVS_Combat_Vest_Heavy_Black_Camo2_Bunker' will be ignored. (Type does not exist. (Typo?))
20:47:03.743 !!! [CE][offlineDB] :: Type 'MVS_Combat_Vest_Heavy_Camo_Orange_Bunker' will be ignored. (Type does not exist. (Typo?))
20:47:03.743 !!! [CE][offlineDB] :: Type 'MVS_Combat_Vest_Heavy_Camo_Tigr_Bunker' will be ignored. (Type does not exist. (Typo?))
20:47:03.743 !!! [CE][offlineDB] :: Type 'MVS_Combat_Vest_Heavy_ELRD_Camo_Bunker' will be ignored. (Type does not exist. (Typo?))
20:47:03.743 !!! [CE][offlineDB] :: Type 'MVS_Combat_Vest_Heavy_Green_Camo_Bunker' will be ignored. (Type does not exist. (Typo?))
20:47:03.743 !!! [CE][offlineDB] :: Type 'MVS_Taco_Pouch_Black_Camo_Bunker' will be ignored. (Type does not exist. (Typo?))
20:47:03.743 !!! [CE][offlineDB] :: Type 'MVS_Taco_Pouch_Black_Camo2_Bunker' will be ignored. (Type does not exist. (Typo?))
20:47:03.743 !!! [CE][offlineDB] :: Type 'MVS_Taco_Pouch_Camo_Orange_Bunker' will be ignored. (Type does not exist. (Typo?))
20:47:03.743 !!! [CE][offlineDB] :: Type 'MVS_Taco_Pouch_Camo_Tigr_Bunker' will be ignored. (Type does not exist. (Typo?))
20:47:03.743 !!! [CE][offlineDB] :: Type 'MVS_Taco_Pouch_ELRD_Camo_Bunker' will be ignored. (Type does not exist. (Typo?))
20:47:03.743 !!! [CE][offlineDB] :: Type 'MVS_Taco_Pouch_Green_Camo_Bunker' will be ignored. (Type does not exist. (Typo?))
20:47:03.744 !!! [CE][offlineDB] :: Type 'MVS_Pakol_Comtac' will be ignored. (Type does not exist. (Typo?))
20:47:03.744 !!! [CE][offlineDB] :: Type 'MVS_canteen_Black_Camo_Bunker' will be ignored. (Type does not exist. (Typo?))
20:47:03.744 !!! [CE][offlineDB] :: Type 'MVS_canteen_Black_Camo2_Bunker' will be ignored. (Type does not exist. (Typo?))
20:47:03.744 !!! [CE][offlineDB] :: Type 'MVS_canteen_Camp_Orange' will be ignored. (Type does not exist. (Typo?))
20:47:03.744 !!! [CE][offlineDB] :: Type 'MVS_canteen_Camo_Tigr_Bunker' will be ignored. (Type does not exist. (Typo?))
20:47:03.744 !!! [CE][offlineDB] :: Type 'MVS_canteen_ELRD_Camo_Bunker' will be ignored. (Type does not exist. (Typo?))
20:47:03.744 !!! [CE][offlineDB] :: Type 'MVS_canteen_Green_Camo_Bunker' will be ignored. (Type does not exist. (Typo?))
20:47:03.744 !!! [CE][offlineDB] :: Type 'MVS_OpsCore_Black_Camo_Bunker' will be ignored. (Type does not exist. (Typo?))
20:47:03.744 !!! [CE][offlineDB] :: Type 'MVS_OpsCore_Black_Camo2_Bunker' will be ignored. (Type does not exist. (Typo?))
20:47:03.745 !!! [CE][offlineDB] :: Type 'MVS_OpsCore_Camo_Orange_Bunker' will be ignored. (Type does not exist. (Typo?))
20:47:03.745 !!! [CE][offlineDB] :: Type 'MVS_OpsCore_Camo_Tigr_Bunker' will be ignored. (Type does not exist. (Typo?))
20:47:03.745 !!! [CE][offlineDB] :: Type 'MVS_OpsCore_ELRD_Camo_Bunker' will be ignored. (Type does not exist. (Typo?))
20:47:03.745 !!! [CE][offlineDB] :: Type 'MVS_OpsCore_Green_Camo_Bunker' will be ignored. (Type does not exist. (Typo?))
20:47:03.745 !!! [CE][offlineDB] :: Type 'MVS_GorkaPants' will be ignored. (Type does not exist. (Typo?))
20:47:03.745 !!! [CE][offlineDB] :: Type 'MVS_GorkaPants_Snow' will be ignored. (Type does not exist. (Typo?))
20:47:03.745 !!! [CE][offlineDB] :: Type 'MVS_ArmoredHelmet_Black_Camo_Bunker' will be ignored. (Type does not exist. (Typo?))
20:47:03.745 !!! [CE][offlineDB] :: Type 'MVS_ArmoredHelmet_Black_Camo2_Bunker' will be ignored. (Type does not exist. (Typo?))
20:47:03.745 !!! [CE][offlineDB] :: Type 'MVS_ArmoredHelmet_Camo_Orange_Bunker' will be ignored. (Type does not exist. (Typo?))
20:47:03.745 !!! [CE][offlineDB] :: Type 'MVS_ArmoredHelmet_Camo_Tigr_Bunker' will be ignored. (Type does not exist. (Typo?))
20:47:03.745 !!! [CE][offlineDB] :: Type 'MVS_ArmoredHelmet_ELRD_Camo_Bunker' will be ignored. (Type does not exist. (Typo?))
20:47:03.745 !!! [CE][offlineDB] :: Type 'MVS_ArmoredHelmet_Green_Camo_Bunker' will be ignored. (Type does not exist. (Typo?))
20:47:03.745 !!! [CE][offlineDB] :: Type 'MVS_Rucksack_Black_Camo_Bunker' will be ignored. (Type does not exist. (Typo?))
20:47:03.745 !!! [CE][offlineDB] :: Type 'MVS_Rucksack_Black_Camo2_Bunker' will be ignored. (Type does not exist. (Typo?))
20:47:03.745 !!! [CE][offlineDB] :: Type 'MVS_Rucksack_Camo_Orange_Bunker' will be ignored. (Type does not exist. (Typo?))
20:47:03.745 !!! [CE][offlineDB] :: Type 'MVS_Rucksack_Camo_Tigr_Bunker' will be ignored. (Type does not exist. (Typo?))
20:47:03.745 !!! [CE][offlineDB] :: Type 'MVS_Rucksack_ELRD_Camo_Bunker' will be ignored. (Type does not exist. (Typo?))
20:47:03.745 !!! [CE][offlineDB] :: Type 'MVS_Rucksack_Green_Camo_Bunker' will be ignored. (Type does not exist. (Typo?))
20:47:03.745 !!! [CE][offlineDB] :: Type 'MVS_Compact_1_Black_Camo_Bunker' will be ignored. (Type does not exist. (Typo?))
20:47:03.745 !!! [CE][offlineDB] :: Type 'MVS_Compact_1_Black_Camo2_Bunker' will be ignored. (Type does not exist. (Typo?))
20:47:03.745 !!! [CE][offlineDB] :: Type 'MVS_Compact_1_Camo_Orange_Bunker' will be ignored. (Type does not exist. (Typo?))
20:47:03.745 !!! [CE][offlineDB] :: Type 'MVS_Compact_1_Camo_Tigr_Bunker' will be ignored. (Type does not exist. (Typo?))
20:47:03.745 !!! [CE][offlineDB] :: Type 'MVS_Compact_1_ELRD_Camo_Bunker' will be ignored. (Type does not exist. (Typo?))
20:47:03.745 !!! [CE][offlineDB] :: Type 'MVS_Compact_1_Green_Camo_Bunker' will be ignored. (Type does not exist. (Typo?))
20:47:03.745 !!! [CE][offlineDB] :: Type 'MVS_Compact_2_Black_Camo_Bunker' will be ignored. (Type does not exist. (Typo?))
20:47:03.745 !!! [CE][offlineDB] :: Type 'MVS_Compact_2_Black_Camo2_Bunker' will be ignored. (Type does not exist. (Typo?))
20:47:03.745 !!! [CE][offlineDB] :: Type 'MVS_Compact_2_Camo_Orange_Bunker' will be ignored. (Type does not exist. (Typo?))
20:47:03.745 !!! [CE][offlineDB] :: Type 'MVS_Compact_2_Camo_Tigr_Bunker' will be ignored. (Type does not exist. (Typo?))
20:47:03.745 !!! [CE][offlineDB] :: Type 'MVS_Compact_2_ELRD_Camo_Bunker' will be ignored. (Type does not exist. (Typo?))
20:47:03.745 !!! [CE][offlineDB] :: Type 'MVS_Compact_2_Green_Camo_Bunker' will be ignored. (Type does not exist. (Typo?))
20:47:03.745 !!! [CE][offlineDB] :: Type 'MVS_ChestRig_Black_Camo_Bunker' will be ignored. (Type does not exist. (Typo?))
20:47:03.745 !!! [CE][offlineDB] :: Type 'MVS_ChestRig_Black_Camo2_Bunker' will be ignored. (Type does not exist. (Typo?))
20:47:03.745 !!! [CE][offlineDB] :: Type 'MVS_ChestRig_Camo_Orange_Bunker' will be ignored. (Type does not exist. (Typo?))
20:47:03.745 !!! [CE][offlineDB] :: Type 'MVS_ChestRig_Camo_Tigr_Bunker' will be ignored. (Type does not exist. (Typo?))
20:47:03.745 !!! [CE][offlineDB] :: Type 'MVS_ChestRig_ELRD_Camo_Bunker' will be ignored. (Type does not exist. (Typo?))
20:47:03.745 !!! [CE][offlineDB] :: Type 'MVS_ChestRig_Green_Camo_Bunker' will be ignored. (Type does not exist. (Typo?))
20:47:03.745 !!! [CE][offlineDB] :: Type 'MVS_Balaclava_Wraith_Comtacs' will be ignored. (Type does not exist. (Typo?))
20:47:03.745 !!! [CE][offlineDB] :: Type 'MVS_GorkaPants_Multicam' will be ignored. (Type does not exist. (Typo?))
20:47:03.745 !!! [CE][offlineDB] :: Type 'MVS_GorkaPants_Multicam_Tropic' will be ignored. (Type does not exist. (Typo?))
20:47:03.745 !!! [CE][offlineDB] :: Type 'MVS_GorkaPants_Multicam_Black' will be ignored. (Type does not exist. (Typo?))
20:47:03.745 !!! [CE][offlineDB] :: Type 'MVS_Assault_Pack_Black_Camo_Bunker' will be ignored. (Type does not exist. (Typo?))
20:47:03.745 !!! [CE][offlineDB] :: Type 'MVS_Assault_Pack_Black_Camo2_Bunker' will be ignored. (Type does not exist. (Typo?))
20:47:03.745 !!! [CE][offlineDB] :: Type 'MVS_Assault_Pack_Camo_Orange_Bunker' will be ignored. (Type does not exist. (Typo?))
20:47:03.745 !!! [CE][offlineDB] :: Type 'MVS_Assault_Pack_Camo_Tigr_Bunker' will be ignored. (Type does not exist. (Typo?))
20:47:03.745 !!! [CE][offlineDB] :: Type 'MVS_Assault_Pack_ELRD_Camo_Bunker' will be ignored. (Type does not exist. (Typo?))
20:47:03.745 !!! [CE][offlineDB] :: Type 'MVS_Assault_Pack_Green_Camo_Bunker' will be ignored. (Type does not exist. (Typo?))
20:47:03.745 !!! [CE][offlineDB] :: Type 'MVS_CombatPants_Black_Camo_Bunker' will be ignored. (Type does not exist. (Typo?))
20:47:03.745 !!! [CE][offlineDB] :: Type 'MVS_CombatPants_Black_Camo2_Bunker' will be ignored. (Type does not exist. (Typo?))
20:47:03.745 !!! [CE][offlineDB] :: Type 'MVS_CombatPants_Camo_Orange_Bunker' will be ignored. (Type does not exist. (Typo?))
20:47:03.745 !!! [CE][offlineDB] :: Type 'MVS_CombatPants_Camo_Tigr_Bunker' will be ignored. (Type does not exist. (Typo?))
20:47:03.745 !!! [CE][offlineDB] :: Type 'MVS_CombatPants_ELRD_Camo_Bunker' will be ignored. (Type does not exist. (Typo?))
20:47:03.745 !!! [CE][offlineDB] :: Type 'MVS_CombatPants_Green_Camo_Bunker' will be ignored. (Type does not exist. (Typo?))
20:47:03.745 !!! [CE][offlineDB] :: Type 'MVS_CombatShirt_Black_Camo_Bunker' will be ignored. (Type does not exist. (Typo?))
20:47:03.745 !!! [CE][offlineDB] :: Type 'MVS_CombatShirt_Black_Camo2_Bunker' will be ignored. (Type does not exist. (Typo?))
20:47:03.745 !!! [CE][offlineDB] :: Type 'MVS_CombatShirt_Camo_Orange_Bunker' will be ignored. (Type does not exist. (Typo?))
20:47:03.745 !!! [CE][offlineDB] :: Type 'MVS_CombatShirt_Camo_Tigr_Bunker' will be ignored. (Type does not exist. (Typo?))
20:47:03.745 !!! [CE][offlineDB] :: Type 'MVS_CombatShirt_ELRD_Camo_Bunker' will be ignored. (Type does not exist. (Typo?))
20:47:03.745 !!! [CE][offlineDB] :: Type 'MVS_CombatShirt_Green_Camo_Bunker' will be ignored. (Type does not exist. (Typo?))
20:47:03.745 !!! [CE][offlineDB] :: Type 'MVS_Molle_Panel_Black_Camo_Bunker' will be ignored. (Type does not exist. (Typo?))
20:47:03.745 !!! [CE][offlineDB] :: Type 'MVS_Molle_Panel_Black_Camo2_Bunker' will be ignored. (Type does not exist. (Typo?))
20:47:03.745 !!! [CE][offlineDB] :: Type 'MVS_Molle_Panel_Camo_Orange_Bunker' will be ignored. (Type does not exist. (Typo?))
20:47:03.745 !!! [CE][offlineDB] :: Type 'MVS_Molle_Panel_Camo_Tigr_Bunker' will be ignored. (Type does not exist. (Typo?))
20:47:03.745 !!! [CE][offlineDB] :: Type 'MVS_Molle_Panel_ELRD_Camo_Bunker' will be ignored. (Type does not exist. (Typo?))
20:47:03.745 !!! [CE][offlineDB] :: Type 'MVS_Molle_Panel_Green_Camo_Bunker' will be ignored. (Type does not exist. (Typo?))
20:47:03.745 !!! [CE][offlineDB] :: Type 'MVS_6B47_Helmet_Black_Camo_Bunker' will be ignored. (Type does not exist. (Typo?))
20:47:03.745 !!! [CE][offlineDB] :: Type 'MVS_6B47_Helmet_Black_Camo2_Bunker' will be ignored. (Type does not exist. (Typo?))
20:47:03.745 !!! [CE][offlineDB] :: Type 'MVS_6B47_Helmet_Camo_Orange_Bunker' will be ignored. (Type does not exist. (Typo?))
20:47:03.745 !!! [CE][offlineDB] :: Type 'MVS_6B47_Helmet_Camo_Tigr_Bunker' will be ignored. (Type does not exist. (Typo?))
20:47:03.745 !!! [CE][offlineDB] :: Type 'MVS_6B47_Helmet_ELRD_Camo_Bunker' will be ignored. (Type does not exist. (Typo?))
20:47:03.745 !!! [CE][offlineDB] :: Type 'MVS_6B47_Helmet_Green_Camo_Bunker' will be ignored. (Type does not exist. (Typo?))
20:47:03.745 !!! [CE][offlineDB] :: Type 'MVS_Helmet_02_Black_Camo_Bunker' will be ignored. (Type does not exist. (Typo?))
20:47:03.745 !!! [CE][offlineDB] :: Type 'MVS_Helmet_02_Black_Camo_Bunker2' will be ignored. (Type does not exist. (Typo?))
20:47:03.745 !!! [CE][offlineDB] :: Type 'MVS_Helmet_02_Camo_Orange_Bunker' will be ignored. (Type does not exist. (Typo?))
20:47:03.745 !!! [CE][offlineDB] :: Type 'MVS_Helmet_02_Camo_Tigr_Bunker' will be ignored. (Type does not exist. (Typo?))
20:47:03.745 !!! [CE][offlineDB] :: Type 'MVS_Helmet_02_ELRD_Camo_Bunker' will be ignored. (Type does not exist. (Typo?))
20:47:03.745 !!! [CE][offlineDB] :: Type 'MVS_Helmet_02_Green_Camo_Bunker' will be ignored. (Type does not exist. (Typo?))
20:47:03.745 !!! [CE][offlineDB] :: Type 'MVS_SlingPack_Black_Camo_Bunker' will be ignored. (Type does not exist. (Typo?))
20:47:03.745 !!! [CE][offlineDB] :: Type 'MVS_SlingPack_Black_Camo2_Bunker' will be ignored. (Type does not exist. (Typo?))
20:47:03.745 !!! [CE][offlineDB] :: Type 'MVS_SlingPack_Camo_Orange_Bunker' will be ignored. (Type does not exist. (Typo?))
20:47:03.745 !!! [CE][offlineDB] :: Type 'MVS_SlingPack_Camo_Tigr_Bunker' will be ignored. (Type does not exist. (Typo?))
20:47:03.745 !!! [CE][offlineDB] :: Type 'MVS_SlingPack_ELRD_Camo_Bunker' will be ignored. (Type does not exist. (Typo?))
20:47:03.745 !!! [CE][offlineDB] :: Type 'MVS_SlingPack_Green_Camo_Bunker' will be ignored. (Type does not exist. (Typo?))
20:47:03.745 !!! [CE][offlineDB] :: Type 'mouse_grey_flag' will be ignored. (Type does not exist. (Typo?))
20:47:03.745 !!! [CE][offlineDB] :: Type 'toxic_green' will be ignored. (Type does not exist. (Typo?))
20:47:03.745 !!! [CE][offlineDB] :: Type 'FBF_Torch' will be ignored. (Not spawnable. (Scope is not public?))
20:47:03.745 !!! [CE][offlineDB] :: Type 'FBF_LongTorch' will be ignored. (Not spawnable. (Scope is not public?))
20:47:03.745 !!! [CE][offlineDB] :: Type 'FBF_AreaLight_White' will be ignored. (Not spawnable. (Scope is not public?))
20:47:03.745 !!! [CE][offlineDB] :: Type 'FBF_AreaLight_Warm' will be ignored. (Not spawnable. (Scope is not public?))
20:47:03.745 !!! [CE][offlineDB] :: Type 'FBF_CustomAreaLight_1' will be ignored. (Not spawnable. (Scope is not public?))
20:47:03.745 !!! [CE][offlineDB] :: Type 'FBF_CustomAreaLight_2' will be ignored. (Not spawnable. (Scope is not public?))
20:47:03.745 !!! [CE][offlineDB] :: Type 'FBF_CustomAreaLight_3' will be ignored. (Not spawnable. (Scope is not public?))
20:47:03.745 !!! [CE][offlineDB] :: Type 'FBF_CustomAreaLight_4' will be ignored. (Not spawnable. (Scope is not public?))
20:47:03.745 !!! [CE][offlineDB] :: Type 'FBF_CustomAreaLight_5' will be ignored. (Not spawnable. (Scope is not public?))
20:47:03.745 !!! [CE][offlineDB] :: Type 'bs_cartman' will be ignored. (Type does not exist. (Typo?))
20:47:03.745 !!! [CE][offlineDB] :: Type 'bs_gratefuldead' will be ignored. (Type does not exist. (Typo?))
20:47:03.745 !!! [CE][offlineDB] :: Type 'bs_meatloaf' will be ignored. (Type does not exist. (Typo?))
20:47:03.745 !!! [CE][offlineDB] :: Type 'bs_nirvana' will be ignored. (Type does not exist. (Typo?))
20:47:03.745 !!! [CE][offlineDB] :: Type 'bs_skynyrd' will be ignored. (Type does not exist. (Typo?))
20:47:03.745 !!! [CE][offlineDB] :: Type 'bs_starbucks' will be ignored. (Type does not exist. (Typo?))
20:47:03.745 !!! [CE][offlineDB] :: Type 'bs_sublime' will be ignored. (Type does not exist. (Typo?))
20:47:03.745 !!! [CE][offlineDB] :: Type 'bs_billmurray' will be ignored. (Type does not exist. (Typo?))
20:47:03.745 !!! [CE][offlineDB] :: Type 'bs_blackflag' will be ignored. (Type does not exist. (Typo?))
20:47:03.745 !!! [CE][offlineDB] :: Type 'bs_cbgb' will be ignored. (Type does not exist. (Typo?))
20:47:03.745 !!! [CE][offlineDB] :: Type 'bs_illuminati1' will be ignored. (Type does not exist. (Typo?))
20:47:03.745 !!! [CE][offlineDB] :: Type 'bs_johndenver' will be ignored. (Type does not exist. (Typo?))
20:47:03.745 !!! [CE][offlineDB] :: Type 'bs_joydivision' will be ignored. (Type does not exist. (Typo?))
20:47:03.745 !!! [CE][offlineDB] :: Type 'bs_nin' will be ignored. (Type does not exist. (Typo?))
20:47:03.745 !!! [CE][offlineDB] :: Type 'bs_zero' will be ignored. (Type does not exist. (Typo?))
20:47:03.746 !!! [CE][offlineDB] :: Type 'bs_volcom' will be ignored. (Type does not exist. (Typo?))
20:47:03.746 !!! [CE][offlineDB] :: Type 'bs_ironmaiden' will be ignored. (Type does not exist. (Typo?))
20:47:03.746 !!! [CE][offlineDB] :: Type 'bs_lateralus' will be ignored. (Type does not exist. (Typo?))
20:47:03.746 !!! [CE][offlineDB] :: Type 'bs_ledzeppelin' will be ignored. (Type does not exist. (Typo?))
20:47:03.746 !!! [CE][offlineDB] :: Type 'bs_nickcage' will be ignored. (Type does not exist. (Typo?))
20:47:03.746 !!! [CE][offlineDB] :: Type 'bs_opeth' will be ignored. (Type does not exist. (Typo?))
20:47:03.746 !!! [CE][offlineDB] :: Type 'bs_scarface' will be ignored. (Type does not exist. (Typo?))
20:47:03.746 !!! [CE][offlineDB] :: Type 'bs_syl' will be ignored. (Type does not exist. (Typo?))
20:47:03.746 !!! [CE][offlineDB] :: Type 'bs_tyrone' will be ignored. (Type does not exist. (Typo?))
20:47:03.746 !!! [CE][offlineDB] :: Type 'bs_worstshirt' will be ignored. (Type does not exist. (Typo?))
20:47:03.746 !!! [CE][offlineDB] :: Type 'MoreDoorVault' will be ignored. (Type does not exist. (Typo?))
20:47:03.746 !!! [CE][offlineDB] :: Type 'MoreDoorSmall' will be ignored. (Type does not exist. (Typo?))
20:47:03.746 !!! [CE][offlineDB] :: Type 'MoreDoorSmallShanty' will be ignored. (Type does not exist. (Typo?))
20:47:03.746 !!! [CE][offlineDB] :: Type 'MoreDoorSmallMetal' will be ignored. (Type does not exist. (Typo?))
20:47:03.746 !!! [CE][offlineDB] :: Type 'MoreDoorVaultKit' will be ignored. (Type does not exist. (Typo?))
20:47:03.746 !!! [CE][offlineDB] :: Type 'MoreDoorSmallKit' will be ignored. (Type does not exist. (Typo?))
20:47:03.746 !!! [CE][offlineDB] :: Type 'MoreDoorSmallMetalKit' will be ignored. (Type does not exist. (Typo?))
20:47:03.746 !!! [CE][offlineDB] :: Type 'MoreDoorSmallShantyKit' will be ignored. (Type does not exist. (Typo?))
20:47:03.746 !!! [CE][offlineDB] :: Type 'MoreDoorSafe' will be ignored. (Type does not exist. (Typo?))
20:47:03.746 !!! [CE][offlineDB] :: Type 'TacSatRadio' will be ignored. (Type does not exist. (Typo?))
20:47:03.747 !!! [CE][offlineDB] :: Wrong xml format of types file 'ModTypes/42MADocsGuns/types.xml'.
20:47:03.748 !!! [CE][offlineDB] :: Wrong xml format of types file 'ModTypes/42MADocsTextures/types.xml'.
20:47:03.748 !!! File "DZ\worlds\chernarusplus\ce\ModTypes/442MAVanillaClothing/types.xml" does not exist...
20:47:03.749 !!! [ERROR][XML] :: load [DZ\worlds\chernarusplus\ce\ModTypes/442MAVanillaClothing/types.xml] failed
20:47:03.749 !!! [ERROR][XML] :: Failed to open file
20:47:03.749 !!! [CE][offlineDB] :: Failed to read types file 'ModTypes/442MAVanillaClothing/types.xml'.
20:47:03.753 !!! [CE][offlineDB] :: Type 'GCGN_Vityaz_30Rnd' will be ignored. (Type does not exist. (Typo?))
20:47:03.753 !!! [CE][offlineDB] :: Type 'SNAFU_556_Barrel10' will be ignored. (Not spawnable. (Scope is not public?))
20:47:03.753 !!! [CE][offlineDB] :: Type 'SNAFU_556_Barrel14_DV' will be ignored. (Not spawnable. (Scope is not public?))
20:47:03.753 !!! [CE][offlineDB] :: Type 'SNAFU_556_Barrel14' will be ignored. (Not spawnable. (Scope is not public?))
20:47:03.753 !!! [CE][offlineDB] :: Type 'SNAFU_556_Barrel16' will be ignored. (Not spawnable. (Scope is not public?))
20:47:03.754 !!! [CE][offlineDB] :: Type 'SNAFU_Bipod' will be ignored. (Type does not exist. (Typo?))
20:47:03.754 !!! [CE][offlineDB] :: Type 'GCGN_M1Garand_FH' will be ignored. (Type does not exist. (Typo?))
20:47:03.754 !!! [CE][offlineDB] :: Type 'GCGN_M1Garand_Muzzle' will be ignored. (Type does not exist. (Typo?))
20:47:03.754 !!! [CE][offlineDB] :: Type 'SNAFU_30mm_Mount_Base' will be ignored. (Not spawnable. (Scope is not public?))
20:47:03.754 !!! [CE][offlineDB] :: Type 'SNAFU_AKEOTech_EXPS' will be ignored. (Type does not exist. (Typo?))
20:47:03.755 !!! [CE][offlineDB] :: Type 'SNAFU_EOTech_EXPS' will be ignored. (Type does not exist. (Typo?))
20:47:03.755 !!! [CE][offlineDB] :: Type 'SNAFU_Kabar_BK' will be ignored. (Type does not exist. (Typo?))
20:47:03.759 !!! [CE] :: Unknown usage: 'TempleCore'.
20:47:03.759 !!! [CE] :: Unknown usage: 'TempleCore'.
20:47:03.759 !!! [CE] :: Unknown usage: 'TempleCore'.
20:47:03.903 !!! [CE][DE][SPAWNS] :: [WARNING] :: Skipping entry for non-existing event 'VehicleTransitBus'.
20:47:03.903 !!! [CE][DE][SPAWNS] :: [WARNING] :: Skipping entry for non-existing event 'AnimalDeer'.
20:47:03.903 !!! [CE][DE][SPAWNS] :: [WARNING] :: Skipping entry for non-existing event 'AnimalCow'.
20:47:03.903 !!! [CE][DE][SPAWNS] :: [WARNING] :: Skipping entry for non-existing event 'AnimalSheep'.
20:47:03.904 !!! [CE][DE][SPAWNS] :: [WARNING] :: Skipping entry for non-existing event 'AnimalRoeDeer'.
20:47:03.904 !!! [CE][DE][SPAWNS] :: [WARNING] :: Skipping entry for non-existing event 'AnimalWildBoar'.
20:47:03.904 [CE][DE][SPAWNS] :: Total positions: 713
20:47:03.904 [CE][DE][GROUPS] :: Total eventgroups defined: 83, Eventgroups in use: 0
20:47:03.905 [CE][Storage] ver:21 stamp:842, valid:yes, name:"C:\Users\rylic\OneDrive\Desktop\Expansion-Dev-Server-Deer-Isle\mpmissions\empty.deerisle\storage_1\data\events.bin"
20:47:03.905 [CE][Storage] ver:21 stamp:839, valid:yes, name:"C:\Users\rylic\OneDrive\Desktop\Expansion-Dev-Server-Deer-Isle\mpmissions\empty.deerisle\storage_1\data\events.001"
20:47:03.906 [CE][Storage] ver:21 stamp:840, valid:yes, name:"C:\Users\rylic\OneDrive\Desktop\Expansion-Dev-Server-Deer-Isle\mpmissions\empty.deerisle\storage_1\data\events.002"
20:47:03.906 [CE][Storage] Restoring file "C:\Users\rylic\OneDrive\Desktop\Expansion-Dev-Server-Deer-Isle\mpmissions\empty.deerisle\storage_1\data\events.bin".
20:47:03.906 [CE][DynamicEvent] Load  Events:[62] Primary spawners: 62 Secondary spawners: 2
20:47:03.907 [CE][Storage] ver:25 stamp:842, valid:yes, name:"C:\Users\rylic\OneDrive\Desktop\Expansion-Dev-Server-Deer-Isle\mpmissions\empty.deerisle\storage_1\data\dynamic_000.bin"
20:47:03.907 [CE][Storage] ver:25 stamp:839, valid:yes, name:"C:\Users\rylic\OneDrive\Desktop\Expansion-Dev-Server-Deer-Isle\mpmissions\empty.deerisle\storage_1\data\dynamic_000.001"
20:47:03.908 [CE][Storage] ver:25 stamp:840, valid:yes, name:"C:\Users\rylic\OneDrive\Desktop\Expansion-Dev-Server-Deer-Isle\mpmissions\empty.deerisle\storage_1\data\dynamic_000.002"
20:47:03.908 [CE][Storage] Restoring file "C:\Users\rylic\OneDrive\Desktop\Expansion-Dev-Server-Deer-Isle\mpmissions\empty.deerisle\storage_1\data\dynamic_000.bin" 1501 items.
20:47:04.816   1501 items loaded. (0 failed)
20:47:04.817 [CE][Storage] ver:25 stamp:842, valid:yes, name:"C:\Users\rylic\OneDrive\Desktop\Expansion-Dev-Server-Deer-Isle\mpmissions\empty.deerisle\storage_1\data\dynamic_001.bin"
20:47:04.817 [CE][Storage] ver:25 stamp:839, valid:yes, name:"C:\Users\rylic\OneDrive\Desktop\Expansion-Dev-Server-Deer-Isle\mpmissions\empty.deerisle\storage_1\data\dynamic_001.001"
20:47:04.818 [CE][Storage] ver:25 stamp:840, valid:yes, name:"C:\Users\rylic\OneDrive\Desktop\Expansion-Dev-Server-Deer-Isle\mpmissions\empty.deerisle\storage_1\data\dynamic_001.002"
20:47:04.818 [CE][Storage] Restoring file "C:\Users\rylic\OneDrive\Desktop\Expansion-Dev-Server-Deer-Isle\mpmissions\empty.deerisle\storage_1\data\dynamic_001.bin" 1200 items.
20:47:05.468   1200 items loaded. (0 failed)
20:47:05.469 [CE][Storage] ver:25 stamp:842, valid:yes, name:"C:\Users\rylic\OneDrive\Desktop\Expansion-Dev-Server-Deer-Isle\mpmissions\empty.deerisle\storage_1\data\dynamic_002.bin"
20:47:05.469 [CE][Storage] ver:25 stamp:839, valid:yes, name:"C:\Users\rylic\OneDrive\Desktop\Expansion-Dev-Server-Deer-Isle\mpmissions\empty.deerisle\storage_1\data\dynamic_002.001"
20:47:05.470 [CE][Storage] ver:25 stamp:840, valid:yes, name:"C:\Users\rylic\OneDrive\Desktop\Expansion-Dev-Server-Deer-Isle\mpmissions\empty.deerisle\storage_1\data\dynamic_002.002"
20:47:05.470 [CE][Storage] Restoring file "C:\Users\rylic\OneDrive\Desktop\Expansion-Dev-Server-Deer-Isle\mpmissions\empty.deerisle\storage_1\data\dynamic_002.bin" 1579 items.
20:47:06.364   1579 items loaded. (0 failed)
20:47:06.364 [CE][Storage] ver:25 stamp:842, valid:yes, name:"C:\Users\rylic\OneDrive\Desktop\Expansion-Dev-Server-Deer-Isle\mpmissions\empty.deerisle\storage_1\data\dynamic_003.bin"
20:47:06.364 [CE][Storage] ver:25 stamp:839, valid:yes, name:"C:\Users\rylic\OneDrive\Desktop\Expansion-Dev-Server-Deer-Isle\mpmissions\empty.deerisle\storage_1\data\dynamic_003.001"
20:47:06.365 [CE][Storage] ver:25 stamp:840, valid:yes, name:"C:\Users\rylic\OneDrive\Desktop\Expansion-Dev-Server-Deer-Isle\mpmissions\empty.deerisle\storage_1\data\dynamic_003.002"
20:47:06.365 [CE][Storage] Restoring file "C:\Users\rylic\OneDrive\Desktop\Expansion-Dev-Server-Deer-Isle\mpmissions\empty.deerisle\storage_1\data\dynamic_003.bin" 1915 items.
20:47:07.304   1915 items loaded. (0 failed)
20:47:07.305 [CE][Storage] ver:25 stamp:842, valid:yes, name:"C:\Users\rylic\OneDrive\Desktop\Expansion-Dev-Server-Deer-Isle\mpmissions\empty.deerisle\storage_1\data\dynamic_004.bin"
20:47:07.305 [CE][Storage] ver:25 stamp:839, valid:yes, name:"C:\Users\rylic\OneDrive\Desktop\Expansion-Dev-Server-Deer-Isle\mpmissions\empty.deerisle\storage_1\data\dynamic_004.001"
20:47:07.306 [CE][Storage] ver:25 stamp:840, valid:yes, name:"C:\Users\rylic\OneDrive\Desktop\Expansion-Dev-Server-Deer-Isle\mpmissions\empty.deerisle\storage_1\data\dynamic_004.002"
20:47:07.306 [CE][Storage] Restoring file "C:\Users\rylic\OneDrive\Desktop\Expansion-Dev-Server-Deer-Isle\mpmissions\empty.deerisle\storage_1\data\dynamic_004.bin" 2917 items.
20:47:08.564   2917 items loaded. (0 failed)
20:47:08.565 [CE][Storage] ver:25 stamp:842, valid:yes, name:"C:\Users\rylic\OneDrive\Desktop\Expansion-Dev-Server-Deer-Isle\mpmissions\empty.deerisle\storage_1\data\dynamic_005.bin"
20:47:08.565 [CE][Storage] ver:25 stamp:839, valid:yes, name:"C:\Users\rylic\OneDrive\Desktop\Expansion-Dev-Server-Deer-Isle\mpmissions\empty.deerisle\storage_1\data\dynamic_005.001"
20:47:08.566 [CE][Storage] ver:25 stamp:840, valid:yes, name:"C:\Users\rylic\OneDrive\Desktop\Expansion-Dev-Server-Deer-Isle\mpmissions\empty.deerisle\storage_1\data\dynamic_005.002"
20:47:08.566 [CE][Storage] Restoring file "C:\Users\rylic\OneDrive\Desktop\Expansion-Dev-Server-Deer-Isle\mpmissions\empty.deerisle\storage_1\data\dynamic_005.bin" 2591 items.
20:47:09.818   2591 items loaded. (0 failed)
20:47:09.819 [CE][Storage] ver:25 stamp:842, valid:yes, name:"C:\Users\rylic\OneDrive\Desktop\Expansion-Dev-Server-Deer-Isle\mpmissions\empty.deerisle\storage_1\data\dynamic_006.bin"
20:47:09.820 [CE][Storage] ver:25 stamp:839, valid:yes, name:"C:\Users\rylic\OneDrive\Desktop\Expansion-Dev-Server-Deer-Isle\mpmissions\empty.deerisle\storage_1\data\dynamic_006.001"
20:47:09.820 [CE][Storage] ver:25 stamp:840, valid:yes, name:"C:\Users\rylic\OneDrive\Desktop\Expansion-Dev-Server-Deer-Isle\mpmissions\empty.deerisle\storage_1\data\dynamic_006.002"
20:47:09.820 [CE][Storage] Restoring file "C:\Users\rylic\OneDrive\Desktop\Expansion-Dev-Server-Deer-Isle\mpmissions\empty.deerisle\storage_1\data\dynamic_006.bin" 2141 items.
20:47:10.832   2141 items loaded. (0 failed)
20:47:10.832 [CE][Storage] ver:25 stamp:842, valid:yes, name:"C:\Users\rylic\OneDrive\Desktop\Expansion-Dev-Server-Deer-Isle\mpmissions\empty.deerisle\storage_1\data\dynamic_007.bin"
20:47:10.833 [CE][Storage] ver:25 stamp:839, valid:yes, name:"C:\Users\rylic\OneDrive\Desktop\Expansion-Dev-Server-Deer-Isle\mpmissions\empty.deerisle\storage_1\data\dynamic_007.001"
20:47:10.833 [CE][Storage] ver:25 stamp:840, valid:yes, name:"C:\Users\rylic\OneDrive\Desktop\Expansion-Dev-Server-Deer-Isle\mpmissions\empty.deerisle\storage_1\data\dynamic_007.002"
20:47:10.834 [CE][Storage] Restoring file "C:\Users\rylic\OneDrive\Desktop\Expansion-Dev-Server-Deer-Isle\mpmissions\empty.deerisle\storage_1\data\dynamic_007.bin" 1881 items.
20:47:11.699   1881 items loaded. (0 failed)
20:47:11.700 [CE][Storage] ver:25 stamp:842, valid:yes, name:"C:\Users\rylic\OneDrive\Desktop\Expansion-Dev-Server-Deer-Isle\mpmissions\empty.deerisle\storage_1\data\dynamic_008.bin"
20:47:11.701 [CE][Storage] ver:25 stamp:839, valid:yes, name:"C:\Users\rylic\OneDrive\Desktop\Expansion-Dev-Server-Deer-Isle\mpmissions\empty.deerisle\storage_1\data\dynamic_008.001"
20:47:11.701 [CE][Storage] ver:25 stamp:840, valid:yes, name:"C:\Users\rylic\OneDrive\Desktop\Expansion-Dev-Server-Deer-Isle\mpmissions\empty.deerisle\storage_1\data\dynamic_008.002"
20:47:11.701 [CE][Storage] Restoring file "C:\Users\rylic\OneDrive\Desktop\Expansion-Dev-Server-Deer-Isle\mpmissions\empty.deerisle\storage_1\data\dynamic_008.bin" 661 items.
20:47:12.47   661 items loaded. (0 failed)
20:47:12.47 [CE][Storage] ver:25 stamp:842, valid:yes, name:"C:\Users\rylic\OneDrive\Desktop\Expansion-Dev-Server-Deer-Isle\mpmissions\empty.deerisle\storage_1\data\dynamic_009.bin"
20:47:12.48 [CE][Storage] ver:25 stamp:839, valid:yes, name:"C:\Users\rylic\OneDrive\Desktop\Expansion-Dev-Server-Deer-Isle\mpmissions\empty.deerisle\storage_1\data\dynamic_009.001"
20:47:12.48 [CE][Storage] ver:25 stamp:840, valid:yes, name:"C:\Users\rylic\OneDrive\Desktop\Expansion-Dev-Server-Deer-Isle\mpmissions\empty.deerisle\storage_1\data\dynamic_009.002"
20:47:12.48 [CE][Storage] Restoring file "C:\Users\rylic\OneDrive\Desktop\Expansion-Dev-Server-Deer-Isle\mpmissions\empty.deerisle\storage_1\data\dynamic_009.bin" 872 items.
20:47:12.452   872 items loaded. (0 failed)
20:47:12.453 [CE][Storage] ver:25 stamp:842, valid:yes, name:"C:\Users\rylic\OneDrive\Desktop\Expansion-Dev-Server-Deer-Isle\mpmissions\empty.deerisle\storage_1\data\dynamic_010.bin"
20:47:12.453 [CE][Storage] ver:25 stamp:839, valid:yes, name:"C:\Users\rylic\OneDrive\Desktop\Expansion-Dev-Server-Deer-Isle\mpmissions\empty.deerisle\storage_1\data\dynamic_010.001"
20:47:12.454 [CE][Storage] ver:25 stamp:840, valid:yes, name:"C:\Users\rylic\OneDrive\Desktop\Expansion-Dev-Server-Deer-Isle\mpmissions\empty.deerisle\storage_1\data\dynamic_010.002"
20:47:12.454 [CE][Storage] Restoring file "C:\Users\rylic\OneDrive\Desktop\Expansion-Dev-Server-Deer-Isle\mpmissions\empty.deerisle\storage_1\data\dynamic_010.bin" 701 items.
20:47:12.783   701 items loaded. (0 failed)
20:47:12.784 [CE][Storage] ver:25 stamp:842, valid:yes, name:"C:\Users\rylic\OneDrive\Desktop\Expansion-Dev-Server-Deer-Isle\mpmissions\empty.deerisle\storage_1\data\dynamic_011.bin"
20:47:12.784 [CE][Storage] ver:25 stamp:839, valid:yes, name:"C:\Users\rylic\OneDrive\Desktop\Expansion-Dev-Server-Deer-Isle\mpmissions\empty.deerisle\storage_1\data\dynamic_011.001"
20:47:12.785 [CE][Storage] ver:25 stamp:840, valid:yes, name:"C:\Users\rylic\OneDrive\Desktop\Expansion-Dev-Server-Deer-Isle\mpmissions\empty.deerisle\storage_1\data\dynamic_011.002"
20:47:12.785 [CE][Storage] Restoring file "C:\Users\rylic\OneDrive\Desktop\Expansion-Dev-Server-Deer-Isle\mpmissions\empty.deerisle\storage_1\data\dynamic_011.bin" 307 items.
20:47:13.02   307 items loaded. (0 failed)
20:47:13.02 [CE][Storage] ver:26 stamp:842, valid:yes, name:"C:\Users\rylic\OneDrive\Desktop\Expansion-Dev-Server-Deer-Isle\mpmissions\empty.deerisle\storage_1\data\building.bin"
20:47:13.03 [CE][Storage] ver:26 stamp:839, valid:yes, name:"C:\Users\rylic\OneDrive\Desktop\Expansion-Dev-Server-Deer-Isle\mpmissions\empty.deerisle\storage_1\data\building.001"
20:47:13.03 [CE][Storage] ver:26 stamp:840, valid:yes, name:"C:\Users\rylic\OneDrive\Desktop\Expansion-Dev-Server-Deer-Isle\mpmissions\empty.deerisle\storage_1\data\building.002"
20:47:13.03 [CE][Storage] Restoring file "C:\Users\rylic\OneDrive\Desktop\Expansion-Dev-Server-Deer-Isle\mpmissions\empty.deerisle\storage_1\data\building.bin" 0 items.
20:47:13.03   0 items loaded. (0 failed)
20:47:13.03 [CE][Storage] ver:25 stamp:842, valid:yes, name:"C:\Users\rylic\OneDrive\Desktop\Expansion-Dev-Server-Deer-Isle\mpmissions\empty.deerisle\storage_1\data\vehicles.bin"
20:47:13.04 [CE][Storage] ver:25 stamp:839, valid:yes, name:"C:\Users\rylic\OneDrive\Desktop\Expansion-Dev-Server-Deer-Isle\mpmissions\empty.deerisle\storage_1\data\vehicles.001"
20:47:13.04 [CE][Storage] ver:25 stamp:840, valid:yes, name:"C:\Users\rylic\OneDrive\Desktop\Expansion-Dev-Server-Deer-Isle\mpmissions\empty.deerisle\storage_1\data\vehicles.002"
20:47:13.05 [CE][Storage] Restoring file "C:\Users\rylic\OneDrive\Desktop\Expansion-Dev-Server-Deer-Isle\mpmissions\empty.deerisle\storage_1\data\vehicles.bin" 112 items.
20:47:13.747   112 items loaded. (0 failed)
20:47:13.768 [CE][Hive] :: Storage load took:9.86 seconds, recovery stamp:842
20:47:13.768   entity: 19749, building: 0
20:47:13.768   no lifetime: 34
20:47:13.768   ignored: 20
20:47:13.768   pathgraph's: 448
20:47:13.768 [CE][Hive] :: Initializing ... 
20:47:13.812 [CE][InitializeMap] :: initialized: 0
20:47:13.812 [CE][Hive] :: Initializing spawners ... 
20:47:13.906 [CE][LootRespawner] (PRIDummy) :: Initially (re)spawned:0, Nominal:19898, Total in Map: 18606 at 0 (sec)
20:47:13.906   tests:0, repeats:0 fails:0, overtime:0
20:47:13.932 [CE][AnimalRespawner] (PRICrab) :: !!! Missing AI Template "HerdCrab" for DE: "AnimalCrab"
20:47:13.932 [CE][DynEvent] :: 62 types
20:47:13.932 [00] AmbientHen
20:47:13.932   Primary Spawner: "Ambient", active: yes, repeat: 1
20:47:13.932 [01] AmbientBear
20:47:13.932   Primary Spawner: "Ambient", active: yes, repeat: 1
20:47:13.932 [02] AmbientPolarbear
20:47:13.932   Primary Spawner: "Ambient", active: yes, repeat: 1
20:47:13.932 [03] AmbientCow
20:47:13.932   Primary Spawner: "Ambient", active: yes, repeat: 1
20:47:13.932 [04] AmbientDeer
20:47:13.932   Primary Spawner: "Ambient", active: yes, repeat: 1
20:47:13.932 [05] AmbientGoat
20:47:13.932   Primary Spawner: "Ambient", active: yes, repeat: 1
20:47:13.932 [06] AmbientPig
20:47:13.932   Primary Spawner: "Ambient", active: yes, repeat: 1
20:47:13.932 [07] AmbientRoeDeer
20:47:13.932   Primary Spawner: "Ambient", active: yes, repeat: 1
20:47:13.932 [08] AmbientSheep
20:47:13.932   Primary Spawner: "Ambient", active: yes, repeat: 1
20:47:13.932 [09] AmbientWildBoar
20:47:13.932   Primary Spawner: "Ambient", active: yes, repeat: 1
20:47:13.932 [10] AnimalWolf
20:47:13.932   Primary Spawner: "Animal", active: yes, repeat: 1
20:47:13.932 [11] AnimalArcticWolf
20:47:13.932   Primary Spawner: "Animal", active: yes, repeat: 1
20:47:13.932 [12] InfectedArmy
20:47:13.932   Primary Spawner: "Infected", active: yes, repeat: 1
20:47:13.932 [13] InfectedArmyHard
20:47:13.932   Primary Spawner: "Infected", active: yes, repeat: 1
20:47:13.932 [14] InfectedArmyHardJMC
20:47:13.932   Primary Spawner: "Infected", active: yes, repeat: 1
20:47:13.932 [15] InfectedArmyHardJMCWinter
20:47:13.932   Primary Spawner: "Infected", active: yes, repeat: 1
20:47:13.932 [16] InfectedCity
20:47:13.932   Primary Spawner: "Infected", active: yes, repeat: 1
20:47:13.932 [17] InfectedFirefighter
20:47:13.932   Primary Spawner: "Infected", active: yes, repeat: 1
20:47:13.932 [18] InfectedIndustrial
20:47:13.932   Primary Spawner: "Infected", active: yes, repeat: 1
20:47:13.932 [19] InfectedMedic
20:47:13.932   Primary Spawner: "Infected", active: yes, repeat: 1
20:47:13.932 [20] InfectedNBC
20:47:13.932   Primary Spawner: "Infected", active: yes, repeat: 1
20:47:13.932 [21] InfectedNBCYellow
20:47:13.932   Primary Spawner: "Infected", active: yes, repeat: 1
20:47:13.932 [22] InfectedPolice
20:47:13.932   Primary Spawner: "Infected", active: yes, repeat: 1
20:47:13.932 [23] InfectedPoliceHard
20:47:13.932   Primary Spawner: "Infected", active: yes, repeat: 1
20:47:13.932 [24] InfectedPrisoner
20:47:13.932   Primary Spawner: "Infected", active: yes, repeat: 1
20:47:13.932 [25] InfectedReligious
20:47:13.932   Primary Spawner: "Infected", active: yes, repeat: 1
20:47:13.932 [26] InfectedSolitude
20:47:13.932   Primary Spawner: "Infected", active: yes, repeat: 1
20:47:13.932 [27] InfectedVillage
20:47:13.932   Primary Spawner: "Infected", active: yes, repeat: 1
20:47:13.932 [28] ItemPlanks
20:47:13.932   Primary Spawner: "Item", active: yes, repeat: 1
20:47:13.932 [29] Loot
20:47:13.932   Primary Spawner: "Loot", active: yes, repeat: 2
20:47:13.932 [30] StaticContaminatedArea
20:47:13.932   Primary Spawner: "Static", active: yes, repeat: 1
20:47:13.932 [31] StaticHeliCrash
20:47:13.932   Primary Spawner: "Static", active: yes, repeat: 1
20:47:13.932   Secondary Spawner: "Infected", active: yes, repeat: 1
20:47:13.932 [32] StaticPoliceCar
20:47:13.932   Primary Spawner: "Static", active: yes, repeat: 1
20:47:13.932   Secondary Spawner: "Infected", active: yes, repeat: 1
20:47:13.932 [33] TrajectoryApple
20:47:13.932   Primary Spawner: "Trajectory", active: yes, repeat: 1
20:47:13.932 [34] TrajectoryConiferous
20:47:13.932   Primary Spawner: "Trajectory", active: yes, repeat: 1
20:47:13.932 [35] TrajectoryDeciduous
20:47:13.932   Primary Spawner: "Trajectory", active: yes, repeat: 1
20:47:13.932 [36] TrajectoryHumus
20:47:13.932   Primary Spawner: "Trajectory", active: yes, repeat: 1
20:47:13.932 [37] TrajectoryPear
20:47:13.932   Primary Spawner: "Trajectory", active: yes, repeat: 1
20:47:13.932 [38] TrajectoryPlum
20:47:13.932   Primary Spawner: "Trajectory", active: yes, repeat: 1
20:47:13.932 [39] TrajectoryStones
20:47:13.932   Primary Spawner: "Trajectory", active: yes, repeat: 1
20:47:13.932 [40] VehicleCivilianSedan
20:47:13.933   Primary Spawner: "Vehicle", active: yes, repeat: 1
20:47:13.933 [41] VehicleHatchback02
20:47:13.933   Primary Spawner: "Vehicle", active: yes, repeat: 1
20:47:13.933 [42] VehicleOffroadHatchback
20:47:13.933   Primary Spawner: "Vehicle", active: yes, repeat: 1
20:47:13.933 [43] VehicleSedan02
20:47:13.933   Primary Spawner: "Vehicle", active: yes, repeat: 1
20:47:13.933 [44] VehicleTruck01
20:47:13.933   Primary Spawner: "Vehicle", active: yes, repeat: 1
20:47:13.933 [45] StaticVanPinkies
20:47:13.933   Primary Spawner: "Static", active: yes, repeat: 1
20:47:13.933 [46] StaticVanAmbulance
20:47:13.933   Primary Spawner: "Static", active: yes, repeat: 1
20:47:13.933 [47] StaticSkeletonEventspawn
20:47:13.933   Primary Spawner: "Static", active: yes, repeat: 1
20:47:13.933 [48] StaticPlantFernA
20:47:13.933   Primary Spawner: "Static", active: yes, repeat: 1
20:47:13.933 [49] StaticPlantFernB
20:47:13.933   Primary Spawner: "Static", active: yes, repeat: 1
20:47:13.933 [50] StaticPlantFernC
20:47:13.933   Primary Spawner: "Static", active: yes, repeat: 1
20:47:13.933 [51] AnimalCrab
20:47:13.933   Primary Spawner: "Animal", active: yes, repeat: 1
20:47:13.933 [52] VehicleUAZ
20:47:13.933   Primary Spawner: "Vehicle", active: yes, repeat: 1
20:47:13.933 [53] VehicleVodnik
20:47:13.933   Primary Spawner: "Vehicle", active: yes, repeat: 1
20:47:13.933 [54] VehicleBus
20:47:13.933   Primary Spawner: "Vehicle", active: yes, repeat: 1
20:47:13.933 [55] VehicleTractor
20:47:13.933   Primary Spawner: "Vehicle", active: yes, repeat: 1
20:47:13.933 [56] VehicleMH6Helicopter
20:47:13.933   Primary Spawner: "Vehicle", active: yes, repeat: 1
20:47:13.933 [57] VehicleMerlinHelicopter
20:47:13.933   Primary Spawner: "Vehicle", active: yes, repeat: 1
20:47:13.933 [58] VehicleUh1hHelicopter
20:47:13.933   Primary Spawner: "Vehicle", active: yes, repeat: 1
20:47:13.933 [59] VehicleGyroHelicopter
20:47:13.933   Primary Spawner: "Vehicle", active: yes, repeat: 1
20:47:13.933 [60] VehicleUtilityBoat
20:47:13.933   Primary Spawner: "Vehicle", active: yes, repeat: 1
20:47:13.933 [61] VehicleZodiacBoat
20:47:13.933   Primary Spawner: "Vehicle", active: yes, repeat: 1
20:47:13.933 [CE][Hive] :: Initializing of spawners done.
20:47:13.947 [CE][Hive] :: Init sequence finished.
20:47:13.947 Player connect enabled
20:47:15.365 [IdleMode] Entering IN - save processed
20:47:23.403 [Login]: Adding player Bunker (2074951998) to login queue at position 0
20:47:23.403 [LoginMachine]: Add player Bunker (2074951998 10.0.0.59:2316)
20:47:23.403 [StateMachine]: Player Bunker (dpnid 2074951998 uid ) Entering AuthPlayerLoginState
20:47:24.383 [StateMachine]: Player Bunker (dpnid 2074951998 uid ) Entering WaitAuthPlayerLoginState
20:47:26.692 Player Bunker connected (id=BlCTbSRV5QYaEKP-S_Hg4CG7zCAg90tKLTciEKHy8Pc=).
20:47:26.692 Player "Bunker" is connected (steamID=76561199112746320)
20:47:26.693 [StateMachine]: Player Bunker (dpnid 2074951998 uid ) Entering WaitPlayerAssignedLoginState
20:47:26.759 [IdleMode] Leaving OUT
20:47:32.845 [StateMachine]: Player Bunker (dpnid 2074951998 uid BlCTbSRV5QYaEKP-S_Hg4CG7zCAg90tKLTciEKHy8Pc=) Entering DBGetLoginTimeLoginState
20:47:32.846 [StateMachine]: Player Bunker (dpnid 2074951998 uid BlCTbSRV5QYaEKP-S_Hg4CG7zCAg90tKLTciEKHy8Pc=) Entering DBWaitLoginTimeLoginState
20:47:37.847 [StateMachine]: Player Bunker (dpnid 2074951998 uid BlCTbSRV5QYaEKP-S_Hg4CG7zCAg90tKLTciEKHy8Pc=) Entering DBGetCharacterLoginState
20:47:37.848 [StateMachine]: Player Bunker (dpnid 2074951998 uid BlCTbSRV5QYaEKP-S_Hg4CG7zCAg90tKLTciEKHy8Pc=) Entering CreateNetObjectsLoginState
20:47:37.853 [StateMachine]: Player Bunker (dpnid 2074951998 uid BlCTbSRV5QYaEKP-S_Hg4CG7zCAg90tKLTciEKHy8Pc=) Entering PreloadCamLoginState
20:47:37.853 [StateMachine]: Player Bunker (dpnid 2074951998 uid BlCTbSRV5QYaEKP-S_Hg4CG7zCAg90tKLTciEKHy8Pc=) Entering WaitPreloadCamLoginState
20:47:42.92 [StateMachine]: Player Bunker (dpnid 2074951998 uid BlCTbSRV5QYaEKP-S_Hg4CG7zCAg90tKLTciEKHy8Pc=) Entering GetLoadedCharLoginState
20:47:42.114 <LOAD EXISTING CHAR>:
    charID 1
    playerID 1
    dpnid 2074951998
    uid BlCTbSRV5QYaEKP-S_Hg4CG7zCAg90tKLTciEKHy8Pc=
20:47:48.862 [CE][LootRespawner] (PRIDummy) :: Item [0] causing search overtime: "Mag_Expansion_Taser"
20:47:48.962 [CE][LootRespawner] (PRIDummy) :: Item [1] causing search overtime: "Expansion_Taser_Yellow"
20:47:49.161 [CE][LootRespawner] (PRIDummy) :: Item [2] causing search overtime: "ExpansionHelipadKit"
20:47:49.361 [CE][LootRespawner] (PRIDummy) :: Item [3] causing search overtime: "ExpansionHescoKit"
20:47:50.129 !!! [CE][Point] Removing 7178.961426, 11586.178711 from Land_BusStation_wall_bench
20:47:50.134 !!! [CE][Point] Removing 7183.372559, 11595.216797 from Land_BusStation_wall_bench
20:47:50.161 [CE][LootRespawner] (PRIDummy) :: Item [4] causing search overtime: "ExpansionCamoTentKit"
20:47:50.362 [CE][LootRespawner] (PRIDummy) :: Item [5] causing search overtime: "ExpansionCamoBoxKit"
20:47:50.563 [CE][LootRespawner] (PRIDummy) :: Item [6] causing search overtime: "ExpansionBarrierGateKit"
20:48:15.764 !!! [CE][Point] Removing 5177.536133, 9113.724609 from Land_strazni_vez
20:48:15.764 [CE][LootRespawner] (PRIDummy) :: Item [7] causing search overtime: "SNAFU_Kabar"
20:48:15.862 !!! [CE][Point] Removing 5178.832520, 9114.549805 from Land_strazni_vez
20:48:15.863 [CE][LootRespawner] (PRIDummy) :: Item [8] causing search overtime: "SNAFU_50bmg_Suppressor_U"
20:48:15.962 [CE][LootRespawner] (PRIDummy) :: Item [9] causing search overtime: "SNAFU_Shotgunchoke_Yellow"
20:48:16.66 !!! [CE][Point] Removing 7195.206543, 11575.607422 from Land_BusStation_wall_bench
20:48:16.67 !!! [CE][Point] Removing 7166.809570, 11665.891602 from Land_BusStation_wall_bench
20:48:16.164 !!! [CE][Point] Removing 5179.822754, 9112.897461 from Land_strazni_vez
20:48:16.165 [CE][LootRespawner] (PRIDummy) :: Item [10] causing search overtime: "GCGN_BenelliM4"
20:48:16.262 !!! [CE][Point] Removing 5178.355957, 9112.571289 from Land_strazni_vez
20:48:16.263 [CE][LootRespawner] (PRIDummy) :: Item [11] causing search overtime: "SR3_Vikhr_Mag"
20:48:16.361 [CE][LootRespawner] (PRIDummy) :: Item [12] causing search overtime: "SNAFU_Shotgunchoke_Black"
20:48:16.461 [CE][LootRespawner] (PRIDummy) :: Item [13] causing search overtime: "SNAFU_50bmg_Suppressor_W"
20:48:16.561 [CE][LootRespawner] (PRIDummy) :: Item [14] causing search overtime: "SNAFU_AWM_GUN"
20:48:16.661 [CE][LootRespawner] (PRIDummy) :: Item [15] causing search overtime: "SNAFU_PL14HQP_Mag"
20:48:16.761 [CE][LootRespawner] (PRIDummy) :: Item [16] causing search overtime: "SNAFU_PL14HQP"
20:48:16.862 [CE][LootRespawner] (PRIDummy) :: Item [17] causing search overtime: "SNAFUAR15_SPR_Tan_GUN"
20:48:16.961 [CE][LootRespawner] (PRIDummy) :: Item [18] causing search overtime: "Chestplate"
20:48:17.61 [CE][LootRespawner] (PRIDummy) :: Item [19] causing search overtime: "GhillieSuit_Tan"
20:48:18.661 [CE][VehicleRespawner] (PRIContaminatedArea) :: Initial random enabled for "StaticContaminatedArea" - Chosen nominal: 1
20:48:18.968 [CE][Links] found 0 total links between groups, of 1
20:48:18.968 [CE][SpawnRandomLoot] (StaticHeliCrash) :: Type: Wreck_UH1Y, lootmin: 10, lootmax: 15, wanted: 14, deloot: 2, containermaxsum: 15
20:48:19.266 [CE][SpawnRandomLoot] (StaticPoliceCar) :: !!! No group configured for 'Land_Wreck_sed01_aban2_police', failed to spawn loot
20:48:19.272 [CE][SpawnRandomLoot] (StaticPoliceCar) :: !!! No group configured for 'Land_Wreck_sed01_aban2_police', failed to spawn loot
20:48:19.272 [CE][SpawnRandomLoot] (StaticPoliceCar) :: !!! No group configured for 'Land_Wreck_sed01_aban2_police', failed to spawn loot
20:48:19.275 [CE][SpawnRandomLoot] (StaticPoliceCar) :: !!! No group configured for 'Land_Wreck_sed01_aban1_police', failed to spawn loot
20:48:19.280 [CE][SpawnRandomLoot] (StaticPoliceCar) :: !!! No group configured for 'Land_Wreck_sed01_aban2_police', failed to spawn loot
20:48:42.869 !!! [CE][Point] Removing 7153.399902, 11606.755859 from Land_BusStation_wall_bench
20:48:43.762 !!! [CE][Point] Removing 10954.834961, 2310.084961 from Land_Mil_GuardShed
20:48:45.860 !!! [CE][VehicleRespawner] (PRIHatchback02) :: Respawning: "VehicleHatchback02" - Failed to spawn the requested amount (0 < 2) within 6 attempts.
20:49:09.867 !!! [CE][Point] Removing 3655.837891, 9771.842773 from Land_jmc_cabin01
20:49:13.61 !!! [CE][VehicleRespawner] (PRIUAZ) :: Respawning: "VehicleUAZ" - Failed to spawn the requested amount (0 < 3) within 9 attempts.
20:49:13.660 !!! [CE][VehicleRespawner] (PRIBus) :: Respawning: "VehicleBus" - Failed to spawn the requested amount (0 < 1) within 3 attempts.
20:49:13.961 !!! [CE][VehicleRespawner] (PRITractor) :: Respawning: "VehicleTractor" - Failed to spawn the requested amount (0 < 1) within 3 attempts.
20:49:14.260 !!! [CE][VehicleRespawner] (PRIMH6Helicopter) :: Respawning: "VehicleMH6Helicopter" - Failed to spawn the requested amount (0 < 1) within 3 attempts.
20:49:38.761 !!! [CE][VehicleRespawner] (PRIUh1hHelicopter) :: Respawning: "VehicleUh1hHelicopter" - Failed to spawn the requested amount (0 < 1) within 3 attempts.
20:49:39.361 !!! [CE][VehicleRespawner] (PRIUtilityBoat) :: Respawning: "VehicleUtilityBoat" - Failed to spawn the requested amount (0 < 2) within 6 attempts.
20:49:39.661 !!! [CE][VehicleRespawner] (PRIZodiacBoat) :: Respawning: "VehicleZodiacBoat" - Failed to spawn the requested amount (0 < 14) within 42 attempts.
20:50:03.464 !!! [CE][Point] Removing 7193.995605, 11575.596680 from Land_BusStation_wall_bench
20:50:34.965 !!! [CE][VehicleRespawner] (PRIHatchback02) :: Respawning: "VehicleHatchback02" - Failed to spawn the requested amount (0 < 2) within 6 attempts.
20:51:26.71 !!! [CE][VehicleRespawner] (PRIUAZ) :: Respawning: "VehicleUAZ" - Failed to spawn the requested amount (0 < 3) within 9 attempts.
20:51:26.671 !!! [CE][VehicleRespawner] (PRIBus) :: Respawning: "VehicleBus" - Failed to spawn the requested amount (0 < 1) within 3 attempts.
20:51:26.972 !!! [CE][VehicleRespawner] (PRITractor) :: Respawning: "VehicleTractor" - Failed to spawn the requested amount (0 < 1) within 3 attempts.
20:51:27.272 !!! [CE][VehicleRespawner] (PRIMH6Helicopter) :: Respawning: "VehicleMH6Helicopter" - Failed to spawn the requested amount (0 < 1) within 3 attempts.
20:51:27.872 !!! [CE][VehicleRespawner] (PRIUh1hHelicopter) :: Respawning: "VehicleUh1hHelicopter" - Failed to spawn the requested amount (0 < 1) within 3 attempts.
20:51:28.471 !!! [CE][VehicleRespawner] (PRIUtilityBoat) :: Respawning: "VehicleUtilityBoat" - Failed to spawn the requested amount (0 < 2) within 6 attempts.
20:51:28.771 !!! [CE][VehicleRespawner] (PRIZodiacBoat) :: Respawning: "VehicleZodiacBoat" - Failed to spawn the requested amount (0 < 14) within 42 attempts.
20:51:50.979 !!! [CE][Point] Removing 601.696106, 12601.575195 from Land_BusStation_wall_bench
20:51:51.282 !!! [CE][Point] Removing 7144.927246, 11637.821289 from Land_BusStation_wall_bench
20:52:44.883 !!! [CE][Point] Removing 7174.360840, 11677.833984 from Land_BusStation_wall_bench
20:52:47.980 !!! [CE][VehicleRespawner] (PRIHatchback02) :: Respawning: "VehicleHatchback02" - Failed to spawn the requested amount (0 < 2) within 6 attempts.
20:53:15.187 !!! [CE][VehicleRespawner] (PRIUAZ) :: Respawning: "VehicleUAZ" - Failed to spawn the requested amount (0 < 3) within 9 attempts.
20:53:15.787 !!! [CE][VehicleRespawner] (PRIBus) :: Respawning: "VehicleBus" - Failed to spawn the requested amount (0 < 1) within 3 attempts.
20:53:16.86 !!! [CE][VehicleRespawner] (PRITractor) :: Respawning: "VehicleTractor" - Failed to spawn the requested amount (0 < 1) within 3 attempts.