=====================================================================
== C:\Users\rylic\OneDrive\Desktop\Expansion-Dev-Server-Deer-Isle\DayZServer_x64.exe
== DayZServer_x64.exe -cpuCount=4 -mod=@DeerIsle;@CF;@CommunityOnlineTools;@DabsFramework;@DayZExpansionLicensed;@DayZExpansionBundle;@42MonthsAfterPvPDevelopment;@SNAFUWeapons;@MunghardsItempack;@DayZEditorLoader;@WindstridesClothingPack; -config=serverDZ.cfg -port=2302 -noFilePatching -profiles=profiles -scrAllowFileWrite -adminlog
=====================================================================
Exe timestamp: 2024/01/01 17:40:38
Current time:  2024/01/05 20:11:42
Version 1.23.157045
=====================================================================

20:11:42.341 [Inputs] Loading inputs default "bin/constants.xml"
20:11:42.345 [Inputs] Loading inputs default "bin/specific.xml"
20:11:42.346 !!! [Inputs] Cannot load inputs default "", file does not exist
20:11:42.346 !!! [Inputs] Failed to load MODDED inputs - file name/ path invalid?
20:11:42.346 [Inputs] Loading inputs default "JM/COT/Scripts/Data/Inputs.xml"
20:11:42.347 [Inputs] Loading inputs default "LIVEN/PvZmoD_CustomisableZombies/inputs.xml"
20:11:42.347 [Inputs] Loading inputs default "PVEZ/data/inputs.xml"
20:11:42.348 [Inputs] Loading inputs default "WindstrideClothing/Inputs.xml"
20:11:42.349 [Inputs] Loading inputs default "deerisle/scripts/Inputs.xml"
20:11:42.350 [Inputs] Loading inputs default "DayZExpansion/Groups/Scripts/Data/Inputs.xml"
20:11:42.351 [Inputs] Loading inputs default "DayZExpansion/Navigation/Scripts/Data/Inputs.xml"
20:11:42.351 !!! [Inputs] Attempt to register duplicate exclusion group "chatexpansion"
20:11:42.352 [Inputs] Loading inputs default "DayZExpansion/PlayerList/Scripts/Data/Inputs.xml"
20:11:42.352 !!! [Inputs] Attempt to register duplicate exclusion group "chatexpansion"
20:11:42.352 [Inputs] Loading inputs default "DayZExpansion/Scripts/Data/Inputs.xml"
20:11:42.352 !!! [Inputs] Attempt to register duplicate exclusion group "chatexpansion"
20:11:42.353 [Inputs] Loading inputs default "DayZExpansion/Vehicles/Scripts/Data/Inputs.xml"
20:11:42.354 [Inputs] Loading inputs default "AdmiralsDivingMod/Scripts/Data/modded_Inputs.xml"
20:11:42.355 [Inputs] Loading inputs default "DayZExpansion/AI/Scripts/inputs.xml"
20:11:42.355 [Inputs] Loading inputs default "DayZExpansion/BaseBuilding/Scripts/Data/Inputs.xml"
20:11:42.355 !!! [Inputs] Attempt to register duplicate exclusion group "chatexpansion"
20:11:42.356 [Inputs] Loading inputs default "DayZExpansion/Book/Scripts/Data/Inputs.xml"
20:11:42.356 !!! [Inputs] Attempt to register duplicate exclusion group "chatexpansion"
20:11:42.356 [Inputs] Loading inputs default "DayZExpansion/Chat/Scripts/Data/Inputs.xml"
20:11:42.357 !!! [Inputs] Attempt to register duplicate exclusion group "chatexpansion"
20:11:42.357 [Inputs] Loading inputs default "DayZExpansion/Quests/Scripts/Data/Inputs.xml"
20:11:42.358 [Inputs] Loading inputs cfg "profiles\Users\Survivor\Server.core.xml"
20:11:42.358 !!! [Inputs] Cannot read inputs cfg "profiles\Users\Survivor\Server.core.xml", parser error
20:11:42.359 [Inputs] Loading inputs cfg "bin/core.xml"
20:11:42.359 !!! [Inputs] Cannot load input preset "#STR_USER", file does not exist
20:11:42.361 [Inputs] Exporting inputs cfg "profiles\Users\Survivor\Server.core.xml"
20:12:14.500 [CE][Hive] :: Initializing OFFLINE
20:12:14.500 [StorageDirs] :: Selected storage directory: C:\Users\rylic\OneDrive\Desktop\Expansion-Dev-Server-Deer-Isle\mpmissions\empty.deerisle\storage_1\
20:12:14.500 [CE][Hive] :: Loading core data ... 
20:12:14.501 [CE][CoreData] :: 7 root classes, 19 defaults, 0 updaters...
20:12:20.556 [CE] :: WARNING :: Preset map "optics" is EMPTY.
20:12:20.557 [CE][TypeSetup] :: 473 classes setuped...
20:12:20.560 [CE] :: WARNING :: Preset map "optics" is EMPTY.
20:12:20.561 [CE][TypeSetup] :: 97 classes setuped...
20:12:22.192 [CE][RegisterBind] :: 0 classes binded...
20:12:22.192 [CE][RegisterConfig] :: 15309 config classes registered, 0 sub-counters...
20:12:22.192 [CE][Hive] :: Loading map data ... 
20:12:22.193 [CE][IgnoreList] "cfgignorelist.xml" :: loaded 19 types
20:12:22.228 !!! [CE] :: Unknown category: 'vehicleparts'.
20:12:22.228 !!! [CE] :: Unknown category: 'vehicleparts'.
20:12:22.228 !!! [CE] :: Unknown category: 'vehicleparts'.
20:12:22.228 !!! [CE] :: Unknown category: 'vehicleparts'.
20:12:22.228 !!! [CE] :: Unknown category: 'vehicleparts'.
20:12:22.228 !!! [CE] :: Unknown category: 'vehicleparts'.
20:12:22.228 !!! [CE] :: Unknown category: 'vehicleparts'.
20:12:22.228 !!! [CE] :: Unknown category: 'vehicleparts'.
20:12:22.228 !!! [CE] :: Unknown category: 'vehicleparts'.
20:12:22.228 !!! [CE] :: Unknown category: 'vehicleparts'.
20:12:22.228 !!! [CE] :: Unknown category: 'vehicleparts'.
20:12:22.228 !!! [CE] :: Unknown category: 'vehicleparts'.
20:12:22.228 !!! [CE] :: Unknown category: 'vehicleparts'.
20:12:22.229 !!! [CE] :: Unknown category: 'vehicleparts'.
20:12:22.229 !!! [CE] :: Unknown category: 'vehicleparts'.
20:12:22.229 !!! [CE] :: Unknown category: 'vehicleparts'.
20:12:22.229 !!! [CE] :: Unknown category: 'vehicleparts'.
20:12:22.229 !!! [CE] :: Unknown category: 'vehicleparts'.
20:12:22.229 !!! [CE] :: Unknown category: 'vehicleparts'.
20:12:22.229 !!! [CE] :: Unknown category: 'vehicleparts'.
20:12:22.229 !!! [CE] :: Unknown category: 'vehicleparts'.
20:12:22.229 !!! [CE] :: Unknown category: 'vehicleparts'.
20:12:22.229 !!! [CE] :: Unknown category: 'vehicleparts'.
20:12:22.229 !!! [CE] :: Unknown category: 'vehicleparts'.
20:12:22.229 !!! [CE] :: Unknown category: 'vehicleparts'.
20:12:22.229 !!! [CE] :: Unknown category: 'vehicleparts'.
20:12:22.229 !!! [CE] :: Unknown category: 'vehicleparts'.
20:12:22.229 !!! [CE] :: Unknown category: 'vehicleparts'.
20:12:22.229 !!! [CE] :: Unknown usage: 'Fortknox'.
20:12:22.229 !!! [CE] :: Unknown usage: 'Mine'.
20:12:22.229 !!! [CE] :: Unknown usage: 'Mine'.
20:12:22.229 !!! [CE] :: Unknown usage: 'Temple'.
20:12:22.230 [CE][LoadPrototype] :: loaded 550 prototypes
20:12:22.230   989 containers, 11581 points
20:12:22.230   79 dispatches, 316 proxies
20:12:22.230 !!! [CE][LoadPrototype] 4 groups have no points...
20:12:22.230 !!! [CE][LoadPrototype] 2 groups have wrong points...
20:12:22.230 !!! [CE][LoadPrototype] 2 groups were defined more than once and skipped...
20:12:22.230 [CE][LoadPrototype] :: last group name: Land_Underground_Storage_Workshop...
20:12:22.234 [CE][LoadPrototype] :: loaded 0 prototypes
20:12:22.234   55 containers, 232 points
20:12:22.234   0 dispatches, 0 proxies
20:12:22.234 [CE][LoadPrototype] :: last group name: Rail9...
20:12:23.261 [CE][LoadMap] "Group" :: loaded 10479 groups, groups failed: 0, largest group range: 34.1
20:12:23.266 [CE][LoadMap] "Dirt" :: loaded 0 groups, groups failed: 0, largest group range: 34.1
20:12:23.469 [CE][Links] found 2684 total links between groups, of 10479
20:12:23.469 [CE][LoadClusters] "Cluster" :: Loading files...
20:12:23.600 [CE][LoadClusters] :: file: "mapgroupcluster.xml", 9 types, 50000 instances
20:12:23.738 [CE][LoadClusters] :: file: "mapgroupcluster01", 9 types, 50000 instances
20:12:23.870 [CE][LoadClusters] :: file: "mapgroupcluster02", 9 types, 50000 instances
20:12:23.870   9790 failed - check prototype defaults 'clusterMatrix' setups !!!
20:12:24.07 [CE][LoadClusters] :: file: "mapgroupcluster03", 9 types, 50000 instances
20:12:24.07   6758 failed - check prototype defaults 'clusterMatrix' setups !!!
20:12:24.81 [CE][LoadClusters] :: file: "mapgroupcluster04", 9 types, 24035 instances
20:12:24.82   2081 failed - check prototype defaults 'clusterMatrix' setups !!!
20:12:24.87 [CE][Storage] ver:21 stamp:761, valid:yes, name:"C:\Users\rylic\OneDrive\Desktop\Expansion-Dev-Server-Deer-Isle\mpmissions\empty.deerisle\storage_1\data\types.bin"
20:12:24.87 [CE][Storage] ver:21 stamp:760, valid:yes, name:"C:\Users\rylic\OneDrive\Desktop\Expansion-Dev-Server-Deer-Isle\mpmissions\empty.deerisle\storage_1\data\types.001"
20:12:24.88 [CE][Storage] ver:21 stamp:758, valid:yes, name:"C:\Users\rylic\OneDrive\Desktop\Expansion-Dev-Server-Deer-Isle\mpmissions\empty.deerisle\storage_1\data\types.002"
20:12:24.88 [CE][Storage] Restoring file "C:\Users\rylic\OneDrive\Desktop\Expansion-Dev-Server-Deer-Isle\mpmissions\empty.deerisle\storage_1\data\types.bin".
20:12:24.282 !!! [CE][offlineDB] :: No Shutdown message present.
20:12:24.284 [CE][offlineDB] :: Loaded 52 dynamic events 261 total types.
20:12:24.285 !!! [CE][DE] (VehicleTruck01) :: Unable to create child (Truck_01_Covered_Grey) as the type does not exist.
20:12:24.285 [CE][offlineDB] :: Loaded 62 dynamic events 318 total types.
20:12:24.303 !!! [CE][offlineDB] :: Type 'Bandage' will be ignored. (Type does not exist. (Typo?))
20:12:24.303 !!! [CE][offlineDB] :: Type 'BandanaMask_BlackPattern' will be ignored. (Type does not exist. (Typo?))
20:12:24.303 !!! [CE][offlineDB] :: Type 'BandanaMask_CamoPattern' will be ignored. (Type does not exist. (Typo?))
20:12:24.303 !!! [CE][offlineDB] :: Type 'BandanaMask_GreenPattern' will be ignored. (Type does not exist. (Typo?))
20:12:24.303 !!! [CE][offlineDB] :: Type 'BandanaMask_PolkaPattern' will be ignored. (Type does not exist. (Typo?))
20:12:24.303 !!! [CE][offlineDB] :: Type 'BandanaMask_RedPattern' will be ignored. (Type does not exist. (Typo?))
20:12:24.303 !!! [CE][offlineDB] :: Type 'BomberJacket_Black' will be ignored. (Type does not exist. (Typo?))
20:12:24.303 !!! [CE][offlineDB] :: Type 'BomberJacket_Blue' will be ignored. (Type does not exist. (Typo?))
20:12:24.303 !!! [CE][offlineDB] :: Type 'BomberJacket_Brown' will be ignored. (Type does not exist. (Typo?))
20:12:24.303 !!! [CE][offlineDB] :: Type 'BomberJacket_Grey' will be ignored. (Type does not exist. (Typo?))
20:12:24.303 !!! [CE][offlineDB] :: Type 'BomberJacket_Maroon' will be ignored. (Type does not exist. (Typo?))
20:12:24.303 !!! [CE][offlineDB] :: Type 'BomberJacket_Olive' will be ignored. (Type does not exist. (Typo?))
20:12:24.303 !!! [CE][offlineDB] :: Type 'BomberJacket_SkyBlue' will be ignored. (Type does not exist. (Typo?))
20:12:24.303 !!! [CE][offlineDB] :: Type 'ChristmasTree_Green' will be ignored. (Not spawnable. (Scope is not public?))
20:12:24.303 !!! [CE][offlineDB] :: Type 'ChristmasTree' will be ignored. (Not spawnable. (Scope is not public?))
20:12:24.304 !!! [CE][offlineDB] :: Type 'DallasMask' will be ignored. (Type does not exist. (Typo?))
20:12:24.304 !!! [CE][offlineDB] :: Type 'GorkaPants_Autumn' will be ignored. (Type does not exist. (Typo?))
20:12:24.304 !!! [CE][offlineDB] :: Type 'GorkaPants_Flat' will be ignored. (Type does not exist. (Typo?))
20:12:24.304 !!! [CE][offlineDB] :: Type 'GorkaPants_PautRev' will be ignored. (Type does not exist. (Typo?))
20:12:24.304 !!! [CE][offlineDB] :: Type 'GorkaPants_Summer' will be ignored. (Type does not exist. (Typo?))
20:12:24.304 !!! [CE][offlineDB] :: Type 'HoxtonMask' will be ignored. (Type does not exist. (Typo?))
20:12:24.304 !!! [CE][offlineDB] :: Type 'Jeans_Black' will be ignored. (Type does not exist. (Typo?))
20:12:24.304 !!! [CE][offlineDB] :: Type 'Jeans_Blue' will be ignored. (Type does not exist. (Typo?))
20:12:24.304 !!! [CE][offlineDB] :: Type 'Jeans_BlueDark' will be ignored. (Type does not exist. (Typo?))
20:12:24.304 !!! [CE][offlineDB] :: Type 'Jeans_Brown' will be ignored. (Type does not exist. (Typo?))
20:12:24.304 !!! [CE][offlineDB] :: Type 'Jeans_Green' will be ignored. (Type does not exist. (Typo?))
20:12:24.304 !!! [CE][offlineDB] :: Type 'Jeans_Grey' will be ignored. (Type does not exist. (Typo?))
20:12:24.304 !!! [CE][offlineDB] :: Type 'ManSuit_Beige' will be ignored. (Type does not exist. (Typo?))
20:12:24.304 !!! [CE][offlineDB] :: Type 'ManSuit_Black' will be ignored. (Type does not exist. (Typo?))
20:12:24.304 !!! [CE][offlineDB] :: Type 'ManSuit_Blue' will be ignored. (Type does not exist. (Typo?))
20:12:24.304 !!! [CE][offlineDB] :: Type 'ManSuit_Brown' will be ignored. (Type does not exist. (Typo?))
20:12:24.304 !!! [CE][offlineDB] :: Type 'ManSuit_DarkGrey' will be ignored. (Type does not exist. (Typo?))
20:12:24.304 !!! [CE][offlineDB] :: Type 'ManSuit_Khaki' will be ignored. (Type does not exist. (Typo?))
20:12:24.304 !!! [CE][offlineDB] :: Type 'ManSuit_LightGrey' will be ignored. (Type does not exist. (Typo?))
20:12:24.304 !!! [CE][offlineDB] :: Type 'ManSuit_White' will be ignored. (Type does not exist. (Typo?))
20:12:24.304 !!! [CE][offlineDB] :: Type 'MedicalScrubsPants_Blue' will be ignored. (Type does not exist. (Typo?))
20:12:24.304 !!! [CE][offlineDB] :: Type 'MedicalScrubsPants_Green' will be ignored. (Type does not exist. (Typo?))
20:12:24.304 !!! [CE][offlineDB] :: Type 'MedicalScrubsPants_White' will be ignored. (Type does not exist. (Typo?))
20:12:24.304 !!! [CE][offlineDB] :: Type 'MedicalScrubsShirt_Blue' will be ignored. (Type does not exist. (Typo?))
20:12:24.304 !!! [CE][offlineDB] :: Type 'MedicalScrubsShirt_Green' will be ignored. (Type does not exist. (Typo?))
20:12:24.304 !!! [CE][offlineDB] :: Type 'MedicalScrubsShirt_White' will be ignored. (Type does not exist. (Typo?))
20:12:24.304 !!! [CE][offlineDB] :: Type 'MountainBag_Red' will be ignored. (Type does not exist. (Typo?))
20:12:24.304 !!! [CE][offlineDB] :: Type 'Raincoat_Black' will be ignored. (Type does not exist. (Typo?))
20:12:24.304 !!! [CE][offlineDB] :: Type 'Raincoat_Blue' will be ignored. (Type does not exist. (Typo?))
20:12:24.304 !!! [CE][offlineDB] :: Type 'Raincoat_Green' will be ignored. (Type does not exist. (Typo?))
20:12:24.304 !!! [CE][offlineDB] :: Type 'Raincoat_Orange' will be ignored. (Type does not exist. (Typo?))
20:12:24.304 !!! [CE][offlineDB] :: Type 'Raincoat_Pink' will be ignored. (Type does not exist. (Typo?))
20:12:24.304 !!! [CE][offlineDB] :: Type 'Raincoat_Red' will be ignored. (Type does not exist. (Typo?))
20:12:24.304 !!! [CE][offlineDB] :: Type 'Raincoat_Yellow' will be ignored. (Type does not exist. (Typo?))
20:12:24.304 !!! [CE][offlineDB] :: Type 'SantasSleigh' will be ignored. (Type does not exist. (Typo?))
20:12:24.304 !!! [CE][offlineDB] :: Type 'SharpLongWoodenStick' will be ignored. (Type does not exist. (Typo?))
20:12:24.304 !!! [CE][offlineDB] :: Type 'Shirt_BlueCheck' will be ignored. (Type does not exist. (Typo?))
20:12:24.304 !!! [CE][offlineDB] :: Type 'Shirt_BlueCheckBright' will be ignored. (Type does not exist. (Typo?))
20:12:24.304 !!! [CE][offlineDB] :: Type 'Shirt_GreenCheck' will be ignored. (Type does not exist. (Typo?))
20:12:24.304 !!! [CE][offlineDB] :: Type 'Shirt_PlaneBlack' will be ignored. (Type does not exist. (Typo?))
20:12:24.304 !!! [CE][offlineDB] :: Type 'Shirt_RedCheck' will be ignored. (Type does not exist. (Typo?))
20:12:24.304 !!! [CE][offlineDB] :: Type 'Shirt_WhiteCheck' will be ignored. (Type does not exist. (Typo?))
20:12:24.304 !!! [CE][offlineDB] :: Type 'SlacksPants_Beige' will be ignored. (Type does not exist. (Typo?))
20:12:24.304 !!! [CE][offlineDB] :: Type 'SlacksPants_Black' will be ignored. (Type does not exist. (Typo?))
20:12:24.304 !!! [CE][offlineDB] :: Type 'SlacksPants_Blue' will be ignored. (Type does not exist. (Typo?))
20:12:24.304 !!! [CE][offlineDB] :: Type 'SlacksPants_Brown' will be ignored. (Type does not exist. (Typo?))
20:12:24.304 !!! [CE][offlineDB] :: Type 'SlacksPants_DarkGrey' will be ignored. (Type does not exist. (Typo?))
20:12:24.304 !!! [CE][offlineDB] :: Type 'SlacksPants_Khaki' will be ignored. (Type does not exist. (Typo?))
20:12:24.304 !!! [CE][offlineDB] :: Type 'SlacksPants_LightGrey' will be ignored. (Type does not exist. (Typo?))
20:12:24.304 !!! [CE][offlineDB] :: Type 'SlacksPants_White' will be ignored. (Type does not exist. (Typo?))
20:12:24.304 !!! [CE][offlineDB] :: Type 'Spear' will be ignored. (Not spawnable. (Scope is not public?))
20:12:24.304 !!! [CE][offlineDB] :: Type 'TShirt_Beige' will be ignored. (Type does not exist. (Typo?))
20:12:24.304 !!! [CE][offlineDB] :: Type 'TShirt_Black' will be ignored. (Type does not exist. (Typo?))
20:12:24.305 !!! [CE][offlineDB] :: Type 'TShirt_Blue' will be ignored. (Type does not exist. (Typo?))
20:12:24.305 !!! [CE][offlineDB] :: Type 'TShirt_Green' will be ignored. (Type does not exist. (Typo?))
20:12:24.305 !!! [CE][offlineDB] :: Type 'TShirt_Grey' will be ignored. (Type does not exist. (Typo?))
20:12:24.305 !!! [CE][offlineDB] :: Type 'TShirt_OrangeWhiteStripes' will be ignored. (Type does not exist. (Typo?))
20:12:24.305 !!! [CE][offlineDB] :: Type 'TShirt_Red' will be ignored. (Type does not exist. (Typo?))
20:12:24.305 !!! [CE][offlineDB] :: Type 'TShirt_RedBlackStripes' will be ignored. (Type does not exist. (Typo?))
20:12:24.305 !!! [CE][offlineDB] :: Type 'TShirt_White' will be ignored. (Type does not exist. (Typo?))
20:12:24.305 !!! [CE][offlineDB] :: Type 'TransitBus' will be ignored. (Type does not exist. (Typo?))
20:12:24.305 !!! [CE][offlineDB] :: Type 'WitchHood_Chainmail_Black' will be ignored. (Type does not exist. (Typo?))
20:12:24.305 !!! [CE][offlineDB] :: Type 'WitchHood_Chainmail_Brown' will be ignored. (Type does not exist. (Typo?))
20:12:24.305 !!! [CE][offlineDB] :: Type 'WitchHood_Chainmail_Red' will be ignored. (Type does not exist. (Typo?))
20:12:24.305 !!! [CE][offlineDB] :: Type 'WolfMask' will be ignored. (Type does not exist. (Typo?))
20:12:24.305 !!! [CE][offlineDB] :: Type 'ttcelticaxe' will be ignored. (Type does not exist. (Typo?))
20:12:24.305 !!! [CE][offlineDB] :: Type 'tantosword' will be ignored. (Type does not exist. (Typo?))
20:12:24.305 !!! [CE][offlineDB] :: Type 'STAG_Flag_Gespiegelt' will be ignored. (Type does not exist. (Typo?))
20:12:24.305 !!! [CE][offlineDB] :: Type 'STAG_Clothing_MountainBag' will be ignored. (Type does not exist. (Typo?))
20:12:24.311 !!! [CE][offlineDB] :: Type 'Expansion_M79' will be ignored. (Not spawnable. (Scope is not public?))
20:12:24.311 !!! [CE][offlineDB] :: Type 'ExpansionFlaregun' will be ignored. (Not spawnable. (Scope is not public?))
20:12:24.311 !!! [CE][offlineDB] :: Type 'Expansion_Longhorn' will be ignored. (Not spawnable. (Scope is not public?))
20:12:24.318 !!! [CE][offlineDB] :: Type 'DOC_Bocchi' will be ignored. (Type does not exist. (Typo?))
20:12:24.318 !!! [CE][offlineDB] :: Type 'DOC_Metallia' will be ignored. (Type does not exist. (Typo?))
20:12:24.318 !!! [CE][offlineDB] :: Type 'DOC_Pedro' will be ignored. (Type does not exist. (Typo?))
20:12:24.318 !!! [CE][offlineDB] :: Type 'DOC_Violet' will be ignored. (Type does not exist. (Typo?))
20:12:24.318 !!! [CE][offlineDB] :: Type 'DOC_42Finger' will be ignored. (Type does not exist. (Typo?))
20:12:24.318 !!! [CE][offlineDB] :: Type 'DOC_Squidward' will be ignored. (Type does not exist. (Typo?))
20:12:24.318 !!! [CE][offlineDB] :: Type 'Armband_DOC_Bocchi' will be ignored. (Type does not exist. (Typo?))
20:12:24.318 !!! [CE][offlineDB] :: Type 'Armband_DOC_Metallia' will be ignored. (Type does not exist. (Typo?))
20:12:24.318 !!! [CE][offlineDB] :: Type 'Armband_DOC_Pedro' will be ignored. (Type does not exist. (Typo?))
20:12:24.318 !!! [CE][offlineDB] :: Type 'Armband_DOC_42FINGERS' will be ignored. (Type does not exist. (Typo?))
20:12:24.318 !!! [CE][offlineDB] :: Type 'Armband_DOC_Violet' will be ignored. (Type does not exist. (Typo?))
20:12:24.318 !!! [CE][offlineDB] :: Type 'Armband_DOC_Squidward' will be ignored. (Type does not exist. (Typo?))
20:12:24.318 !!! [CE][offlineDB] :: Type 'DOC_Jacket_Red42' will be ignored. (Type does not exist. (Typo?))
20:12:24.318 !!! [CE][offlineDB] :: Type 'DOC_Raincoat_Red42' will be ignored. (Type does not exist. (Typo?))
20:12:24.318 !!! [CE][offlineDB] :: Type 'DOC_Jeans_Red42' will be ignored. (Type does not exist. (Typo?))
20:12:24.318 !!! [CE][offlineDB] :: Type 'DOC_ADMIN_BLUE_TOP' will be ignored. (Type does not exist. (Typo?))
20:12:24.318 !!! [CE][offlineDB] :: Type 'DOC_ADMIN_BLUE_BOTTOM' will be ignored. (Type does not exist. (Typo?))
20:12:24.318 !!! [CE][offlineDB] :: Type 'DOC_ADMIN_DOC_TOP' will be ignored. (Type does not exist. (Typo?))
20:12:24.318 !!! [CE][offlineDB] :: Type 'DOC_ADMIDOC_GHILLIE_REDGREY' will be ignored. (Type does not exist. (Typo?))
20:12:24.318 !!! [CE][offlineDB] :: Type 'DOC_GHILLIETOP_REDGREY' will be ignored. (Type does not exist. (Typo?))
20:12:24.318 !!! [CE][offlineDB] :: Type 'DOC_GHILLIE_GUNWRAP_REDGREY' will be ignored. (Type does not exist. (Typo?))
20:12:24.318 !!! [CE][offlineDB] :: Type 'DOC_GHILLIE_BLUEBLACK' will be ignored. (Type does not exist. (Typo?))
20:12:24.318 !!! [CE][offlineDB] :: Type 'DOC_GHILLIE_GUNWRAP_BLUEBLAC' will be ignored. (Type does not exist. (Typo?))
20:12:24.318 !!! [CE][offlineDB] :: Type 'DOC_GHILLIETOP_BLUEBLACK' will be ignored. (Type does not exist. (Typo?))
20:12:24.318 !!! [CE][offlineDB] :: Type 'Airsoft_M4A1' will be ignored. (Type does not exist. (Typo?))
20:12:24.318 !!! [CE][offlineDB] :: Type 'Airsoft_AK' will be ignored. (Type does not exist. (Typo?))
20:12:24.318 !!! [CE][offlineDB] :: Type 'Airsoft_Sniper' will be ignored. (Type does not exist. (Typo?))
20:12:24.318 !!! [CE][offlineDB] :: Type 'Mag_Airsoft_M4' will be ignored. (Type does not exist. (Typo?))
20:12:24.318 !!! [CE][offlineDB] :: Type 'Mag_Airsoft_AK' will be ignored. (Type does not exist. (Typo?))
20:12:24.318 !!! [CE][offlineDB] :: Type 'Ammo_Airsoft762' will be ignored. (Type does not exist. (Typo?))
20:12:24.318 !!! [CE][offlineDB] :: Type 'Ammo_Airsoft556' will be ignored. (Type does not exist. (Typo?))
20:12:24.318 !!! [CE][offlineDB] :: Type 'Ammo_Airsoft308' will be ignored. (Type does not exist. (Typo?))
20:12:24.318 !!! [CE][offlineDB] :: Type 'Prefab_Cabin' will be ignored. (Type does not exist. (Typo?))
20:12:24.318 !!! [CE][offlineDB] :: Type 'Cabin_Kit' will be ignored. (Type does not exist. (Typo?))
20:12:24.318 !!! [CE][offlineDB] :: Type 'Sk_Cabinet' will be ignored. (Type does not exist. (Typo?))
20:12:24.318 !!! [CE][offlineDB] :: Type 'Cabin_Water_Pump' will be ignored. (Type does not exist. (Typo?))
20:12:24.318 !!! [CE][offlineDB] :: Type 'Radioactive_bear_Meat' will be ignored. (Type does not exist. (Typo?))
20:12:24.318 !!! [CE][offlineDB] :: Type 'Radioactive_wolf_Meat' will be ignored. (Type does not exist. (Typo?))
20:12:24.318 !!! [CE][offlineDB] :: Type 'DXMediumTent_1' will be ignored. (Type does not exist. (Typo?))
20:12:24.318 !!! [CE][offlineDB] :: Type 'DXMediumTent_2' will be ignored. (Type does not exist. (Typo?))
20:12:24.318 !!! [CE][offlineDB] :: Type 'DXMediumTent_3' will be ignored. (Type does not exist. (Typo?))
20:12:24.318 !!! [CE][offlineDB] :: Type 'DXMediumTent_4' will be ignored. (Type does not exist. (Typo?))
20:12:24.318 !!! [CE][offlineDB] :: Type 'DXMediumTent_5' will be ignored. (Type does not exist. (Typo?))
20:12:24.318 !!! [CE][offlineDB] :: Type 'DXMediumTent_6' will be ignored. (Type does not exist. (Typo?))
20:12:24.318 !!! [CE][offlineDB] :: Type 'DXMediumTent_7' will be ignored. (Type does not exist. (Typo?))
20:12:24.318 !!! [CE][offlineDB] :: Type 'DXMediumTent_8' will be ignored. (Type does not exist. (Typo?))
20:12:24.318 !!! [CE][offlineDB] :: Type 'DXMediumTent_9' will be ignored. (Type does not exist. (Typo?))
20:12:24.318 !!! [CE][offlineDB] :: Type 'DXMediumTent_10' will be ignored. (Type does not exist. (Typo?))
20:12:24.318 !!! [CE][offlineDB] :: Type 'DXMediumTent_11' will be ignored. (Type does not exist. (Typo?))
20:12:24.318 !!! [CE][offlineDB] :: Type 'SWAT_Pants' will be ignored. (Type does not exist. (Typo?))
20:12:24.318 !!! [CE][offlineDB] :: Type 'SWAT_Balaclava' will be ignored. (Type does not exist. (Typo?))
20:12:24.318 !!! [CE][offlineDB] :: Type 'SWAT_Gloves' will be ignored. (Type does not exist. (Typo?))
20:12:24.318 !!! [CE][offlineDB] :: Type 'SWAT_Goggles' will be ignored. (Type does not exist. (Typo?))
20:12:24.318 !!! [CE][offlineDB] :: Type 'SWAT_Shirt' will be ignored. (Type does not exist. (Typo?))
20:12:24.318 !!! [CE][offlineDB] :: Type 'SWAT_Vest' will be ignored. (Type does not exist. (Typo?))
20:12:24.318 !!! [CE][offlineDB] :: Type 'SWAT_Helmet' will be ignored. (Type does not exist. (Typo?))
20:12:24.318 !!! [CE][offlineDB] :: Type 'RFSolarPanel' will be ignored. (Type does not exist. (Typo?))
20:12:24.318 !!! [CE][offlineDB] :: Type 'RFSolarPanelKit' will be ignored. (Type does not exist. (Typo?))
20:12:24.318 !!! [CE][offlineDB] :: Type 'MVS_Combat_Vest_Black_Camo_Bunker' will be ignored. (Type does not exist. (Typo?))
20:12:24.318 !!! [CE][offlineDB] :: Type 'MVS_Combat_Vest_Black_Camo2_Bunker' will be ignored. (Type does not exist. (Typo?))
20:12:24.318 !!! [CE][offlineDB] :: Type 'MVS_Combat_Vest_Camo_Orange_Bunker' will be ignored. (Type does not exist. (Typo?))
20:12:24.319 !!! [CE][offlineDB] :: Type 'MVS_Combat_Vest_Camo_Tigr_Bunker' will be ignored. (Type does not exist. (Typo?))
20:12:24.319 !!! [CE][offlineDB] :: Type 'MVS_Combat_Vest_ELRD_Camo' will be ignored. (Type does not exist. (Typo?))
20:12:24.319 !!! [CE][offlineDB] :: Type 'MVS_Combat_Vest_Green_Camo_Bunker' will be ignored. (Type does not exist. (Typo?))
20:12:24.319 !!! [CE][offlineDB] :: Type 'MVS_Magazine_Pouch_Black_Camo_Bunker' will be ignored. (Type does not exist. (Typo?))
20:12:24.319 !!! [CE][offlineDB] :: Type 'MVS_Magazine_Pouch_Black_Camo2_Bunker' will be ignored. (Type does not exist. (Typo?))
20:12:24.319 !!! [CE][offlineDB] :: Type 'MVS_Magazine_Pouch_Camo_Orange_Bunker' will be ignored. (Type does not exist. (Typo?))
20:12:24.319 !!! [CE][offlineDB] :: Type 'MVS_Magazine_Pouch_Camo_Tigr_Bunker' will be ignored. (Type does not exist. (Typo?))
20:12:24.319 !!! [CE][offlineDB] :: Type 'MVS_Magazine_Pouch_ELRD_Camo_Bunker' will be ignored. (Type does not exist. (Typo?))
20:12:24.319 !!! [CE][offlineDB] :: Type 'MVS_Magazine_Pouch_Green_Camo_Bunker' will be ignored. (Type does not exist. (Typo?))
20:12:24.319 !!! [CE][offlineDB] :: Type 'MVS_Admin_Pouch_Black_Camo_Bunker' will be ignored. (Type does not exist. (Typo?))
20:12:24.319 !!! [CE][offlineDB] :: Type 'MVS_Admin_Pouch_Black_Camo2_Bunker' will be ignored. (Type does not exist. (Typo?))
20:12:24.319 !!! [CE][offlineDB] :: Type 'MVS_Admin_Pouch_Camo_Orange_Bunker' will be ignored. (Type does not exist. (Typo?))
20:12:24.319 !!! [CE][offlineDB] :: Type 'MVS_Admin_Pouch_Camo_Tigr_Bunker' will be ignored. (Type does not exist. (Typo?))
20:12:24.319 !!! [CE][offlineDB] :: Type 'MVS_Admin_Pouch_ELRD_Camo_Bunker' will be ignored. (Type does not exist. (Typo?))
20:12:24.319 !!! [CE][offlineDB] :: Type 'MVS_Admin_Pouch_Green_Camo_Bunker' will be ignored. (Type does not exist. (Typo?))
20:12:24.319 !!! [CE][offlineDB] :: Type 'MVS_Utility_Pouch_Black_Camo_Bunker' will be ignored. (Type does not exist. (Typo?))
20:12:24.319 !!! [CE][offlineDB] :: Type 'MVS_Utility_Pouch_Black_Camo2_Bunker' will be ignored. (Type does not exist. (Typo?))
20:12:24.319 !!! [CE][offlineDB] :: Type 'MVS_Utility_Pouch_Camo_Orange_Bunker' will be ignored. (Type does not exist. (Typo?))
20:12:24.319 !!! [CE][offlineDB] :: Type 'MVS_Utility_Pouch_Camo_Tigr_Bunker' will be ignored. (Type does not exist. (Typo?))
20:12:24.319 !!! [CE][offlineDB] :: Type 'MVS_Utility_Pouch_ELRD_Camo_Bunker' will be ignored. (Type does not exist. (Typo?))
20:12:24.319 !!! [CE][offlineDB] :: Type 'MVS_Utility_Pouch_Green_Camo_Bunker' will be ignored. (Type does not exist. (Typo?))
20:12:24.319 !!! [CE][offlineDB] :: Type 'MVS_Medical_Pouch_Camo_Orange_Bunker' will be ignored. (Type does not exist. (Typo?))
20:12:24.319 !!! [CE][offlineDB] :: Type 'MVS_Medical_Pouch_Camo_Tigr_Bunker' will be ignored. (Type does not exist. (Typo?))
20:12:24.319 !!! [CE][offlineDB] :: Type 'MVS_Medical_Pouch_ELRD_Camo_Bunker' will be ignored. (Type does not exist. (Typo?))
20:12:24.319 !!! [CE][offlineDB] :: Type 'MVS_Pack_Black_Camo_Bunker' will be ignored. (Type does not exist. (Typo?))
20:12:24.319 !!! [CE][offlineDB] :: Type 'MVS_Pack_Black_Camo2_Bunker' will be ignored. (Type does not exist. (Typo?))
20:12:24.319 !!! [CE][offlineDB] :: Type 'MVS_Pack_Camo_Orange_Bunker' will be ignored. (Type does not exist. (Typo?))
20:12:24.319 !!! [CE][offlineDB] :: Type 'MVS_Pack_Camo_Tigr_Bunker' will be ignored. (Type does not exist. (Typo?))
20:12:24.319 !!! [CE][offlineDB] :: Type 'MVS_Pack_ELRD_Camo_Bunker' will be ignored. (Type does not exist. (Typo?))
20:12:24.319 !!! [CE][offlineDB] :: Type 'MVS_Pack_Green_Camo_Bunker' will be ignored. (Type does not exist. (Typo?))
20:12:24.319 !!! [CE][offlineDB] :: Type 'MVS_Combat_Vest_Heavy_Black_Camo_Bunker' will be ignored. (Type does not exist. (Typo?))
20:12:24.319 !!! [CE][offlineDB] :: Type 'MVS_Combat_Vest_Heavy_Black_Camo2_Bunker' will be ignored. (Type does not exist. (Typo?))
20:12:24.319 !!! [CE][offlineDB] :: Type 'MVS_Combat_Vest_Heavy_Camo_Orange_Bunker' will be ignored. (Type does not exist. (Typo?))
20:12:24.319 !!! [CE][offlineDB] :: Type 'MVS_Combat_Vest_Heavy_Camo_Tigr_Bunker' will be ignored. (Type does not exist. (Typo?))
20:12:24.319 !!! [CE][offlineDB] :: Type 'MVS_Combat_Vest_Heavy_ELRD_Camo_Bunker' will be ignored. (Type does not exist. (Typo?))
20:12:24.319 !!! [CE][offlineDB] :: Type 'MVS_Combat_Vest_Heavy_Green_Camo_Bunker' will be ignored. (Type does not exist. (Typo?))
20:12:24.319 !!! [CE][offlineDB] :: Type 'MVS_Taco_Pouch_Black_Camo_Bunker' will be ignored. (Type does not exist. (Typo?))
20:12:24.319 !!! [CE][offlineDB] :: Type 'MVS_Taco_Pouch_Black_Camo2_Bunker' will be ignored. (Type does not exist. (Typo?))
20:12:24.319 !!! [CE][offlineDB] :: Type 'MVS_Taco_Pouch_Camo_Orange_Bunker' will be ignored. (Type does not exist. (Typo?))
20:12:24.319 !!! [CE][offlineDB] :: Type 'MVS_Taco_Pouch_Camo_Tigr_Bunker' will be ignored. (Type does not exist. (Typo?))
20:12:24.319 !!! [CE][offlineDB] :: Type 'MVS_Taco_Pouch_ELRD_Camo_Bunker' will be ignored. (Type does not exist. (Typo?))
20:12:24.319 !!! [CE][offlineDB] :: Type 'MVS_Taco_Pouch_Green_Camo_Bunker' will be ignored. (Type does not exist. (Typo?))
20:12:24.319 !!! [CE][offlineDB] :: Type 'MVS_Pakol_Comtac' will be ignored. (Type does not exist. (Typo?))
20:12:24.319 !!! [CE][offlineDB] :: Type 'MVS_canteen_Black_Camo_Bunker' will be ignored. (Type does not exist. (Typo?))
20:12:24.319 !!! [CE][offlineDB] :: Type 'MVS_canteen_Black_Camo2_Bunker' will be ignored. (Type does not exist. (Typo?))
20:12:24.319 !!! [CE][offlineDB] :: Type 'MVS_canteen_Camp_Orange' will be ignored. (Type does not exist. (Typo?))
20:12:24.319 !!! [CE][offlineDB] :: Type 'MVS_canteen_Camo_Tigr_Bunker' will be ignored. (Type does not exist. (Typo?))
20:12:24.319 !!! [CE][offlineDB] :: Type 'MVS_canteen_ELRD_Camo_Bunker' will be ignored. (Type does not exist. (Typo?))
20:12:24.319 !!! [CE][offlineDB] :: Type 'MVS_canteen_Green_Camo_Bunker' will be ignored. (Type does not exist. (Typo?))
20:12:24.319 !!! [CE][offlineDB] :: Type 'MVS_OpsCore_Black_Camo_Bunker' will be ignored. (Type does not exist. (Typo?))
20:12:24.319 !!! [CE][offlineDB] :: Type 'MVS_OpsCore_Black_Camo2_Bunker' will be ignored. (Type does not exist. (Typo?))
20:12:24.319 !!! [CE][offlineDB] :: Type 'MVS_OpsCore_Camo_Orange_Bunker' will be ignored. (Type does not exist. (Typo?))
20:12:24.319 !!! [CE][offlineDB] :: Type 'MVS_OpsCore_Camo_Tigr_Bunker' will be ignored. (Type does not exist. (Typo?))
20:12:24.319 !!! [CE][offlineDB] :: Type 'MVS_OpsCore_ELRD_Camo_Bunker' will be ignored. (Type does not exist. (Typo?))
20:12:24.319 !!! [CE][offlineDB] :: Type 'MVS_OpsCore_Green_Camo_Bunker' will be ignored. (Type does not exist. (Typo?))
20:12:24.319 !!! [CE][offlineDB] :: Type 'MVS_GorkaPants' will be ignored. (Type does not exist. (Typo?))
20:12:24.319 !!! [CE][offlineDB] :: Type 'MVS_GorkaPants_Snow' will be ignored. (Type does not exist. (Typo?))
20:12:24.319 !!! [CE][offlineDB] :: Type 'MVS_ArmoredHelmet_Black_Camo_Bunker' will be ignored. (Type does not exist. (Typo?))
20:12:24.319 !!! [CE][offlineDB] :: Type 'MVS_ArmoredHelmet_Black_Camo2_Bunker' will be ignored. (Type does not exist. (Typo?))
20:12:24.319 !!! [CE][offlineDB] :: Type 'MVS_ArmoredHelmet_Camo_Orange_Bunker' will be ignored. (Type does not exist. (Typo?))
20:12:24.319 !!! [CE][offlineDB] :: Type 'MVS_ArmoredHelmet_Camo_Tigr_Bunker' will be ignored. (Type does not exist. (Typo?))
20:12:24.319 !!! [CE][offlineDB] :: Type 'MVS_ArmoredHelmet_ELRD_Camo_Bunker' will be ignored. (Type does not exist. (Typo?))
20:12:24.319 !!! [CE][offlineDB] :: Type 'MVS_ArmoredHelmet_Green_Camo_Bunker' will be ignored. (Type does not exist. (Typo?))
20:12:24.320 !!! [CE][offlineDB] :: Type 'MVS_Rucksack_Black_Camo_Bunker' will be ignored. (Type does not exist. (Typo?))
20:12:24.320 !!! [CE][offlineDB] :: Type 'MVS_Rucksack_Black_Camo2_Bunker' will be ignored. (Type does not exist. (Typo?))
20:12:24.320 !!! [CE][offlineDB] :: Type 'MVS_Rucksack_Camo_Orange_Bunker' will be ignored. (Type does not exist. (Typo?))
20:12:24.320 !!! [CE][offlineDB] :: Type 'MVS_Rucksack_Camo_Tigr_Bunker' will be ignored. (Type does not exist. (Typo?))
20:12:24.320 !!! [CE][offlineDB] :: Type 'MVS_Rucksack_ELRD_Camo_Bunker' will be ignored. (Type does not exist. (Typo?))
20:12:24.320 !!! [CE][offlineDB] :: Type 'MVS_Rucksack_Green_Camo_Bunker' will be ignored. (Type does not exist. (Typo?))
20:12:24.320 !!! [CE][offlineDB] :: Type 'MVS_Compact_1_Black_Camo_Bunker' will be ignored. (Type does not exist. (Typo?))
20:12:24.320 !!! [CE][offlineDB] :: Type 'MVS_Compact_1_Black_Camo2_Bunker' will be ignored. (Type does not exist. (Typo?))
20:12:24.320 !!! [CE][offlineDB] :: Type 'MVS_Compact_1_Camo_Orange_Bunker' will be ignored. (Type does not exist. (Typo?))
20:12:24.320 !!! [CE][offlineDB] :: Type 'MVS_Compact_1_Camo_Tigr_Bunker' will be ignored. (Type does not exist. (Typo?))
20:12:24.320 !!! [CE][offlineDB] :: Type 'MVS_Compact_1_ELRD_Camo_Bunker' will be ignored. (Type does not exist. (Typo?))
20:12:24.320 !!! [CE][offlineDB] :: Type 'MVS_Compact_1_Green_Camo_Bunker' will be ignored. (Type does not exist. (Typo?))
20:12:24.320 !!! [CE][offlineDB] :: Type 'MVS_Compact_2_Black_Camo_Bunker' will be ignored. (Type does not exist. (Typo?))
20:12:24.320 !!! [CE][offlineDB] :: Type 'MVS_Compact_2_Black_Camo2_Bunker' will be ignored. (Type does not exist. (Typo?))
20:12:24.320 !!! [CE][offlineDB] :: Type 'MVS_Compact_2_Camo_Orange_Bunker' will be ignored. (Type does not exist. (Typo?))
20:12:24.320 !!! [CE][offlineDB] :: Type 'MVS_Compact_2_Camo_Tigr_Bunker' will be ignored. (Type does not exist. (Typo?))
20:12:24.320 !!! [CE][offlineDB] :: Type 'MVS_Compact_2_ELRD_Camo_Bunker' will be ignored. (Type does not exist. (Typo?))
20:12:24.320 !!! [CE][offlineDB] :: Type 'MVS_Compact_2_Green_Camo_Bunker' will be ignored. (Type does not exist. (Typo?))
20:12:24.320 !!! [CE][offlineDB] :: Type 'MVS_ChestRig_Black_Camo_Bunker' will be ignored. (Type does not exist. (Typo?))
20:12:24.320 !!! [CE][offlineDB] :: Type 'MVS_ChestRig_Black_Camo2_Bunker' will be ignored. (Type does not exist. (Typo?))
20:12:24.320 !!! [CE][offlineDB] :: Type 'MVS_ChestRig_Camo_Orange_Bunker' will be ignored. (Type does not exist. (Typo?))
20:12:24.320 !!! [CE][offlineDB] :: Type 'MVS_ChestRig_Camo_Tigr_Bunker' will be ignored. (Type does not exist. (Typo?))
20:12:24.320 !!! [CE][offlineDB] :: Type 'MVS_ChestRig_ELRD_Camo_Bunker' will be ignored. (Type does not exist. (Typo?))
20:12:24.320 !!! [CE][offlineDB] :: Type 'MVS_ChestRig_Green_Camo_Bunker' will be ignored. (Type does not exist. (Typo?))
20:12:24.320 !!! [CE][offlineDB] :: Type 'MVS_Balaclava_Wraith_Comtacs' will be ignored. (Type does not exist. (Typo?))
20:12:24.320 !!! [CE][offlineDB] :: Type 'MVS_GorkaPants_Multicam' will be ignored. (Type does not exist. (Typo?))
20:12:24.320 !!! [CE][offlineDB] :: Type 'MVS_GorkaPants_Multicam_Tropic' will be ignored. (Type does not exist. (Typo?))
20:12:24.320 !!! [CE][offlineDB] :: Type 'MVS_GorkaPants_Multicam_Black' will be ignored. (Type does not exist. (Typo?))
20:12:24.320 !!! [CE][offlineDB] :: Type 'MVS_Assault_Pack_Black_Camo_Bunker' will be ignored. (Type does not exist. (Typo?))
20:12:24.320 !!! [CE][offlineDB] :: Type 'MVS_Assault_Pack_Black_Camo2_Bunker' will be ignored. (Type does not exist. (Typo?))
20:12:24.320 !!! [CE][offlineDB] :: Type 'MVS_Assault_Pack_Camo_Orange_Bunker' will be ignored. (Type does not exist. (Typo?))
20:12:24.320 !!! [CE][offlineDB] :: Type 'MVS_Assault_Pack_Camo_Tigr_Bunker' will be ignored. (Type does not exist. (Typo?))
20:12:24.320 !!! [CE][offlineDB] :: Type 'MVS_Assault_Pack_ELRD_Camo_Bunker' will be ignored. (Type does not exist. (Typo?))
20:12:24.320 !!! [CE][offlineDB] :: Type 'MVS_Assault_Pack_Green_Camo_Bunker' will be ignored. (Type does not exist. (Typo?))
20:12:24.320 !!! [CE][offlineDB] :: Type 'MVS_CombatPants_Black_Camo_Bunker' will be ignored. (Type does not exist. (Typo?))
20:12:24.320 !!! [CE][offlineDB] :: Type 'MVS_CombatPants_Black_Camo2_Bunker' will be ignored. (Type does not exist. (Typo?))
20:12:24.320 !!! [CE][offlineDB] :: Type 'MVS_CombatPants_Camo_Orange_Bunker' will be ignored. (Type does not exist. (Typo?))
20:12:24.320 !!! [CE][offlineDB] :: Type 'MVS_CombatPants_Camo_Tigr_Bunker' will be ignored. (Type does not exist. (Typo?))
20:12:24.320 !!! [CE][offlineDB] :: Type 'MVS_CombatPants_ELRD_Camo_Bunker' will be ignored. (Type does not exist. (Typo?))
20:12:24.320 !!! [CE][offlineDB] :: Type 'MVS_CombatPants_Green_Camo_Bunker' will be ignored. (Type does not exist. (Typo?))
20:12:24.320 !!! [CE][offlineDB] :: Type 'MVS_CombatShirt_Black_Camo_Bunker' will be ignored. (Type does not exist. (Typo?))
20:12:24.320 !!! [CE][offlineDB] :: Type 'MVS_CombatShirt_Black_Camo2_Bunker' will be ignored. (Type does not exist. (Typo?))
20:12:24.320 !!! [CE][offlineDB] :: Type 'MVS_CombatShirt_Camo_Orange_Bunker' will be ignored. (Type does not exist. (Typo?))
20:12:24.320 !!! [CE][offlineDB] :: Type 'MVS_CombatShirt_Camo_Tigr_Bunker' will be ignored. (Type does not exist. (Typo?))
20:12:24.320 !!! [CE][offlineDB] :: Type 'MVS_CombatShirt_ELRD_Camo_Bunker' will be ignored. (Type does not exist. (Typo?))
20:12:24.320 !!! [CE][offlineDB] :: Type 'MVS_CombatShirt_Green_Camo_Bunker' will be ignored. (Type does not exist. (Typo?))
20:12:24.320 !!! [CE][offlineDB] :: Type 'MVS_Molle_Panel_Black_Camo_Bunker' will be ignored. (Type does not exist. (Typo?))
20:12:24.320 !!! [CE][offlineDB] :: Type 'MVS_Molle_Panel_Black_Camo2_Bunker' will be ignored. (Type does not exist. (Typo?))
20:12:24.320 !!! [CE][offlineDB] :: Type 'MVS_Molle_Panel_Camo_Orange_Bunker' will be ignored. (Type does not exist. (Typo?))
20:12:24.320 !!! [CE][offlineDB] :: Type 'MVS_Molle_Panel_Camo_Tigr_Bunker' will be ignored. (Type does not exist. (Typo?))
20:12:24.320 !!! [CE][offlineDB] :: Type 'MVS_Molle_Panel_ELRD_Camo_Bunker' will be ignored. (Type does not exist. (Typo?))
20:12:24.320 !!! [CE][offlineDB] :: Type 'MVS_Molle_Panel_Green_Camo_Bunker' will be ignored. (Type does not exist. (Typo?))
20:12:24.320 !!! [CE][offlineDB] :: Type 'MVS_6B47_Helmet_Black_Camo_Bunker' will be ignored. (Type does not exist. (Typo?))
20:12:24.320 !!! [CE][offlineDB] :: Type 'MVS_6B47_Helmet_Black_Camo2_Bunker' will be ignored. (Type does not exist. (Typo?))
20:12:24.320 !!! [CE][offlineDB] :: Type 'MVS_6B47_Helmet_Camo_Orange_Bunker' will be ignored. (Type does not exist. (Typo?))
20:12:24.320 !!! [CE][offlineDB] :: Type 'MVS_6B47_Helmet_Camo_Tigr_Bunker' will be ignored. (Type does not exist. (Typo?))
20:12:24.320 !!! [CE][offlineDB] :: Type 'MVS_6B47_Helmet_ELRD_Camo_Bunker' will be ignored. (Type does not exist. (Typo?))
20:12:24.320 !!! [CE][offlineDB] :: Type 'MVS_6B47_Helmet_Green_Camo_Bunker' will be ignored. (Type does not exist. (Typo?))
20:12:24.320 !!! [CE][offlineDB] :: Type 'MVS_Helmet_02_Black_Camo_Bunker' will be ignored. (Type does not exist. (Typo?))
20:12:24.320 !!! [CE][offlineDB] :: Type 'MVS_Helmet_02_Black_Camo_Bunker2' will be ignored. (Type does not exist. (Typo?))
20:12:24.320 !!! [CE][offlineDB] :: Type 'MVS_Helmet_02_Camo_Orange_Bunker' will be ignored. (Type does not exist. (Typo?))
20:12:24.320 !!! [CE][offlineDB] :: Type 'MVS_Helmet_02_Camo_Tigr_Bunker' will be ignored. (Type does not exist. (Typo?))
20:12:24.320 !!! [CE][offlineDB] :: Type 'MVS_Helmet_02_ELRD_Camo_Bunker' will be ignored. (Type does not exist. (Typo?))
20:12:24.320 !!! [CE][offlineDB] :: Type 'MVS_Helmet_02_Green_Camo_Bunker' will be ignored. (Type does not exist. (Typo?))
20:12:24.320 !!! [CE][offlineDB] :: Type 'MVS_SlingPack_Black_Camo_Bunker' will be ignored. (Type does not exist. (Typo?))
20:12:24.320 !!! [CE][offlineDB] :: Type 'MVS_SlingPack_Black_Camo2_Bunker' will be ignored. (Type does not exist. (Typo?))
20:12:24.320 !!! [CE][offlineDB] :: Type 'MVS_SlingPack_Camo_Orange_Bunker' will be ignored. (Type does not exist. (Typo?))
20:12:24.320 !!! [CE][offlineDB] :: Type 'MVS_SlingPack_Camo_Tigr_Bunker' will be ignored. (Type does not exist. (Typo?))
20:12:24.320 !!! [CE][offlineDB] :: Type 'MVS_SlingPack_ELRD_Camo_Bunker' will be ignored. (Type does not exist. (Typo?))
20:12:24.320 !!! [CE][offlineDB] :: Type 'MVS_SlingPack_Green_Camo_Bunker' will be ignored. (Type does not exist. (Typo?))
20:12:24.321 !!! [CE][offlineDB] :: Type 'mouse_grey_flag' will be ignored. (Type does not exist. (Typo?))
20:12:24.321 !!! [CE][offlineDB] :: Type 'toxic_green' will be ignored. (Type does not exist. (Typo?))
20:12:24.321 !!! [CE][offlineDB] :: Type 'FBF_Torch' will be ignored. (Not spawnable. (Scope is not public?))
20:12:24.321 !!! [CE][offlineDB] :: Type 'FBF_LongTorch' will be ignored. (Not spawnable. (Scope is not public?))
20:12:24.321 !!! [CE][offlineDB] :: Type 'FBF_AreaLight_White' will be ignored. (Not spawnable. (Scope is not public?))
20:12:24.321 !!! [CE][offlineDB] :: Type 'FBF_AreaLight_Warm' will be ignored. (Not spawnable. (Scope is not public?))
20:12:24.321 !!! [CE][offlineDB] :: Type 'FBF_CustomAreaLight_1' will be ignored. (Not spawnable. (Scope is not public?))
20:12:24.321 !!! [CE][offlineDB] :: Type 'FBF_CustomAreaLight_2' will be ignored. (Not spawnable. (Scope is not public?))
20:12:24.321 !!! [CE][offlineDB] :: Type 'FBF_CustomAreaLight_3' will be ignored. (Not spawnable. (Scope is not public?))
20:12:24.321 !!! [CE][offlineDB] :: Type 'FBF_CustomAreaLight_4' will be ignored. (Not spawnable. (Scope is not public?))
20:12:24.321 !!! [CE][offlineDB] :: Type 'FBF_CustomAreaLight_5' will be ignored. (Not spawnable. (Scope is not public?))
20:12:24.321 !!! [CE][offlineDB] :: Type 'bs_cartman' will be ignored. (Type does not exist. (Typo?))
20:12:24.321 !!! [CE][offlineDB] :: Type 'bs_gratefuldead' will be ignored. (Type does not exist. (Typo?))
20:12:24.321 !!! [CE][offlineDB] :: Type 'bs_meatloaf' will be ignored. (Type does not exist. (Typo?))
20:12:24.321 !!! [CE][offlineDB] :: Type 'bs_nirvana' will be ignored. (Type does not exist. (Typo?))
20:12:24.321 !!! [CE][offlineDB] :: Type 'bs_skynyrd' will be ignored. (Type does not exist. (Typo?))
20:12:24.321 !!! [CE][offlineDB] :: Type 'bs_starbucks' will be ignored. (Type does not exist. (Typo?))
20:12:24.321 !!! [CE][offlineDB] :: Type 'bs_sublime' will be ignored. (Type does not exist. (Typo?))
20:12:24.321 !!! [CE][offlineDB] :: Type 'bs_billmurray' will be ignored. (Type does not exist. (Typo?))
20:12:24.321 !!! [CE][offlineDB] :: Type 'bs_blackflag' will be ignored. (Type does not exist. (Typo?))
20:12:24.321 !!! [CE][offlineDB] :: Type 'bs_cbgb' will be ignored. (Type does not exist. (Typo?))
20:12:24.321 !!! [CE][offlineDB] :: Type 'bs_illuminati1' will be ignored. (Type does not exist. (Typo?))
20:12:24.321 !!! [CE][offlineDB] :: Type 'bs_johndenver' will be ignored. (Type does not exist. (Typo?))
20:12:24.321 !!! [CE][offlineDB] :: Type 'bs_joydivision' will be ignored. (Type does not exist. (Typo?))
20:12:24.321 !!! [CE][offlineDB] :: Type 'bs_nin' will be ignored. (Type does not exist. (Typo?))
20:12:24.321 !!! [CE][offlineDB] :: Type 'bs_zero' will be ignored. (Type does not exist. (Typo?))
20:12:24.321 !!! [CE][offlineDB] :: Type 'bs_volcom' will be ignored. (Type does not exist. (Typo?))
20:12:24.321 !!! [CE][offlineDB] :: Type 'bs_ironmaiden' will be ignored. (Type does not exist. (Typo?))
20:12:24.321 !!! [CE][offlineDB] :: Type 'bs_lateralus' will be ignored. (Type does not exist. (Typo?))
20:12:24.321 !!! [CE][offlineDB] :: Type 'bs_ledzeppelin' will be ignored. (Type does not exist. (Typo?))
20:12:24.321 !!! [CE][offlineDB] :: Type 'bs_nickcage' will be ignored. (Type does not exist. (Typo?))
20:12:24.321 !!! [CE][offlineDB] :: Type 'bs_opeth' will be ignored. (Type does not exist. (Typo?))
20:12:24.321 !!! [CE][offlineDB] :: Type 'bs_scarface' will be ignored. (Type does not exist. (Typo?))
20:12:24.321 !!! [CE][offlineDB] :: Type 'bs_syl' will be ignored. (Type does not exist. (Typo?))
20:12:24.321 !!! [CE][offlineDB] :: Type 'bs_tyrone' will be ignored. (Type does not exist. (Typo?))
20:12:24.321 !!! [CE][offlineDB] :: Type 'bs_worstshirt' will be ignored. (Type does not exist. (Typo?))
20:12:24.321 !!! [CE][offlineDB] :: Type 'MoreDoorVault' will be ignored. (Type does not exist. (Typo?))
20:12:24.321 !!! [CE][offlineDB] :: Type 'MoreDoorSmall' will be ignored. (Type does not exist. (Typo?))
20:12:24.321 !!! [CE][offlineDB] :: Type 'MoreDoorSmallShanty' will be ignored. (Type does not exist. (Typo?))
20:12:24.321 !!! [CE][offlineDB] :: Type 'MoreDoorSmallMetal' will be ignored. (Type does not exist. (Typo?))
20:12:24.321 !!! [CE][offlineDB] :: Type 'MoreDoorVaultKit' will be ignored. (Type does not exist. (Typo?))
20:12:24.321 !!! [CE][offlineDB] :: Type 'MoreDoorSmallKit' will be ignored. (Type does not exist. (Typo?))
20:12:24.321 !!! [CE][offlineDB] :: Type 'MoreDoorSmallMetalKit' will be ignored. (Type does not exist. (Typo?))
20:12:24.321 !!! [CE][offlineDB] :: Type 'MoreDoorSmallShantyKit' will be ignored. (Type does not exist. (Typo?))
20:12:24.321 !!! [CE][offlineDB] :: Type 'MoreDoorSafe' will be ignored. (Type does not exist. (Typo?))
20:12:24.321 !!! [CE][offlineDB] :: Type 'TacSatRadio' will be ignored. (Type does not exist. (Typo?))
20:12:24.322 !!! [CE][offlineDB] :: Wrong xml format of types file 'ModTypes/42MADocsGuns/types.xml'.
20:12:24.323 !!! [CE][offlineDB] :: Wrong xml format of types file 'ModTypes/42MADocsTextures/types.xml'.
20:12:24.323 !!! File "DZ\worlds\chernarusplus\ce\ModTypes/442MAVanillaClothing/types.xml" does not exist...
20:12:24.323 !!! [ERROR][XML] :: load [DZ\worlds\chernarusplus\ce\ModTypes/442MAVanillaClothing/types.xml] failed
20:12:24.323 !!! [ERROR][XML] :: Failed to open file
20:12:24.323 !!! [CE][offlineDB] :: Failed to read types file 'ModTypes/442MAVanillaClothing/types.xml'.
20:12:24.328 !!! [CE][offlineDB] :: Type 'GCGN_Vityaz_30Rnd' will be ignored. (Type does not exist. (Typo?))
20:12:24.328 !!! [CE][offlineDB] :: Type 'SNAFU_556_Barrel10' will be ignored. (Not spawnable. (Scope is not public?))
20:12:24.328 !!! [CE][offlineDB] :: Type 'SNAFU_556_Barrel14_DV' will be ignored. (Not spawnable. (Scope is not public?))
20:12:24.328 !!! [CE][offlineDB] :: Type 'SNAFU_556_Barrel14' will be ignored. (Not spawnable. (Scope is not public?))
20:12:24.328 !!! [CE][offlineDB] :: Type 'SNAFU_556_Barrel16' will be ignored. (Not spawnable. (Scope is not public?))
20:12:24.328 !!! [CE][offlineDB] :: Type 'SNAFU_Bipod' will be ignored. (Type does not exist. (Typo?))
20:12:24.328 !!! [CE][offlineDB] :: Type 'GCGN_M1Garand_FH' will be ignored. (Type does not exist. (Typo?))
20:12:24.329 !!! [CE][offlineDB] :: Type 'GCGN_M1Garand_Muzzle' will be ignored. (Type does not exist. (Typo?))
20:12:24.329 !!! [CE][offlineDB] :: Type 'SNAFU_30mm_Mount_Base' will be ignored. (Not spawnable. (Scope is not public?))
20:12:24.329 !!! [CE][offlineDB] :: Type 'SNAFU_AKEOTech_EXPS' will be ignored. (Type does not exist. (Typo?))
20:12:24.329 !!! [CE][offlineDB] :: Type 'SNAFU_EOTech_EXPS' will be ignored. (Type does not exist. (Typo?))
20:12:24.329 !!! [CE][offlineDB] :: Type 'SNAFU_Kabar_BK' will be ignored. (Type does not exist. (Typo?))
20:12:24.333 !!! [CE] :: Unknown usage: 'TempleCore'.
20:12:24.333 !!! [CE] :: Unknown usage: 'TempleCore'.
20:12:24.333 !!! [CE] :: Unknown usage: 'TempleCore'.
20:12:24.470 !!! [CE][DE][SPAWNS] :: [WARNING] :: Skipping entry for non-existing event 'VehicleTransitBus'.
20:12:24.470 !!! [CE][DE][SPAWNS] :: [WARNING] :: Skipping entry for non-existing event 'AnimalDeer'.
20:12:24.470 !!! [CE][DE][SPAWNS] :: [WARNING] :: Skipping entry for non-existing event 'AnimalCow'.
20:12:24.470 !!! [CE][DE][SPAWNS] :: [WARNING] :: Skipping entry for non-existing event 'AnimalSheep'.
20:12:24.470 !!! [CE][DE][SPAWNS] :: [WARNING] :: Skipping entry for non-existing event 'AnimalRoeDeer'.
20:12:24.470 !!! [CE][DE][SPAWNS] :: [WARNING] :: Skipping entry for non-existing event 'AnimalWildBoar'.
20:12:24.470 [CE][DE][SPAWNS] :: Total positions: 713
20:12:24.471 [CE][DE][GROUPS] :: Total eventgroups defined: 83, Eventgroups in use: 0
20:12:24.471 [CE][Storage] ver:21 stamp:761, valid:yes, name:"C:\Users\rylic\OneDrive\Desktop\Expansion-Dev-Server-Deer-Isle\mpmissions\empty.deerisle\storage_1\data\events.bin"
20:12:24.471 [CE][Storage] ver:21 stamp:760, valid:yes, name:"C:\Users\rylic\OneDrive\Desktop\Expansion-Dev-Server-Deer-Isle\mpmissions\empty.deerisle\storage_1\data\events.001"
20:12:24.472 [CE][Storage] ver:21 stamp:758, valid:yes, name:"C:\Users\rylic\OneDrive\Desktop\Expansion-Dev-Server-Deer-Isle\mpmissions\empty.deerisle\storage_1\data\events.002"
20:12:24.472 [CE][Storage] Restoring file "C:\Users\rylic\OneDrive\Desktop\Expansion-Dev-Server-Deer-Isle\mpmissions\empty.deerisle\storage_1\data\events.bin".
20:12:24.472 [CE][DynamicEvent] Load  Events:[62] Primary spawners: 62 Secondary spawners: 2
20:12:24.472 [CE][Storage] ver:25 stamp:761, valid:yes, name:"C:\Users\rylic\OneDrive\Desktop\Expansion-Dev-Server-Deer-Isle\mpmissions\empty.deerisle\storage_1\data\dynamic_000.bin"
20:12:24.472 [CE][Storage] ver:25 stamp:760, valid:yes, name:"C:\Users\rylic\OneDrive\Desktop\Expansion-Dev-Server-Deer-Isle\mpmissions\empty.deerisle\storage_1\data\dynamic_000.001"
20:12:24.473 [CE][Storage] ver:25 stamp:758, valid:yes, name:"C:\Users\rylic\OneDrive\Desktop\Expansion-Dev-Server-Deer-Isle\mpmissions\empty.deerisle\storage_1\data\dynamic_000.002"
20:12:24.473 [CE][Storage] Restoring file "C:\Users\rylic\OneDrive\Desktop\Expansion-Dev-Server-Deer-Isle\mpmissions\empty.deerisle\storage_1\data\dynamic_000.bin" 1553 items.
20:12:25.320   1553 items loaded. (0 failed)
20:12:25.321 [CE][Storage] ver:25 stamp:761, valid:yes, name:"C:\Users\rylic\OneDrive\Desktop\Expansion-Dev-Server-Deer-Isle\mpmissions\empty.deerisle\storage_1\data\dynamic_001.bin"
20:12:25.321 [CE][Storage] ver:25 stamp:760, valid:yes, name:"C:\Users\rylic\OneDrive\Desktop\Expansion-Dev-Server-Deer-Isle\mpmissions\empty.deerisle\storage_1\data\dynamic_001.001"
20:12:25.322 [CE][Storage] ver:25 stamp:758, valid:yes, name:"C:\Users\rylic\OneDrive\Desktop\Expansion-Dev-Server-Deer-Isle\mpmissions\empty.deerisle\storage_1\data\dynamic_001.002"
20:12:25.322 [CE][Storage] Restoring file "C:\Users\rylic\OneDrive\Desktop\Expansion-Dev-Server-Deer-Isle\mpmissions\empty.deerisle\storage_1\data\dynamic_001.bin" 1212 items.
20:12:25.970   1212 items loaded. (0 failed)
20:12:25.971 [CE][Storage] ver:25 stamp:761, valid:yes, name:"C:\Users\rylic\OneDrive\Desktop\Expansion-Dev-Server-Deer-Isle\mpmissions\empty.deerisle\storage_1\data\dynamic_002.bin"
20:12:25.971 [CE][Storage] ver:25 stamp:760, valid:yes, name:"C:\Users\rylic\OneDrive\Desktop\Expansion-Dev-Server-Deer-Isle\mpmissions\empty.deerisle\storage_1\data\dynamic_002.001"
20:12:25.972 [CE][Storage] ver:25 stamp:758, valid:yes, name:"C:\Users\rylic\OneDrive\Desktop\Expansion-Dev-Server-Deer-Isle\mpmissions\empty.deerisle\storage_1\data\dynamic_002.002"
20:12:25.972 [CE][Storage] Restoring file "C:\Users\rylic\OneDrive\Desktop\Expansion-Dev-Server-Deer-Isle\mpmissions\empty.deerisle\storage_1\data\dynamic_002.bin" 1617 items.
20:12:26.868   1617 items loaded. (0 failed)
20:12:26.868 [CE][Storage] ver:25 stamp:761, valid:yes, name:"C:\Users\rylic\OneDrive\Desktop\Expansion-Dev-Server-Deer-Isle\mpmissions\empty.deerisle\storage_1\data\dynamic_003.bin"
20:12:26.869 [CE][Storage] ver:25 stamp:760, valid:yes, name:"C:\Users\rylic\OneDrive\Desktop\Expansion-Dev-Server-Deer-Isle\mpmissions\empty.deerisle\storage_1\data\dynamic_003.001"
20:12:26.869 [CE][Storage] ver:25 stamp:758, valid:yes, name:"C:\Users\rylic\OneDrive\Desktop\Expansion-Dev-Server-Deer-Isle\mpmissions\empty.deerisle\storage_1\data\dynamic_003.002"
20:12:26.869 [CE][Storage] Restoring file "C:\Users\rylic\OneDrive\Desktop\Expansion-Dev-Server-Deer-Isle\mpmissions\empty.deerisle\storage_1\data\dynamic_003.bin" 1972 items.
20:12:27.813   1972 items loaded. (0 failed)
20:12:27.814 [CE][Storage] ver:25 stamp:761, valid:yes, name:"C:\Users\rylic\OneDrive\Desktop\Expansion-Dev-Server-Deer-Isle\mpmissions\empty.deerisle\storage_1\data\dynamic_004.bin"
20:12:27.814 [CE][Storage] ver:25 stamp:760, valid:yes, name:"C:\Users\rylic\OneDrive\Desktop\Expansion-Dev-Server-Deer-Isle\mpmissions\empty.deerisle\storage_1\data\dynamic_004.001"
20:12:27.815 [CE][Storage] ver:25 stamp:758, valid:yes, name:"C:\Users\rylic\OneDrive\Desktop\Expansion-Dev-Server-Deer-Isle\mpmissions\empty.deerisle\storage_1\data\dynamic_004.002"
20:12:27.815 [CE][Storage] Restoring file "C:\Users\rylic\OneDrive\Desktop\Expansion-Dev-Server-Deer-Isle\mpmissions\empty.deerisle\storage_1\data\dynamic_004.bin" 3025 items.
20:12:29.404   3025 items loaded. (0 failed)
20:12:29.405 [CE][Storage] ver:25 stamp:761, valid:yes, name:"C:\Users\rylic\OneDrive\Desktop\Expansion-Dev-Server-Deer-Isle\mpmissions\empty.deerisle\storage_1\data\dynamic_005.bin"
20:12:29.405 [CE][Storage] ver:25 stamp:760, valid:yes, name:"C:\Users\rylic\OneDrive\Desktop\Expansion-Dev-Server-Deer-Isle\mpmissions\empty.deerisle\storage_1\data\dynamic_005.001"
20:12:29.406 [CE][Storage] ver:25 stamp:758, valid:yes, name:"C:\Users\rylic\OneDrive\Desktop\Expansion-Dev-Server-Deer-Isle\mpmissions\empty.deerisle\storage_1\data\dynamic_005.002"
20:12:29.406 [CE][Storage] Restoring file "C:\Users\rylic\OneDrive\Desktop\Expansion-Dev-Server-Deer-Isle\mpmissions\empty.deerisle\storage_1\data\dynamic_005.bin" 2664 items.
20:12:30.680   2664 items loaded. (0 failed)
20:12:30.680 [CE][Storage] ver:25 stamp:761, valid:yes, name:"C:\Users\rylic\OneDrive\Desktop\Expansion-Dev-Server-Deer-Isle\mpmissions\empty.deerisle\storage_1\data\dynamic_006.bin"
20:12:30.681 [CE][Storage] ver:25 stamp:760, valid:yes, name:"C:\Users\rylic\OneDrive\Desktop\Expansion-Dev-Server-Deer-Isle\mpmissions\empty.deerisle\storage_1\data\dynamic_006.001"
20:12:30.681 [CE][Storage] ver:25 stamp:758, valid:yes, name:"C:\Users\rylic\OneDrive\Desktop\Expansion-Dev-Server-Deer-Isle\mpmissions\empty.deerisle\storage_1\data\dynamic_006.002"
20:12:30.681 [CE][Storage] Restoring file "C:\Users\rylic\OneDrive\Desktop\Expansion-Dev-Server-Deer-Isle\mpmissions\empty.deerisle\storage_1\data\dynamic_006.bin" 2206 items.
20:12:31.723   2206 items loaded. (0 failed)
20:12:31.723 [CE][Storage] ver:25 stamp:761, valid:yes, name:"C:\Users\rylic\OneDrive\Desktop\Expansion-Dev-Server-Deer-Isle\mpmissions\empty.deerisle\storage_1\data\dynamic_007.bin"
20:12:31.723 [CE][Storage] ver:25 stamp:760, valid:yes, name:"C:\Users\rylic\OneDrive\Desktop\Expansion-Dev-Server-Deer-Isle\mpmissions\empty.deerisle\storage_1\data\dynamic_007.001"
20:12:31.724 [CE][Storage] ver:25 stamp:758, valid:yes, name:"C:\Users\rylic\OneDrive\Desktop\Expansion-Dev-Server-Deer-Isle\mpmissions\empty.deerisle\storage_1\data\dynamic_007.002"
20:12:31.724 [CE][Storage] Restoring file "C:\Users\rylic\OneDrive\Desktop\Expansion-Dev-Server-Deer-Isle\mpmissions\empty.deerisle\storage_1\data\dynamic_007.bin" 1908 items.
20:12:32.645   1908 items loaded. (0 failed)
20:12:32.645 [CE][Storage] ver:25 stamp:761, valid:yes, name:"C:\Users\rylic\OneDrive\Desktop\Expansion-Dev-Server-Deer-Isle\mpmissions\empty.deerisle\storage_1\data\dynamic_008.bin"
20:12:32.646 [CE][Storage] ver:25 stamp:760, valid:yes, name:"C:\Users\rylic\OneDrive\Desktop\Expansion-Dev-Server-Deer-Isle\mpmissions\empty.deerisle\storage_1\data\dynamic_008.001"
20:12:32.646 [CE][Storage] ver:25 stamp:761, valid:yes, name:"C:\Users\rylic\OneDrive\Desktop\Expansion-Dev-Server-Deer-Isle\mpmissions\empty.deerisle\storage_1\data\dynamic_008.002"
20:12:32.646 [CE][Storage] Restoring file "C:\Users\rylic\OneDrive\Desktop\Expansion-Dev-Server-Deer-Isle\mpmissions\empty.deerisle\storage_1\data\dynamic_008.bin" 689 items.
20:12:32.982   689 items loaded. (0 failed)
20:12:32.983 [CE][Storage] ver:25 stamp:761, valid:yes, name:"C:\Users\rylic\OneDrive\Desktop\Expansion-Dev-Server-Deer-Isle\mpmissions\empty.deerisle\storage_1\data\dynamic_009.bin"
20:12:32.983 [CE][Storage] ver:25 stamp:760, valid:yes, name:"C:\Users\rylic\OneDrive\Desktop\Expansion-Dev-Server-Deer-Isle\mpmissions\empty.deerisle\storage_1\data\dynamic_009.001"
20:12:32.984 [CE][Storage] ver:25 stamp:761, valid:yes, name:"C:\Users\rylic\OneDrive\Desktop\Expansion-Dev-Server-Deer-Isle\mpmissions\empty.deerisle\storage_1\data\dynamic_009.002"
20:12:32.984 [CE][Storage] Restoring file "C:\Users\rylic\OneDrive\Desktop\Expansion-Dev-Server-Deer-Isle\mpmissions\empty.deerisle\storage_1\data\dynamic_009.bin" 924 items.
20:12:33.456   924 items loaded. (0 failed)
20:12:33.456 [CE][Storage] ver:25 stamp:761, valid:yes, name:"C:\Users\rylic\OneDrive\Desktop\Expansion-Dev-Server-Deer-Isle\mpmissions\empty.deerisle\storage_1\data\dynamic_010.bin"
20:12:33.457 [CE][Storage] ver:25 stamp:760, valid:yes, name:"C:\Users\rylic\OneDrive\Desktop\Expansion-Dev-Server-Deer-Isle\mpmissions\empty.deerisle\storage_1\data\dynamic_010.001"
20:12:33.457 [CE][Storage] ver:25 stamp:761, valid:yes, name:"C:\Users\rylic\OneDrive\Desktop\Expansion-Dev-Server-Deer-Isle\mpmissions\empty.deerisle\storage_1\data\dynamic_010.002"
20:12:33.457 [CE][Storage] Restoring file "C:\Users\rylic\OneDrive\Desktop\Expansion-Dev-Server-Deer-Isle\mpmissions\empty.deerisle\storage_1\data\dynamic_010.bin" 702 items.
20:12:33.814   702 items loaded. (0 failed)
20:12:33.814 [CE][Storage] ver:25 stamp:761, valid:yes, name:"C:\Users\rylic\OneDrive\Desktop\Expansion-Dev-Server-Deer-Isle\mpmissions\empty.deerisle\storage_1\data\dynamic_011.bin"
20:12:33.815 [CE][Storage] ver:25 stamp:760, valid:yes, name:"C:\Users\rylic\OneDrive\Desktop\Expansion-Dev-Server-Deer-Isle\mpmissions\empty.deerisle\storage_1\data\dynamic_011.001"
20:12:33.815 [CE][Storage] ver:25 stamp:761, valid:yes, name:"C:\Users\rylic\OneDrive\Desktop\Expansion-Dev-Server-Deer-Isle\mpmissions\empty.deerisle\storage_1\data\dynamic_011.002"
20:12:33.815 [CE][Storage] Restoring file "C:\Users\rylic\OneDrive\Desktop\Expansion-Dev-Server-Deer-Isle\mpmissions\empty.deerisle\storage_1\data\dynamic_011.bin" 269 items.
20:12:33.981   269 items loaded. (0 failed)
20:12:33.981 [CE][Storage] ver:26 stamp:761, valid:yes, name:"C:\Users\rylic\OneDrive\Desktop\Expansion-Dev-Server-Deer-Isle\mpmissions\empty.deerisle\storage_1\data\building.bin"
20:12:33.981 [CE][Storage] ver:26 stamp:760, valid:yes, name:"C:\Users\rylic\OneDrive\Desktop\Expansion-Dev-Server-Deer-Isle\mpmissions\empty.deerisle\storage_1\data\building.001"
20:12:33.982 [CE][Storage] ver:26 stamp:758, valid:yes, name:"C:\Users\rylic\OneDrive\Desktop\Expansion-Dev-Server-Deer-Isle\mpmissions\empty.deerisle\storage_1\data\building.002"
20:12:33.982 [CE][Storage] Restoring file "C:\Users\rylic\OneDrive\Desktop\Expansion-Dev-Server-Deer-Isle\mpmissions\empty.deerisle\storage_1\data\building.bin" 0 items.
20:12:33.982   0 items loaded. (0 failed)
20:12:33.982 [CE][Storage] ver:25 stamp:761, valid:yes, name:"C:\Users\rylic\OneDrive\Desktop\Expansion-Dev-Server-Deer-Isle\mpmissions\empty.deerisle\storage_1\data\vehicles.bin"
20:12:33.983 [CE][Storage] ver:25 stamp:760, valid:yes, name:"C:\Users\rylic\OneDrive\Desktop\Expansion-Dev-Server-Deer-Isle\mpmissions\empty.deerisle\storage_1\data\vehicles.001"
20:12:33.983 [CE][Storage] ver:25 stamp:758, valid:yes, name:"C:\Users\rylic\OneDrive\Desktop\Expansion-Dev-Server-Deer-Isle\mpmissions\empty.deerisle\storage_1\data\vehicles.002"
20:12:33.983 [CE][Storage] Restoring file "C:\Users\rylic\OneDrive\Desktop\Expansion-Dev-Server-Deer-Isle\mpmissions\empty.deerisle\storage_1\data\vehicles.bin" 114 items.
20:12:34.732   114 items loaded. (0 failed)
20:12:34.757 [CE][Hive] :: Storage load took:10.28 seconds, recovery stamp:761
20:12:34.757   entity: 20227, building: 0
20:12:34.757   no lifetime: 34
20:12:34.757   ignored: 30
20:12:34.757   pathgraph's: 449
20:12:34.757 [CE][Hive] :: Initializing ... 
20:12:34.796 [CE][InitializeMap] :: initialized: 0
20:12:34.796 [CE][Hive] :: Initializing spawners ... 
20:12:34.867 [CE][LootRespawner] (PRIDummy) :: Initially (re)spawned:0, Nominal:19898, Total in Map: 19103 at 0 (sec)
20:12:34.867   tests:0, repeats:0 fails:0, overtime:0
20:12:34.891 [CE][AnimalRespawner] (PRICrab) :: !!! Missing AI Template "HerdCrab" for DE: "AnimalCrab"
20:12:34.891 [CE][DynEvent] :: 62 types
20:12:34.891 [00] AmbientHen
20:12:34.891   Primary Spawner: "Ambient", active: yes, repeat: 1
20:12:34.891 [01] AmbientBear
20:12:34.891   Primary Spawner: "Ambient", active: yes, repeat: 1
20:12:34.891 [02] AmbientPolarbear
20:12:34.891   Primary Spawner: "Ambient", active: yes, repeat: 1
20:12:34.891 [03] AmbientCow
20:12:34.891   Primary Spawner: "Ambient", active: yes, repeat: 1
20:12:34.891 [04] AmbientDeer
20:12:34.891   Primary Spawner: "Ambient", active: yes, repeat: 1
20:12:34.891 [05] AmbientGoat
20:12:34.891   Primary Spawner: "Ambient", active: yes, repeat: 1
20:12:34.891 [06] AmbientPig
20:12:34.891   Primary Spawner: "Ambient", active: yes, repeat: 1
20:12:34.891 [07] AmbientRoeDeer
20:12:34.891   Primary Spawner: "Ambient", active: yes, repeat: 1
20:12:34.891 [08] AmbientSheep
20:12:34.891   Primary Spawner: "Ambient", active: yes, repeat: 1
20:12:34.891 [09] AmbientWildBoar
20:12:34.891   Primary Spawner: "Ambient", active: yes, repeat: 1
20:12:34.891 [10] AnimalWolf
20:12:34.891   Primary Spawner: "Animal", active: yes, repeat: 1
20:12:34.891 [11] AnimalArcticWolf
20:12:34.891   Primary Spawner: "Animal", active: yes, repeat: 1
20:12:34.891 [12] InfectedArmy
20:12:34.891   Primary Spawner: "Infected", active: yes, repeat: 1
20:12:34.891 [13] InfectedArmyHard
20:12:34.891   Primary Spawner: "Infected", active: yes, repeat: 1
20:12:34.891 [14] InfectedArmyHardJMC
20:12:34.891   Primary Spawner: "Infected", active: yes, repeat: 1
20:12:34.891 [15] InfectedArmyHardJMCWinter
20:12:34.891   Primary Spawner: "Infected", active: yes, repeat: 1
20:12:34.891 [16] InfectedCity
20:12:34.891   Primary Spawner: "Infected", active: yes, repeat: 1
20:12:34.891 [17] InfectedFirefighter
20:12:34.891   Primary Spawner: "Infected", active: yes, repeat: 1
20:12:34.891 [18] InfectedIndustrial
20:12:34.891   Primary Spawner: "Infected", active: yes, repeat: 1
20:12:34.891 [19] InfectedMedic
20:12:34.891   Primary Spawner: "Infected", active: yes, repeat: 1
20:12:34.891 [20] InfectedNBC
20:12:34.891   Primary Spawner: "Infected", active: yes, repeat: 1
20:12:34.891 [21] InfectedNBCYellow
20:12:34.891   Primary Spawner: "Infected", active: yes, repeat: 1
20:12:34.891 [22] InfectedPolice
20:12:34.891   Primary Spawner: "Infected", active: yes, repeat: 1
20:12:34.891 [23] InfectedPoliceHard
20:12:34.891   Primary Spawner: "Infected", active: yes, repeat: 1
20:12:34.891 [24] InfectedPrisoner
20:12:34.891   Primary Spawner: "Infected", active: yes, repeat: 1
20:12:34.891 [25] InfectedReligious
20:12:34.891   Primary Spawner: "Infected", active: yes, repeat: 1
20:12:34.891 [26] InfectedSolitude
20:12:34.891   Primary Spawner: "Infected", active: yes, repeat: 1
20:12:34.891 [27] InfectedVillage
20:12:34.891   Primary Spawner: "Infected", active: yes, repeat: 1
20:12:34.891 [28] ItemPlanks
20:12:34.891   Primary Spawner: "Item", active: yes, repeat: 1
20:12:34.891 [29] Loot
20:12:34.891   Primary Spawner: "Loot", active: yes, repeat: 2
20:12:34.891 [30] StaticContaminatedArea
20:12:34.891   Primary Spawner: "Static", active: yes, repeat: 1
20:12:34.891 [31] StaticHeliCrash
20:12:34.891   Primary Spawner: "Static", active: yes, repeat: 1
20:12:34.891   Secondary Spawner: "Infected", active: yes, repeat: 1
20:12:34.891 [32] StaticPoliceCar
20:12:34.891   Primary Spawner: "Static", active: yes, repeat: 1
20:12:34.891   Secondary Spawner: "Infected", active: yes, repeat: 1
20:12:34.891 [33] TrajectoryApple
20:12:34.891   Primary Spawner: "Trajectory", active: yes, repeat: 1
20:12:34.891 [34] TrajectoryConiferous
20:12:34.891   Primary Spawner: "Trajectory", active: yes, repeat: 1
20:12:34.891 [35] TrajectoryDeciduous
20:12:34.891   Primary Spawner: "Trajectory", active: yes, repeat: 1
20:12:34.891 [36] TrajectoryHumus
20:12:34.891   Primary Spawner: "Trajectory", active: yes, repeat: 1
20:12:34.891 [37] TrajectoryPear
20:12:34.891   Primary Spawner: "Trajectory", active: yes, repeat: 1
20:12:34.891 [38] TrajectoryPlum
20:12:34.891   Primary Spawner: "Trajectory", active: yes, repeat: 1
20:12:34.891 [39] TrajectoryStones
20:12:34.891   Primary Spawner: "Trajectory", active: yes, repeat: 1
20:12:34.891 [40] VehicleCivilianSedan
20:12:34.891   Primary Spawner: "Vehicle", active: yes, repeat: 1
20:12:34.892 [41] VehicleHatchback02
20:12:34.892   Primary Spawner: "Vehicle", active: yes, repeat: 1
20:12:34.892 [42] VehicleOffroadHatchback
20:12:34.892   Primary Spawner: "Vehicle", active: yes, repeat: 1
20:12:34.892 [43] VehicleSedan02
20:12:34.892   Primary Spawner: "Vehicle", active: yes, repeat: 1
20:12:34.892 [44] VehicleTruck01
20:12:34.892   Primary Spawner: "Vehicle", active: yes, repeat: 1
20:12:34.892 [45] StaticVanPinkies
20:12:34.892   Primary Spawner: "Static", active: yes, repeat: 1
20:12:34.892 [46] StaticVanAmbulance
20:12:34.892   Primary Spawner: "Static", active: yes, repeat: 1
20:12:34.892 [47] StaticSkeletonEventspawn
20:12:34.892   Primary Spawner: "Static", active: yes, repeat: 1
20:12:34.892 [48] StaticPlantFernA
20:12:34.892   Primary Spawner: "Static", active: yes, repeat: 1
20:12:34.892 [49] StaticPlantFernB
20:12:34.892   Primary Spawner: "Static", active: yes, repeat: 1
20:12:34.892 [50] StaticPlantFernC
20:12:34.892   Primary Spawner: "Static", active: yes, repeat: 1
20:12:34.892 [51] AnimalCrab
20:12:34.892   Primary Spawner: "Animal", active: yes, repeat: 1
20:12:34.892 [52] VehicleUAZ
20:12:34.892   Primary Spawner: "Vehicle", active: yes, repeat: 1
20:12:34.892 [53] VehicleVodnik
20:12:34.892   Primary Spawner: "Vehicle", active: yes, repeat: 1
20:12:34.892 [54] VehicleBus
20:12:34.892   Primary Spawner: "Vehicle", active: yes, repeat: 1
20:12:34.892 [55] VehicleTractor
20:12:34.892   Primary Spawner: "Vehicle", active: yes, repeat: 1
20:12:34.892 [56] VehicleMH6Helicopter
20:12:34.892   Primary Spawner: "Vehicle", active: yes, repeat: 1
20:12:34.892 [57] VehicleMerlinHelicopter
20:12:34.892   Primary Spawner: "Vehicle", active: yes, repeat: 1
20:12:34.892 [58] VehicleUh1hHelicopter
20:12:34.892   Primary Spawner: "Vehicle", active: yes, repeat: 1
20:12:34.892 [59] VehicleGyroHelicopter
20:12:34.892   Primary Spawner: "Vehicle", active: yes, repeat: 1
20:12:34.892 [60] VehicleUtilityBoat
20:12:34.892   Primary Spawner: "Vehicle", active: yes, repeat: 1
20:12:34.892 [61] VehicleZodiacBoat
20:12:34.892   Primary Spawner: "Vehicle", active: yes, repeat: 1
20:12:34.892 [CE][Hive] :: Initializing of spawners done.
20:12:34.909 [CE][Hive] :: Init sequence finished.
20:12:34.909 Player connect enabled
20:12:36.377 [IdleMode] Entering IN - save processed
20:13:12.506 [Login]: Adding player Bunker (24050338) to login queue at position 0
20:13:12.506 [LoginMachine]: Add player Bunker (24050338 10.0.0.59:2316)
20:13:12.506 [StateMachine]: Player Bunker (dpnid 24050338 uid ) Entering AuthPlayerLoginState
20:13:13.685 [StateMachine]: Player Bunker (dpnid 24050338 uid ) Entering WaitAuthPlayerLoginState
20:13:16.205 Player Bunker connected (id=BlCTbSRV5QYaEKP-S_Hg4CG7zCAg90tKLTciEKHy8Pc=).
20:13:16.205 Player "Bunker" is connected (steamID=76561199112746320)
20:13:16.205 [StateMachine]: Player Bunker (dpnid 24050338 uid ) Entering WaitPlayerAssignedLoginState
20:13:17.152 [IdleMode] Leaving OUT
20:13:17.339 [StateMachine]: Player Bunker (dpnid 24050338 uid BlCTbSRV5QYaEKP-S_Hg4CG7zCAg90tKLTciEKHy8Pc=) Entering DBGetLoginTimeLoginState
20:13:17.341 [StateMachine]: Player Bunker (dpnid 24050338 uid BlCTbSRV5QYaEKP-S_Hg4CG7zCAg90tKLTciEKHy8Pc=) Entering DBWaitLoginTimeLoginState
20:13:22.341 [StateMachine]: Player Bunker (dpnid 24050338 uid BlCTbSRV5QYaEKP-S_Hg4CG7zCAg90tKLTciEKHy8Pc=) Entering DBGetCharacterLoginState
20:13:22.342 [StateMachine]: Player Bunker (dpnid 24050338 uid BlCTbSRV5QYaEKP-S_Hg4CG7zCAg90tKLTciEKHy8Pc=) Entering CreateNetObjectsLoginState
20:13:22.344 [StateMachine]: Player Bunker (dpnid 24050338 uid BlCTbSRV5QYaEKP-S_Hg4CG7zCAg90tKLTciEKHy8Pc=) Entering PreloadCamLoginState
20:13:22.344 [StateMachine]: Player Bunker (dpnid 24050338 uid BlCTbSRV5QYaEKP-S_Hg4CG7zCAg90tKLTciEKHy8Pc=) Entering WaitPreloadCamLoginState
20:13:33.651 [StateMachine]: Player Bunker (dpnid 24050338 uid BlCTbSRV5QYaEKP-S_Hg4CG7zCAg90tKLTciEKHy8Pc=) Entering GetLoadedCharLoginState
20:13:33.675 <LOAD EXISTING CHAR>:
    charID 1
    playerID 1
    dpnid 24050338
    uid BlCTbSRV5QYaEKP-S_Hg4CG7zCAg90tKLTciEKHy8Pc=
20:13:39.283 [CE][LootRespawner] (PRIDummy) :: Item [0] causing search overtime: "Mag_Expansion_Taser"
20:13:39.384 [CE][LootRespawner] (PRIDummy) :: Item [1] causing search overtime: "Expansion_Taser_Yellow"
20:13:39.689 !!! [CE][Point] Removing 4236.143066, 7270.609375 from Land_Garage_Tall
20:13:39.984 !!! [CE][Point] Removing 4240.561523, 7271.502441 from Land_Garage_Tall
20:13:39.985 !!! [CE][Point] Removing 7174.360840, 11677.833984 from Land_BusStation_wall_bench
20:13:40.47 !!! [CE][Point] Removing 7187.636230, 11595.255859 from Land_BusStation_wall_bench
20:13:40.48 !!! [CE][Point] Removing 7161.974609, 11576.686523 from Land_BusStation_wall_bench
20:13:40.284 !!! [CE][Point] Removing 4239.257813, 7270.397461 from Land_Garage_Tall
20:13:40.483 [CE][LootRespawner] (PRIDummy) :: Item [2] causing search overtime: "ExpansionHelipadKit"
20:13:40.584 [CE][LootRespawner] (PRIDummy) :: Item [3] causing search overtime: "ExpansionHescoKit"
20:13:40.684 !!! [CE][Point] Removing 4239.739746, 7266.772461 from Land_Garage_Tall
20:13:40.788 !!! [CE][Point] Removing 9996.519531, 10503.472656 from Land_Boat_Small1
20:13:40.983 [CE][LootRespawner] (PRIDummy) :: Item [4] causing search overtime: "ExpansionCamoTentKit"
20:13:41.84 [CE][LootRespawner] (PRIDummy) :: Item [5] causing search overtime: "ExpansionCamoBoxKit"
20:14:06.83 [CE][LootRespawner] (PRIDummy) :: Item [6] causing search overtime: "ExpansionCamoBoxKit"
20:14:06.183 [CE][LootRespawner] (PRIDummy) :: Item [7] causing search overtime: "ExpansionBarrierGateKit"
20:14:06.285 !!! [CE][Point] Removing 5177.536133, 9113.724609 from Land_strazni_vez
20:14:06.285 [CE][LootRespawner] (PRIDummy) :: Item [8] causing search overtime: "SNAFU_50bmg_Suppressor_U"
20:14:06.384 !!! [CE][Point] Removing 5178.832520, 9114.549805 from Land_strazni_vez
20:14:06.385 [CE][LootRespawner] (PRIDummy) :: Item [9] causing search overtime: "SNAFU_Kabar"
20:14:06.486 !!! [CE][Point] Removing 5178.355957, 9112.571289 from Land_strazni_vez
20:14:06.486 [CE][LootRespawner] (PRIDummy) :: Item [10] causing search overtime: "SNAFU_Shotgunchoke_Yellow"
20:14:06.585 !!! [CE][Point] Removing 7174.402832, 11670.660156 from Land_BusStation_wall_bench
20:14:06.586 !!! [CE][Point] Removing 7174.354980, 11680.826172 from Land_BusStation_wall_bench
20:14:06.603 !!! [CE][Point] Removing 7144.937988, 11636.609375 from Land_BusStation_wall_bench
20:14:06.686 !!! [CE][Point] Removing 5179.822754, 9112.897461 from Land_strazni_vez
20:14:06.686 [CE][LootRespawner] (PRIDummy) :: Item [11] causing search overtime: "GCGN_BenelliM4"
20:14:06.783 [CE][LootRespawner] (PRIDummy) :: Item [12] causing search overtime: "SNAFU_Shotgunchoke_Purple"
20:14:06.983 [CE][LootRespawner] (PRIDummy) :: Item [13] causing search overtime: "SR3_Vikhr_Mag"
20:14:07.83 [CE][LootRespawner] (PRIDummy) :: Item [14] causing search overtime: "SNAFU_Shotgunchoke_Black"
20:14:07.184 [CE][LootRespawner] (PRIDummy) :: Item [15] causing search overtime: "SNAFU_50bmg_Suppressor_W"
20:14:07.283 [CE][LootRespawner] (PRIDummy) :: Item [16] causing search overtime: "SNAFU_AWM_GUN"
20:14:07.383 [CE][LootRespawner] (PRIDummy) :: Item [17] causing search overtime: "SNAFU_PL14HQP_Mag"
20:14:07.484 [CE][LootRespawner] (PRIDummy) :: Item [18] causing search overtime: "SNAFU_Shotgunchoke_Red"
20:14:07.583 [CE][LootRespawner] (PRIDummy) :: Item [19] causing search overtime: "SNAFU_PL14HQP"
20:14:09.83 [CE][VehicleRespawner] (PRIContaminatedArea) :: Initial random enabled for "StaticContaminatedArea" - Chosen nominal: 1
20:14:09.690 [CE][SpawnRandomLoot] (StaticPoliceCar) :: !!! No group configured for 'Land_Wreck_sed01_aban2_police', failed to spawn loot
20:14:09.694 [CE][SpawnRandomLoot] (StaticPoliceCar) :: !!! No group configured for 'Land_Wreck_sed01_aban2_police', failed to spawn loot
20:14:09.702 [CE][SpawnRandomLoot] (StaticPoliceCar) :: !!! No group configured for 'Land_Wreck_sed01_aban2_police', failed to spawn loot
20:14:09.704 [CE][SpawnRandomLoot] (StaticPoliceCar) :: !!! No group configured for 'Land_Wreck_sed01_aban2_police', failed to spawn loot
20:14:09.713 [CE][SpawnRandomLoot] (StaticPoliceCar) :: !!! No group configured for 'Land_Wreck_sed01_aban2_police', failed to spawn loot
20:14:33.89 !!! [CE][Point] Removing 7174.379883, 11676.623047 from Land_BusStation_wall_bench
20:14:33.91 !!! [CE][Point] Removing 7186.425293, 11595.238281 from Land_BusStation_wall_bench
20:14:33.92 !!! [CE][Point] Removing 7160.763672, 11576.671875 from Land_BusStation_wall_bench
20:14:34.290 !!! [CE][Point] Removing 4589.254395, 7326.842773 from Land_strazni_vez
20:14:34.689 !!! [CE][Point] Removing 7628.975098, 9945.568359 from Land_jmc_cabin01
20:14:36.286 !!! [CE][VehicleRespawner] (PRIHatchback02) :: Respawning: "VehicleHatchback02" - Failed to spawn the requested amount (0 < 2) within 6 attempts.
20:15:00.92 !!! [CE][Point] Removing 10954.425781, 2308.713623 from Land_Mil_GuardShed
20:15:00.193 !!! [CE][Point] Removing 4588.980469, 7324.826172 from Land_strazni_vez
20:15:00.691 [CE][LootRespawner] (PRIDummy) :: Item [0] is hard to place, performance drops: "MVS_Compact_2_Multicam_Black"
20:15:01.599 !!! [CE][Point] Removing 3799.198730, 9728.458984 from Land_jmc_cabin01
20:15:01.693 [CE][LootRespawner] (PRIDummy) :: Item [1] is hard to place, performance drops: "MVS_CombatPants_Forest_Bunker"
20:15:01.693 [CE][LootRespawner] (PRIDummy) :: Item [2] is hard to place, performance drops: "MVS_CombatPants_Forest_Bunker"
20:15:03.490 !!! [CE][VehicleRespawner] (PRIUAZ) :: Respawning: "VehicleUAZ" - Failed to spawn the requested amount (0 < 3) within 9 attempts.
20:15:04.90 !!! [CE][VehicleRespawner] (PRIBus) :: Respawning: "VehicleBus" - Failed to spawn the requested amount (0 < 1) within 3 attempts.
20:15:04.390 !!! [CE][VehicleRespawner] (PRITractor) :: Respawning: "VehicleTractor" - Failed to spawn the requested amount (0 < 1) within 3 attempts.
20:15:04.691 !!! [CE][VehicleRespawner] (PRIMH6Helicopter) :: Respawning: "VehicleMH6Helicopter" - Failed to spawn the requested amount (0 < 1) within 3 attempts.
20:15:27.496 !!! [CE][Point] Removing 7167.710449, 11588.201172 from Land_BusStation_wall_bench
20:15:29.195 !!! [CE][VehicleRespawner] (PRIUh1hHelicopter) :: Respawning: "VehicleUh1hHelicopter" - Failed to spawn the requested amount (0 < 1) within 3 attempts.
20:15:29.795 !!! [CE][VehicleRespawner] (PRIUtilityBoat) :: Respawning: "VehicleUtilityBoat" - Failed to spawn the requested amount (0 < 2) within 6 attempts.
20:15:30.94 !!! [CE][VehicleRespawner] (PRIZodiacBoat) :: Respawning: "VehicleZodiacBoat" - Failed to spawn the requested amount (0 < 14) within 42 attempts.
20:15:53.999 [CE][LootRespawner] (PRIDummy) :: Item [3] is hard to place, performance drops: "MVS_ChestRig_Black"
20:15:54.99 [CE][LootRespawner] (PRIDummy) :: Item [4] is hard to place, performance drops: "MVS_Combat_Vest_Multicam"
20:16:20.800 [CE][LootRespawner] (PRIDummy) :: Item [5] is hard to place, performance drops: "MVS_Assault_Pack_Multicam_Black"
20:16:20.800 [CE][LootRespawner] (PRIDummy) :: Item [6] is hard to place, performance drops: "MVS_Assault_Pack_Multicam_Black"
20:16:25.400 !!! [CE][VehicleRespawner] (PRIHatchback02) :: Respawning: "VehicleHatchback02" - Failed to spawn the requested amount (0 < 2) within 6 attempts.
20:16:47.905 [CE][LootRespawner] (PRIDummy) :: Item [7] is hard to place, performance drops: "MVS_Pack_Forest_Bunker"
20:16:47.905 [CE][LootRespawner] (PRIDummy) :: Item [8] is hard to place, performance drops: "MVS_Pack_Forest_Bunker"
20:16:50.517 [CE][Links] found 0 total links between groups, of 1
20:16:50.517 [CE][SpawnRandomLoot] (StaticVanPinkies) :: Type: Land_jmc_van_pinkies, lootmin: 4, lootmax: 6, wanted: 4, deloot: 2, containermaxsum: 6
20:16:50.524 [CE][Links] found 0 total links between groups, of 2
20:16:50.524 [CE][SpawnRandomLoot] (StaticVanPinkies) :: Type: Land_jmc_van_pinkies, lootmin: 4, lootmax: 6, wanted: 5, deloot: 2, containermaxsum: 6
20:16:50.528 [CE][Links] found 0 total links between groups, of 3
20:16:50.528 [CE][SpawnRandomLoot] (StaticVanPinkies) :: Type: Land_jmc_van_pinkies, lootmin: 4, lootmax: 6, wanted: 5, deloot: 2, containermaxsum: 6
20:16:50.818 [CE][Links] found 0 total links between groups, of 4
20:16:50.818 [CE][SpawnRandomLoot] (StaticVanAmbulance) :: Type: Land_jmc_van_ambulance, lootmin: 4, lootmax: 6, wanted: 5, deloot: 2, containermaxsum: 6
20:16:50.829 [CE][Links] found 0 total links between groups, of 5
20:16:50.829 [CE][SpawnRandomLoot] (StaticVanAmbulance) :: Type: Land_jmc_van_ambulance, lootmin: 4, lootmax: 6, wanted: 4, deloot: 2, containermaxsum: 6
20:16:50.830 [CE][Links] found 0 total links between groups, of 6
20:16:50.830 [CE][SpawnRandomLoot] (StaticVanAmbulance) :: Type: Land_jmc_van_ambulance, lootmin: 4, lootmax: 6, wanted: 4, deloot: 2, containermaxsum: 6
20:16:51.115 !!! [CE][DE] Programatically adding "Land_jmc_skeleton_old_1" to types, please manually define in types.xml instead.
20:16:51.116 [CE][Links] found 0 total links between groups, of 7
20:16:51.116 [CE][SpawnRandomLoot] (StaticSkeletonEventspawn) :: Type: Land_jmc_skeleton_old_1, lootmin: 1, lootmax: 1, wanted: 1, deloot: 2, containermaxsum: 2
20:16:51.117 !!! [CE][DE] Programatically adding "Land_jmc_skeleton_gnawed_5" to types, please manually define in types.xml instead.
20:16:51.118 [CE][Links] found 0 total links between groups, of 8
20:16:51.118 [CE][SpawnRandomLoot] (StaticSkeletonEventspawn) :: Type: Land_jmc_skeleton_gnawed_5, lootmin: 1, lootmax: 1, wanted: 1, deloot: 2, containermaxsum: 2
20:16:51.121 !!! [CE][DE] Programatically adding "Land_jmc_skeleton_burned_2" to types, please manually define in types.xml instead.
20:16:51.122 [CE][Links] found 0 total links between groups, of 9
20:16:51.122 [CE][SpawnRandomLoot] (StaticSkeletonEventspawn) :: Type: Land_jmc_skeleton_burned_2, lootmin: 1, lootmax: 1, wanted: 1, deloot: 2, containermaxsum: 2
20:16:51.124 !!! [CE][DE] Programatically adding "Land_jmc_skeleton_burned_4" to types, please manually define in types.xml instead.
20:16:51.125 [CE][Links] found 0 total links between groups, of 10
20:16:51.125 [CE][SpawnRandomLoot] (StaticSkeletonEventspawn) :: Type: Land_jmc_skeleton_burned_4, lootmin: 1, lootmax: 1, wanted: 1, deloot: 2, containermaxsum: 2
20:16:51.126 [CE][Links] found 0 total links between groups, of 11
20:16:51.126 [CE][SpawnRandomLoot] (StaticSkeletonEventspawn) :: Type: Land_jmc_skeleton_gnawed_1, lootmin: 1, lootmax: 1, wanted: 1, deloot: 2, containermaxsum: 2
20:16:51.127 [CE][Links] found 0 total links between groups, of 12
20:16:51.127 [CE][SpawnRandomLoot] (StaticSkeletonEventspawn) :: Type: Land_jmc_skeleton_gnawed_2, lootmin: 1, lootmax: 1, wanted: 1, deloot: 2, containermaxsum: 2
20:16:51.127 !!! [CE][DE] Programatically adding "Land_jmc_skeleton_gnawed_3" to types, please manually define in types.xml instead.
20:16:51.127 [CE][Links] found 0 total links between groups, of 13
20:16:51.127 [CE][SpawnRandomLoot] (StaticSkeletonEventspawn) :: Type: Land_jmc_skeleton_gnawed_3, lootmin: 1, lootmax: 1, wanted: 1, deloot: 2, containermaxsum: 2
20:16:51.128 [CE][Links] found 0 total links between groups, of 14
20:16:51.128 [CE][SpawnRandomLoot] (StaticSkeletonEventspawn) :: Type: Land_jmc_skeleton_burned_1, lootmin: 1, lootmax: 1, wanted: 1, deloot: 2, containermaxsum: 2
20:16:51.129 !!! [CE][DE] Programatically adding "Land_jmc_skeleton_clean_4" to types, please manually define in types.xml instead.
20:16:51.130 [CE][Links] found 0 total links between groups, of 15
20:16:51.130 [CE][SpawnRandomLoot] (StaticSkeletonEventspawn) :: Type: Land_jmc_skeleton_clean_4, lootmin: 1, lootmax: 1, wanted: 1, deloot: 2, containermaxsum: 2
20:16:51.131 !!! [CE][DE] Programatically adding "Land_jmc_skeleton_bloody_1" to types, please manually define in types.xml instead.
20:16:51.132 [CE][Links] found 0 total links between groups, of 16
20:16:51.132 [CE][SpawnRandomLoot] (StaticSkeletonEventspawn) :: Type: Land_jmc_skeleton_bloody_1, lootmin: 1, lootmax: 1, wanted: 1, deloot: 2, containermaxsum: 2
20:16:51.132 !!! [CE][DE] Programatically adding "Land_jmc_skeleton_bloody_5" to types, please manually define in types.xml instead.
20:16:51.133 [CE][Links] found 0 total links between groups, of 17
20:16:51.133 [CE][SpawnRandomLoot] (StaticSkeletonEventspawn) :: Type: Land_jmc_skeleton_bloody_5, lootmin: 1, lootmax: 1, wanted: 1, deloot: 2, containermaxsum: 2
20:16:51.134 [CE][Links] found 0 total links between groups, of 18
20:16:51.134 [CE][SpawnRandomLoot] (StaticSkeletonEventspawn) :: Type: Land_jmc_skeleton_gnawed_5, lootmin: 1, lootmax: 1, wanted: 1, deloot: 2, containermaxsum: 2
20:16:51.135 [CE][Links] found 0 total links between groups, of 19
20:16:51.135 [CE][SpawnRandomLoot] (StaticSkeletonEventspawn) :: Type: Land_jmc_skeleton_bloody_5, lootmin: 1, lootmax: 1, wanted: 1, deloot: 2, containermaxsum: 2
20:16:51.135 [CE][Links] found 0 total links between groups, of 20
20:16:51.135 [CE][SpawnRandomLoot] (StaticSkeletonEventspawn) :: Type: Land_jmc_skeleton_burned_4, lootmin: 1, lootmax: 1, wanted: 1, deloot: 2, containermaxsum: 2
20:16:51.136 [CE][Links] found 0 total links between groups, of 21
20:16:51.136 [CE][SpawnRandomLoot] (StaticSkeletonEventspawn) :: Type: Land_jmc_skeleton_bloody_5, lootmin: 1, lootmax: 1, wanted: 1, deloot: 2, containermaxsum: 2
20:16:51.137 !!! [CE][DE] Programatically adding "Land_jmc_skeleton_clean_3" to types, please manually define in types.xml instead.
20:16:51.137 [CE][Links] found 0 total links between groups, of 22
20:16:51.137 [CE][SpawnRandomLoot] (StaticSkeletonEventspawn) :: Type: Land_jmc_skeleton_clean_3, lootmin: 1, lootmax: 1, wanted: 1, deloot: 2, containermaxsum: 2
20:16:51.138 !!! [CE][DE] Programatically adding "Land_jmc_skeleton_old_4" to types, please manually define in types.xml instead.
20:16:51.138 [CE][Links] found 0 total links between groups, of 23
20:16:51.138 [CE][SpawnRandomLoot] (StaticSkeletonEventspawn) :: Type: Land_jmc_skeleton_old_4, lootmin: 1, lootmax: 1, wanted: 1, deloot: 2, containermaxsum: 2
20:16:51.141 [CE][Links] found 0 total links between groups, of 24
20:16:51.141 [CE][SpawnRandomLoot] (StaticSkeletonEventspawn) :: Type: Land_jmc_skeleton_bloody_1, lootmin: 1, lootmax: 1, wanted: 1, deloot: 2, containermaxsum: 2
20:16:51.141 [CE][Links] found 0 total links between groups, of 25
20:16:51.141 [CE][SpawnRandomLoot] (StaticSkeletonEventspawn) :: Type: Land_jmc_skeleton_clean_2, lootmin: 1, lootmax: 1, wanted: 1, deloot: 2, containermaxsum: 2
20:16:51.142 [CE][Links] found 0 total links between groups, of 26
20:16:51.142 [CE][SpawnRandomLoot] (StaticSkeletonEventspawn) :: Type: Land_jmc_skeleton_burned_1, lootmin: 1, lootmax: 1, wanted: 1, deloot: 2, containermaxsum: 2
20:17:14.715 [CE][LootRespawner] (PRIDummy) :: Item [9] is hard to place, performance drops: "MVS_Combat_Vest_Heavy_Multicam_Black"
20:17:16.515 !!! [CE][VehicleRespawner] (PRIUAZ) :: Respawning: "VehicleUAZ" - Failed to spawn the requested amount (0 < 3) within 9 attempts.
20:17:17.115 !!! [CE][VehicleRespawner] (PRIBus) :: Respawning: "VehicleBus" - Failed to spawn the requested amount (0 < 1) within 3 attempts.
20:17:17.416 !!! [CE][VehicleRespawner] (PRITractor) :: Respawning: "VehicleTractor" - Failed to spawn the requested amount (0 < 1) within 3 attempts.
20:17:17.716 !!! [CE][VehicleRespawner] (PRIMH6Helicopter) :: Respawning: "VehicleMH6Helicopter" - Failed to spawn the requested amount (0 < 1) within 3 attempts.
20:17:18.316 !!! [CE][VehicleRespawner] (PRIUh1hHelicopter) :: Respawning: "VehicleUh1hHelicopter" - Failed to spawn the requested amount (0 < 1) within 3 attempts.
20:17:18.916 !!! [CE][VehicleRespawner] (PRIUtilityBoat) :: Respawning: "VehicleUtilityBoat" - Failed to spawn the requested amount (0 < 2) within 6 attempts.
20:17:19.216 !!! [CE][VehicleRespawner] (PRIZodiacBoat) :: Respawning: "VehicleZodiacBoat" - Failed to spawn the requested amount (0 < 14) within 42 attempts.
20:17:42.322 [CE][LootRespawner] (PRIDummy) :: Item [10] is hard to place, performance drops: "MVS_Assault_Pack_Forest_Bunker"
20:18:08.422 !!! [CE][Point] Removing 3814.755859, 9733.528320 from Land_jmc_cabin01
20:18:35.428 !!! [CE][Point] Removing 3839.265137, 9611.403320 from Land_jmc_cabin01
20:18:35.624 [CE][LootRespawner] (PRIDummy) :: Item [11] is hard to place, performance drops: "MVS_Combat_Vest_Black"
20:18:38.423 !!! [CE][VehicleRespawner] (PRIHatchback02) :: Respawning: "VehicleHatchback02" - Failed to spawn the requested amount (0 < 2) within 6 attempts.
20:19:05.623 !!! [CE][VehicleRespawner] (PRIUAZ) :: Respawning: "VehicleUAZ" - Failed to spawn the requested amount (0 < 3) within 9 attempts.
20:19:06.224 !!! [CE][VehicleRespawner] (PRIBus) :: Respawning: "VehicleBus" - Failed to spawn the requested amount (0 < 1) within 3 attempts.
20:19:06.524 !!! [CE][VehicleRespawner] (PRITractor) :: Respawning: "VehicleTractor" - Failed to spawn the requested amount (0 < 1) within 3 attempts.
20:19:06.823 !!! [CE][VehicleRespawner] (PRIMH6Helicopter) :: Respawning: "VehicleMH6Helicopter" - Failed to spawn the requested amount (0 < 1) within 3 attempts.
20:19:29.125 !!! [CE][Point] Removing 3814.755859, 9733.528320 from Land_jmc_cabin01
20:19:29.724 [CE][LootRespawner] (PRIDummy) :: Item [12] is hard to place, performance drops: "MVS_Combat_Vest_Heavy_Forest_Bunker"
20:19:29.724 [CE][LootRespawner] (PRIDummy) :: Item [13] is hard to place, performance drops: "MVS_Combat_Vest_Heavy_Forest_Bunker"
20:19:29.724 [CE][LootRespawner] (PRIDummy) :: Item [14] is hard to place, performance drops: "MVS_Combat_Vest_Heavy_Forest_Bunker"
20:19:31.324 !!! [CE][VehicleRespawner] (PRIUh1hHelicopter) :: Respawning: "VehicleUh1hHelicopter" - Failed to spawn the requested amount (0 < 1) within 3 attempts.
20:19:31.924 !!! [CE][VehicleRespawner] (PRIUtilityBoat) :: Respawning: "VehicleUtilityBoat" - Failed to spawn the requested amount (0 < 2) within 6 attempts.
20:19:32.224 !!! [CE][VehicleRespawner] (PRIZodiacBoat) :: Respawning: "VehicleZodiacBoat" - Failed to spawn the requested amount (0 < 14) within 42 attempts.
20:19:56.324 [CE][LootRespawner] (PRIDummy) :: Item [15] is hard to place, performance drops: "MVS_Taco_Pouch_Multicam_Tropic"
20:20:27.526 !!! [CE][VehicleRespawner] (PRIHatchback02) :: Respawning: "VehicleHatchback02" - Failed to spawn the requested amount (0 < 2) within 6 attempts.
20:20:50.246 !!! [CE][Point] Removing 7178.247070, 11682.559570 from Land_BusStation_wall_bench
20:20:50.649 !!! [CE][Point] Removing 9588.440430, 6851.384766 from Land_Boat_Small1
20:20:50.845 !!! [CE][Point] Removing 4104.453613, 4466.379395 from Land_Boat_Small2
20:20:51.246 !!! [CE][Point] Removing 7183.372559, 11595.216797 from Land_BusStation_wall_bench
20:20:51.247 !!! [CE][Point] Removing 7166.782227, 11659.223633 from Land_BusStation_wall_bench
20:21:18.648 !!! [CE][VehicleRespawner] (PRIUAZ) :: Respawning: "VehicleUAZ" - Failed to spawn the requested amount (0 < 3) within 9 attempts.
20:21:19.248 !!! [CE][VehicleRespawner] (PRIBus) :: Respawning: "VehicleBus" - Failed to spawn the requested amount (0 < 1) within 3 attempts.
20:21:19.548 !!! [CE][VehicleRespawner] (PRITractor) :: Respawning: "VehicleTractor" - Failed to spawn the requested amount (0 < 1) within 3 attempts.
20:21:19.848 !!! [CE][VehicleRespawner] (PRIMH6Helicopter) :: Respawning: "VehicleMH6Helicopter" - Failed to spawn the requested amount (0 < 1) within 3 attempts.
20:21:20.448 !!! [CE][VehicleRespawner] (PRIUh1hHelicopter) :: Respawning: "VehicleUh1hHelicopter" - Failed to spawn the requested amount (0 < 1) within 3 attempts.
20:21:21.48 !!! [CE][VehicleRespawner] (PRIUtilityBoat) :: Respawning: "VehicleUtilityBoat" - Failed to spawn the requested amount (0 < 2) within 6 attempts.
20:21:21.348 !!! [CE][VehicleRespawner] (PRIZodiacBoat) :: Respawning: "VehicleZodiacBoat" - Failed to spawn the requested amount (0 < 14) within 42 attempts.
20:22:10.762 !!! [CE][Point] Removing 3748.995850, 9730.172852 from Land_jmc_cabin01
20:22:12.61 [CE][LootRespawner] (PRIDummy) :: Item [16] is hard to place, performance drops: "MVS_Combat_Vest_Snow"
20:22:37.562 [CE][LootRespawner] (PRIDummy) :: Item [17] is hard to place, performance drops: "MVS_GorkaJacket_Multicam_Black"
20:22:40.561 !!! [CE][VehicleRespawner] (PRIHatchback02) :: Respawning: "VehicleHatchback02" - Failed to spawn the requested amount (0 < 2) within 6 attempts.
20:23:04.270 [CE][LootRespawner] (PRIDummy) :: Item [18] is hard to place, performance drops: "MVS_CombatPants_Yellow_Camo_Bunker"
20:23:04.270 [CE][LootRespawner] (PRIDummy) :: Item [19] is hard to place, performance drops: "MVS_CombatPants_Yellow_Camo_Bunker"
20:23:07.770 !!! [CE][VehicleRespawner] (PRIUAZ) :: Respawning: "VehicleUAZ" - Failed to spawn the requested amount (0 < 3) within 9 attempts.
20:23:08.370 !!! [CE][VehicleRespawner] (PRIBus) :: Respawning: "VehicleBus" - Failed to spawn the requested amount (0 < 1) within 3 attempts.
20:23:08.670 !!! [CE][VehicleRespawner] (PRITractor) :: Respawning: "VehicleTractor" - Failed to spawn the requested amount (0 < 1) within 3 attempts.
20:23:08.970 !!! [CE][VehicleRespawner] (PRIMH6Helicopter) :: Respawning: "VehicleMH6Helicopter" - Failed to spawn the requested amount (0 < 1) within 3 attempts.
20:23:33.474 !!! [CE][VehicleRespawner] (PRIUh1hHelicopter) :: Respawning: "VehicleUh1hHelicopter" - Failed to spawn the requested amount (0 < 1) within 3 attempts.
20:23:34.74 !!! [CE][VehicleRespawner] (PRIUtilityBoat) :: Respawning: "VehicleUtilityBoat" - Failed to spawn the requested amount (0 < 2) within 6 attempts.
20:23:34.374 !!! [CE][VehicleRespawner] (PRIZodiacBoat) :: Respawning: "VehicleZodiacBoat" - Failed to spawn the requested amount (0 < 14) within 42 attempts.
20:24:02.791 [CE][Links] found 0 total links between groups, of 27
20:24:02.791 [CE][SpawnRandomLoot] (StaticHeliCrash) :: Type: Wreck_Mi8_Crashed, lootmin: 10, lootmax: 15, wanted: 11, deloot: 2, containermaxsum: 15
20:24:02.800 [CE][Links] found 0 total links between groups, of 28
20:24:02.800 [CE][SpawnRandomLoot] (StaticHeliCrash) :: Type: Wreck_UH1Y, lootmin: 10, lootmax: 15, wanted: 13, deloot: 2, containermaxsum: 15
20:24:02.810 [CE][Links] found 0 total links between groups, of 29
20:24:02.810 [CE][SpawnRandomLoot] (StaticHeliCrash) :: Type: Wreck_UH1Y, lootmin: 10, lootmax: 15, wanted: 13, deloot: 2, containermaxsum: 15
20:24:29.689 !!! [CE][VehicleRespawner] (PRIHatchback02) :: Respawning: "VehicleHatchback02" - Failed to spawn the requested amount (0 < 2) within 6 attempts.
20:25:20.841 !!! [CE][VehicleRespawner] (PRIUAZ) :: Respawning: "VehicleUAZ" - Failed to spawn the requested amount (0 < 3) within 9 attempts.
20:25:21.441 !!! [CE][VehicleRespawner] (PRIBus) :: Respawning: "VehicleBus" - Failed to spawn the requested amount (0 < 1) within 3 attempts.
20:25:21.740 !!! [CE][VehicleRespawner] (PRITractor) :: Respawning: "VehicleTractor" - Failed to spawn the requested amount (0 < 1) within 3 attempts.
20:25:22.41 !!! [CE][VehicleRespawner] (PRIMH6Helicopter) :: Respawning: "VehicleMH6Helicopter" - Failed to spawn the requested amount (0 < 1) within 3 attempts.
20:25:22.641 !!! [CE][VehicleRespawner] (PRIUh1hHelicopter) :: Respawning: "VehicleUh1hHelicopter" - Failed to spawn the requested amount (0 < 1) within 3 attempts.
20:25:23.240 !!! [CE][VehicleRespawner] (PRIUtilityBoat) :: Respawning: "VehicleUtilityBoat" - Failed to spawn the requested amount (0 < 2) within 6 attempts.
20:25:23.540 !!! [CE][VehicleRespawner] (PRIZodiacBoat) :: Respawning: "VehicleZodiacBoat" - Failed to spawn the requested amount (0 < 14) within 42 attempts.
20:26:41.547 !!! [CE][Point] Removing 7166.499512, 11588.201172 from Land_BusStation_wall_bench
20:26:42.945 !!! [CE][VehicleRespawner] (PRIHatchback02) :: Respawning: "VehicleHatchback02" - Failed to spawn the requested amount (0 < 2) within 6 attempts.
20:27:06.659 !!! [CE][Point] Removing 7179.458008, 11682.573242 from Land_BusStation_wall_bench
20:27:07.161 !!! [CE][Point] Removing 4238.690430, 7273.065430 from Land_Garage_Tall
20:27:08.160 !!! [CE][Point] Removing 4242.120605, 7269.307129 from Land_Garage_Tall
20:27:10.160 !!! [CE][VehicleRespawner] (PRIUAZ) :: Respawning: "VehicleUAZ" - Failed to spawn the requested amount (0 < 3) within 9 attempts.
20:27:10.760 !!! [CE][VehicleRespawner] (PRIBus) :: Respawning: "VehicleBus" - Failed to spawn the requested amount (0 < 1) within 3 attempts.
20:27:11.60 !!! [CE][VehicleRespawner] (PRITractor) :: Respawning: "VehicleTractor" - Failed to spawn the requested amount (0 < 1) within 3 attempts.
20:27:11.360 !!! [CE][VehicleRespawner] (PRIMH6Helicopter) :: Respawning: "VehicleMH6Helicopter" - Failed to spawn the requested amount (0 < 1) within 3 attempts.
20:27:33.588 !!! [CE][Point] Removing 5013.100586, 7030.356934 from Land_strazni_vez
20:27:33.589 !!! [CE][Point] Removing 4590.406738, 7325.298828 from Land_strazni_vez
20:27:35.986 !!! [CE][VehicleRespawner] (PRIUh1hHelicopter) :: Respawning: "VehicleUh1hHelicopter" - Failed to spawn the requested amount (0 < 1) within 3 attempts.
20:27:36.586 !!! [CE][VehicleRespawner] (PRIUtilityBoat) :: Respawning: "VehicleUtilityBoat" - Failed to spawn the requested amount (0 < 2) within 6 attempts.
20:27:36.886 !!! [CE][VehicleRespawner] (PRIZodiacBoat) :: Respawning: "VehicleZodiacBoat" - Failed to spawn the requested amount (0 < 14) within 42 attempts.
20:28:00.489 !!! [CE][Point] Removing 7178.572754, 11600.803711 from Land_BusStation_wall_bench
20:28:00.490 !!! [CE][Point] Removing 7193.995605, 11575.596680 from Land_BusStation_wall_bench
20:28:00.588 !!! [CE][Point] Removing 7182.161621, 11595.199219 from Land_BusStation_wall_bench
20:28:00.589 !!! [CE][Point] Removing 7166.795898, 11658.012695 from Land_BusStation_wall_bench
20:28:01.587 !!! [CE][Point] Removing 3740.359863, 9744.070313 from Land_jmc_cabin01
