=====================================================================
== C:\Users\rylic\OneDrive\Desktop\Expansion-Dev-Server-Deer-Isle\DayZServer_x64.exe
== DayZServer_x64.exe -cpuCount=4 -mod=@DeerIsle;@CF;@CommunityOnlineTools;@DabsFramework;@DayZExpansionLicensed;@DayZExpansionBundle;@42MonthsAfterPvPDevelopment;@gebsfish;@GarbageSearch;@CannabisPlus;@TeddysWeaponPack;@MunghardsItempack;@DayZEditorLoader;@WindstridesClothingPack; -config=serverDZ.cfg -port=2302 -noFilePatching -profiles=profiles -scrAllowFileWrite -adminlog
=====================================================================
Exe timestamp: 2024/01/01 17:40:38
Current time:  2024/01/06 16:36:08
Version 1.23.157045
=====================================================================

16:36:08.672 [Inputs] Loading inputs default "bin/constants.xml"
16:36:08.675 [Inputs] Loading inputs default "bin/specific.xml"
16:36:08.676 !!! [Inputs] Cannot load inputs default "", file does not exist
16:36:08.676 !!! [Inputs] Failed to load MODDED inputs - file name/ path invalid?
16:36:08.676 [Inputs] Loading inputs default "JM/COT/Scripts/Data/Inputs.xml"
16:36:08.677 [Inputs] Loading inputs default "LIVEN/PvZmoD_CustomisableZombies/inputs.xml"
16:36:08.677 [Inputs] Loading inputs default "PVEZ/data/inputs.xml"
16:36:08.677 [Inputs] Loading inputs default "WindstrideClothing/Inputs.xml"
16:36:08.678 [Inputs] Loading inputs default "Z_Proxy/inputs.xml"
16:36:08.678 [Inputs] Loading inputs default "deerisle/scripts/Inputs.xml"
16:36:08.679 [Inputs] Loading inputs default "TransportBeep/inputs.xml"
16:36:08.679 [Inputs] Loading inputs default "DayZExpansion/Groups/Scripts/Data/Inputs.xml"
16:36:08.679 [Inputs] Loading inputs default "DayZExpansion/Navigation/Scripts/Data/Inputs.xml"
16:36:08.679 !!! [Inputs] Attempt to register duplicate exclusion group "chatexpansion"
16:36:08.679 [Inputs] Loading inputs default "DayZExpansion/PlayerList/Scripts/Data/Inputs.xml"
16:36:08.679 !!! [Inputs] Attempt to register duplicate exclusion group "chatexpansion"
16:36:08.680 [Inputs] Loading inputs default "DayZExpansion/Scripts/Data/Inputs.xml"
16:36:08.680 !!! [Inputs] Attempt to register duplicate exclusion group "chatexpansion"
16:36:08.680 [Inputs] Loading inputs default "DayZExpansion/Vehicles/Scripts/Data/Inputs.xml"
16:36:08.681 [Inputs] Loading inputs default "AdmiralsDivingMod/Scripts/Data/modded_Inputs.xml"
16:36:08.681 [Inputs] Loading inputs default "DayZExpansion/AI/Scripts/inputs.xml"
16:36:08.681 [Inputs] Loading inputs default "DayZExpansion/BaseBuilding/Scripts/Data/Inputs.xml"
16:36:08.681 !!! [Inputs] Attempt to register duplicate exclusion group "chatexpansion"
16:36:08.681 [Inputs] Loading inputs default "DayZExpansion/Book/Scripts/Data/Inputs.xml"
16:36:08.681 !!! [Inputs] Attempt to register duplicate exclusion group "chatexpansion"
16:36:08.682 [Inputs] Loading inputs default "DayZExpansion/Chat/Scripts/Data/Inputs.xml"
16:36:08.682 !!! [Inputs] Attempt to register duplicate exclusion group "chatexpansion"
16:36:08.682 [Inputs] Loading inputs default "DayZExpansion/Quests/Scripts/Data/Inputs.xml"
16:36:08.682 [Inputs] Loading inputs cfg "profiles\Users\Survivor\Server.core.xml"
16:36:08.682 !!! [Inputs] Cannot read inputs cfg "profiles\Users\Survivor\Server.core.xml", parser error
16:36:08.682 [Inputs] Loading inputs cfg "bin/core.xml"
16:36:08.682 !!! [Inputs] Cannot load input preset "#STR_USER", file does not exist
16:36:08.684 [Inputs] Exporting inputs cfg "profiles\Users\Survivor\Server.core.xml"
=======================================================
-------------------------------------------------------
Time: 16:36:38
Exception code: C0000005 ACCESS_VIOLATION at DBB09914
Allocator: system
graphics:  No
resolution:  160x120x32
Addons:
  AK47Blue in MachineGuns\ak47blue\, SVT38 in Sniper\svt38\
  DZ_Sounds_Effects_PvzCZ in LIVEN\PvZmoD_CustomisableZombies\dz\sounds\hpp\
  DayZExpansion_Objects_BaseBuilding_Safes in DayZExpansion\Objects\Basebuilding\Safes\
  DayZExpansion_Sounds_Ground_Vehicle_Sedan_02 in DayZExpansion\Sounds\Vehicles\Ground\Sedan_02\
  DesertEagleFalcon in Guns\deserteagle\deserteaglefalcon\
  VAZ_2109_byALEX_data in VAZ_2109_byALEX_data\
  DayZExpansion_SpawnSelection_GUI in DayZExpansion\SpawnSelection\GUI\
  DayZExpansion_Market_Structures in DayZExpansion\Market\Structures\
  CP_PlasticWrapper in CannabisPlus\plasticwrapper\
  Admirals_Diving_Gear in AdmiralsDivingMod\gear\, AK47 in MachineGuns\ak47\
  Interceptor in mod_tuning\interceptor\
  DayZExpansion_Objects_Structures_Debug in DayZExpansion\Objects\Structures\Debug\
  DayZExpansion_Sounds_Ground_Vehicle_Hatchback_02 in DayZExpansion\Sounds\Vehicles\Ground\Hatchback_02\
  CP_CBD in CannabisPlus\cbd\, G56 in MachineGuns\g56\
  DayZExpansion_Vehicles_Air_C130J in DayZExpansion\Vehicles\Air\C130J\
  Survivalists_Weapons_JMC_Melee_Blunt in Survivalists_Weapons_JMC\melee\blunt\
  DZ_Weapons_Firearms_pm73rak in DZ\weapons\firearms\pm73rak\
  DZ_Weapons_Launchers in DZ\weapons\launchers\
  DZ_weapons_nonlethal_DartGun in DZ\weapons\nonlethal\dartgun\
  DZ_Weapons_Projectiles in DZ\weapons\projectiles\
  Munghardsvinegar in MunghardsItems\vinegar\
  Round_Glasses in WindstrideClothing\models\round_glasses\
  DayZExpansion_Vehicles_Objects_Gear in DayZExpansion\Vehicles\Objects\Gear\
  MunghardsKetchup in MunghardsItems\ketchup\, Glock18Honor in Guns\glock18honor\
  MachineGuns in Guns\kacpdw\
  DayZExpansion_LanguageCore_Groups in DayZExpansion\languagecore\Groups\
  DZ_Weapons_Melee_Blunt in DZ\weapons\melee\blunt\
  DZ_Pistols_Derringer in DZ\weapons\pistols\derringer\
  MunghardsStalkergasmask in MunghardsItems\stalker_gasmask\
  DayZExpansion_Sounds_Items_Spraycan in DayZExpansion\Sounds\Items\SprayCan\
  Velociraptor6x6_byALEX_data in Velociraptor6x6_byALEX_data\
  Munghardsoillamp in MunghardsItems\oillamp\
  DayZExpansion_PersonalStorageNew_Scripts in DayZExpansion\PersonalStorageNew\Scripts\
  AZLK in mod_tuning\azlk\, PSG1 in Sniper\psg1\
  Survivalists_Weapons_JMC_Rifles_ttstg44 in Survivalists_Weapons_JMC\rifles\ttstg44\
  Survivalists_Weapons_JMC_Smgs_ttp90 in Survivalists_Weapons_JMC\smgs\ttp90\
  DZ_Worlds_Enoch_Data in DZ\worlds\enoch\data\
  DZ_Pistols_Flaregun in DZ\weapons\pistols\flaregun\, XM8 in MachineGuns\xm8\
  Novator_byALEX in Novator_byALEX\, ZIL130Kung in ZIL130_byALEX\kung\
  DayZExpansion_Sounds_Airdrop in DayZExpansion\Sounds\Airdrop\
  DayZExpansion_Weapons_Rifles_M14 in DayZExpansion\Objects\Weapons\Firearms\Rifles\M14\
  DayZExpansion_Weapons_Shotguns_BenelliM4 in DayZExpansion\Objects\Weapons\Firearms\Shotguns\Remore\
  Benelli in Shotguns\benelli\, SST30 in Guns\sst30\
  jmc_objects in deerisle\objects\jmc_di_objects\
  Survivalists_Weapons_JMC in Survivalists_Weapons_JMC\
  DZ_Animals_capra_hircus_fem in DZ\animals\capra_hircus_fem\
  DZ_Characters_Zombies in DZ\characters\zombies\
  DZ_Structures_Military in DZ\structures\military\, PGM in Sniper\pgm\
  FR_F2BlackDragon in Sniper\fr-f2blackdragon\, ZIL130_byALEX in ZIL130_byALEX\
  Ragged_Eyepatch in WindstrideClothing\models\ragged_eyepatch\
  UAZ_2315_byALEX in UAZ_2315_byALEX\
  DayZExpansion_BaseBuilding_Scripts in DayZExpansion\BaseBuilding\Scripts\
  Glock17 in Guns\glock17\, ParaSA58 in MachineGuns\parasa58\
  DayZExpansion_Longhorn in DayZExpansion\Objects\Weapons\Firearms\Pistols\Longhorn\
  Survivalists_Weapons_JMC_Smgs_tec9 in Survivalists_Weapons_JMC\smgs\tec9\
  DayZExpansion_Weapons_Sniper_AWM in DayZExpansion\Objects\Weapons\Firearms\Sniper\AWM\
  DayZExpansion_Chat_GUI in DayZExpansion\Chat\GUI\
  Characters_Zombies_PvzCZ in LIVEN\PvZmoD_CustomisableZombies\dz\characters\zombies\
  DayZExpansion_Weapons_Rifles_M16 in DayZExpansion\Objects\Weapons\Firearms\Rifles\M16\
  MBw140_byALEX_data in MBw140_byALEX_data\, Sniper in Sniper\
  Glock18 in Guns\glock18\, DayZExpansion_Core in DayZExpansion\Core\Stub\
  DayZExpansion_Sounds_Common in DayZExpansion\Sounds\Vehicles\Common\
  STAG_CoyoteBag in STAG_Industries\data\cybag\
  TK_Billboards in TK\buildings\misc\misc_billboards\
  DZ_Gear_Tools in DZ\gear\tools\, BRDM_byALEX in BRDM_byALEX\
  LUAZ_byALEX in LUAZ_byALEX\, G36x in MachineGuns\g36x\, piglets in piglets\
  RadioactiveWolf in wolf\, DayZExpansion_Sounds_AI in DayZExpansion\AI\Sounds\
  DayZExpansion_Structures_Residential_Misc in DayZExpansion\Structures\Residential\Misc\
  A2_Props_UH60Wreck in ArmA2_Props\uh60wreck\
  STAG_Cap in STAG_Industries\data\baseballcap\
  DZ_Structures_Bliss_Military in DZ\structures_bliss\military\
  DZ_Weapons_Launchers_M79 in DZ\weapons\launchers\m79\
  Expansion_Headgear in DayZExpansion\Data\Characters\Headgear\
  LUAZ in mod_tuning\luaz\
  DayZExpansion_Objects_Gear_Consumables in DayZExpansion\Objects\Gear\Consumables\
  DayZExpansion_Dta_Game in DayZExpansion\Dta\Game\
  SawedShotgun in Shotguns\sawedshotgun\
  BuilderItems_Misc in DayZExpansion\Objects\Structures\BuilderItems\DZ\misc\
  DayZExpansion_NotificationScheduler_Scripts in DayZExpansion\NotificationScheduler\Scripts\
  DayZExpansion_Vehicles_Ground_Vodnik in DayZExpansion\Vehicles\Ground\Vodnik\
  Survivalists_Weapons_JMC_Rifles_ttrpg7 in Survivalists_Weapons_JMC\rifles\ttrpg7\
  DZ_Worlds_Enoch_CE in DZ\worlds\enoch\ce\, PAZ_byALEX in PAZ_byALEX\
  DayZExpansion_Objects_Gear_Gps in DayZExpansion\Objects\Gear\Gps\
  Type64 in MachineGuns\type64\, UAZ_2315 in mod_tuning\uaz_2315\
  ZIL130_REPAIR in mod_tuning\zil130_repair\
  DayZExpansion_Objects_Firearms_LAW in DayZExpansion\Objects\Weapons\Firearms\LAW\
  SV98 in Sniper\sv98\
  DeerIsle_AbandonedBuilding in deerisle\objects\abandoned_building\
  STAG_Flag in STAG_Industries\data\flag\, DZ_Rocks in DZ\rocks\
  DoubleBarrelShotgun in Shotguns\doublebarrelshotgun\
  DayZExpansion_Worlds_ChernarusPlus_Rays in DayZExpansion\Worlds\ChernarusPlus\VanillaRays\
  Munghardsguitar in MunghardsItems\guitar\
  BuilderItems_StaticItems_Core in DayZExpansion\Objects\Structures\BuilderItems\DZ\statics\core\
  PindadSS2 in MachineGuns\pindadss2\, ScarLK in MachineGuns\scarlk\
  Munghardsbearhead in MunghardsItems\bearhead\
  DayZExpansion_Sounds_Ground_OffroadHatchback in DayZExpansion\Sounds\Vehicles\Ground\OffroadHatchback\
  PONTIAC in mod_tuning\pontiac\
  DayZExpansion_EXPS3HoloOptic in DayZExpansion\Objects\Weapons\Attachments\Optics\exps3\
  DeerIsle_Textures in deerisle\objects\jmc_di_objects\textures\
  zisb_modular_caves_for_deerisle in deerisle\objects\zisb_modular_caves_for_deerisle\
  DZ_Pistols_Encore in DZ\weapons\pistols\longhorn\
  SkullMask in WindstrideClothing\models\skull_mask\
  DayZExpansion_Vehicles_Air_Gyro in DayZExpansion\Vehicles\Air\Gyro\
  Winter_Parka in WindstrideClothing\models\winter_parka\
  DayZExpansion_BaseBuilding_Preload in 0_DayZExpansion_BaseBuilding_Preload\
  BuilderItems_Bliss_Industrial in DayZExpansion\Objects\Structures\BuilderItems\Bliss\industrial\
  DayZExpansion_Sounds_Vehicles_Water_LHD in DayZExpansion\Sounds\Vehicles\Water\LHD\
  smpl_structures_doors in deerisle\Deerisle_Security_System\items\testhouse\
  DZ_Structures_Bliss_Underground in DZ\structures_bliss\underground\
  Munghardsnbc_longcoat in MunghardsItems\nbc_longcoat\
  DayZExpansion_Dta_World in DayZExpansion\Dta\World\
  High_Knee_Sneakers in WindstrideClothing\models\high_knee_sneakers\
  Layered_Shirt in WindstrideClothing\models\layered_shirt\
  DayZExpansion_LanguageCore_Book in DayZExpansion\languagecore\Book\
  DayZExpansion_Objects_Misc in DayZExpansion\Objects\Misc\
  jmc_SnowOwl_Optic in Weapons\data\attachments\snowowloptic\
  DZ_Structures_Data_Bliss in DZ\structures_bliss\data\
  DZ_Gear_Food in DZ\gear\food\, DZ_Weapons_Lights in DZ\weapons\attachments\light\
  CS_Military in Military\
  DayZExpansion_Vehicles_Air_HatchBird in DayZExpansion\Vehicles\Air\HatchBird\
  PKP in MachineGuns\pkp\, GS in Guns\gs\
  BuilderItems_Rocks in DayZExpansion\Objects\Structures\BuilderItems\DZ\rocks\
  URAL_4320_byALEX in URAL_4320_byALEX\, M4A1Black in MachineGuns\m4a1black\
  Halloween in Halloween\pumpkinmask\, DozorB_byALEX_data in DozorB_byALEX_data\
  Sterling in MachineGuns\sterling\
  DayZExpansion_Sounds_Vehicles_Water_Utility in DayZExpansion\Sounds\Vehicles\Water\Utility\
  STAG_Cargo_Pants in STAG_Industries\data\pants\, TK_Buildings in TK\buildings\
  DZ_Structures_Bliss_Signs in DZ\structures_bliss\signs\
  P90shallow_grave in Guns\p90shallow_grave\, Colt1911Holy in Guns\colt1911holy\
  Conqueror in mod_tuning\conqueror\, BMW_X5_byALEX_data in BMW_X5_byALEX_data\
  DayZExpansion_Objects_Structures_HangedBody in DayZExpansion\Objects\Structures\hanged_body\
  Munghardsrifleholster in MunghardsItems\rifleholster\
  Munghardsdynamitestick in MunghardsItems\dynamitestick\
  DayZExpansion_Objects_BaseBuilding_Walls in DayZExpansion\Objects\Basebuilding\Walls\
  Cougar_byALEX in Cougar_byALEX\, GearPDA_scripts in GearPDA\
  DayZExpansion_LanguageCore_Quests in DayZExpansion\languagecore\Quests\
  STG58 in MachineGuns\stg58\
  Nissan_warrior_byALEX_data in Nissan_warrior_byALEX_data\
  SG550 in MachineGuns\sg550\, DZ_Plants in DZ\plants\, DZ_Server_Data in DZ\server\
  DZ_Weapons_Firearms_M249Para in DZ\weapons\firearms\m249\
  DayZExpansion_Weapons_Rifles_G36 in DayZExpansion\Objects\Weapons\Firearms\Rifles\G36\
  Gaz71_byALEX in Gaz71_byALEX\, G65_byALEX in G65_byALEX\
  Munghardsleatherwallet in MunghardsItems\leatherwallet\
  AK103 in MachineGuns\ak103\, GazTigr_byALEX in GazTigr_byALEX\
  EGER_byALEX in EGER_byALEX\
  Survivalists_Weapons_JMC_Ammunition in Survivalists_Weapons_JMC\ammunition\
  Survivalists_Weapons_JMC_Attachments_Optics in Survivalists_Weapons_JMC\attachments\optics\
  DZ_Structures_Walls in DZ\structures\walls\
  DZ_Weapons_Muzzles in DZ\weapons\attachments\muzzle\
  DayZExpansion_ReflexOptic in DayZExpansion\Objects\Weapons\Attachments\Optics\Reflex\
  HEMTT_byALEX in HEMTT_byALEX\, AZLK_byALEX in AZLK_byALEX\
  Forever_Burning_Campfire in Forever_Burning_Campfire\, Arisaka in Sniper\arisaka\
  ARX160 in MachineGuns\arx160\
  Expansion_Backpacks in DayZExpansion\Data\Characters\Backpacks\
  deerisle_data in deerisle\data\, jmc_deerisle_misc in deerisle\objects\misc\
  DZ_Weapons_Firearms_AK101 in DZ\weapons\firearms\ak101\
  SG553 in MachineGuns\sg553\, Thompson in MachineGuns\thompson\
  M35a2_byALEX in M35a2_byALEX\, AK105 in MachineGuns\ak105\
  Docstextures in Docstextures\
  DayZExpansion_Weapons_Rifles_M1A in DayZExpansion\Objects\Weapons\Firearms\Rifles\M1A\
  CP_Plants in CannabisPlus\plants\
  LandCruiser_byALEX_data in LandCruiser_byALEX_data\
  Survivalists_Weapons_JMC_Rifles_Marlin in Survivalists_Weapons_JMC\rifles\marlin\
  Survivalists_Weapons_JMC_Rifles_Higgins in Survivalists_Weapons_JMC\rifles\higgins\
  dzr_disinfect_by_boiling in dzr_disinfect_by_boiling\
  DayZExpansion_ModStorage_CF_Scripts in JM\CF\Scripts\4_World\CommunityFramework\ModStorage\
  BuilderItems_Ruins in DayZExpansion\Objects\Structures\BuilderItems\DZ\ruins\
  IthacaM37 in Shotguns\ithacam37\, RPC_Scripts in JM\CF\Defines\
  DeerIsle_FinderOuter_Sounds_Music in deerisle\DeerIsle_FinderOuter\sounds\
  jmc_sciencelab in deerisle\objects\sciencelab\
  STAG_Clothing_Army in STAG_Industries\data\armybackpack\
  DZ_Weapons_Explosives in DZ\weapons\explosives\
  MunghardsSandwich in MunghardsItems\sandwich\, ridersjacket in BandShirts\
  UAZ469_offroad_byALEX_data in UAZ469_offroad_byALEX_data\
  Beretta92FS in Guns\beretta92fs\, shotguns in Shotguns\
  Munghardssleepingbag in MunghardsItems\sleepingbag\, AK107 in MachineGuns\ak107\
  OTSGroza in MachineGuns\otsgroza\, VAZ_2109_byALEX in VAZ_2109_byALEX\
  DayZExpansion_Objects_Gear_Electricity in DayZExpansion\Objects\Gear\Electricity\
  DayZExpansion_Objects_Structures_Editor in DayZExpansion\Objects\Structures\Editor\
  DayZExpansion_Sounds_Vehicles_Water_Zodiac in DayZExpansion\Sounds\Vehicles\Water\Zodiac\
  Survivalists_Weapons_JMC_Shotguns in Survivalists_Weapons_JMC\shotguns\
  TK_Ind_Shed in TK\buildings\ind\ind_shed\
  Gaz71_byALEX_ServerMod in Gaz71_byALEX_ServerMod\
  Kamaz_4350_byALEX_ServerMod in Kamaz_4350_byALEX_ServerMod\
  DayZExpansion_Sounds_Vehicles_Air_Uh1h in DayZExpansion\Sounds\Vehicles\Air\Uh1h\
  SG556 in MachineGuns\sg556\
  BuilderItems_Bliss_Military in DayZExpansion\Objects\Structures\BuilderItems\Bliss\military\
  DayZExpansion_Scripts in DayZExpansion\Scripts\
  Kraz_6322_byALEX_data in Kraz_6322_byALEX_data\
  BuilderItems_Furniture in DayZExpansion\Objects\Structures\BuilderItems\DZ\furniture\
  DayZExpansion_Vehicles_GUI in DayZExpansion\Vehicles\GUI\
  DZ_Animals_ursus_arctos in DZ\animals_bliss\ursus_arctos\
  DZ_Weapons_Firearms_B95 in DZ\weapons\firearms\b95\, M200 in Sniper\m200\
  DayZExpansion_Objects_Gravecross in DayZExpansion\Objects\Gear\GraveCross\
  DayZExpansion_LanguageCore_Main in DayZExpansion\languagecore\Main\
  DayZExpansion_Objects_TemporaryOwnedContainer in DayZExpansion\Core\Objects\TemporaryOwnedContainer\
  Kraz_6322_byALEX in Kraz_6322_byALEX\, MunghardsBrain in MunghardsItems\brain\
  STAG_PlateCarrierHolster in STAG_Industries\data\holster\
  DZ_Anims_Anm_Player in DZ\anims\anm\player\
  DZ_Gear_Containers in DZ\gear\containers\
  Oshkosh_byALEX_ServerMod in Oshkosh_byALEX_ServerMod\
  DZ_Structures_Industrial in DZ\structures\industrial\
  DZ_Weapons_Firearms_CZ550 in DZ\weapons\firearms\cz550\
  WinchesterRifle in Sniper\winchesterrifle\
  M35a2_byALEX_data in M35a2_byALEX_data\, Sten in MachineGuns\sten\
  CP_Bricks in CannabisPlus\bricks\, P90 in Guns\p90\
  Munghardsplayerhead in MunghardsItems\playerhead\, TWP_AN94 in MachineGuns\an94\
  Expansion_Gloves in DayZExpansion\Data\Characters\Gloves\
  MunghardsSAK in MunghardsItems\sak\, TK_Gear in TK\gear\
  DZ_Characters_Tops in DZ\characters\tops\
  Interceptor_byALEX_ServerMod in Interceptor_byALEX_ServerMod\
  PAZ_BANDIT_byALEX_ServerMod in PAZ_BANDIT_byALEX_ServerMod\
  DayZExpansion_Chat_Preload in 0_DayZExpansion_Chat_Preload\
  AA12Dragon in Shotguns\aa12dragon\
  DayZExpansion_Core_GUI in DayZExpansion\Core\GUI\, FN57Toxic in Guns\fn57toxic\
  czzzz_DzrNotes in dzr_notes\, Munghardscsmcmillan in MunghardsItems\csmcmillan\
  JM_COT_Scripts in JM\COT\Scripts\
  Survivalists_Weapons_JMC_Rifles_ESP_M14 in Survivalists_Weapons_JMC\rifles\esp_m14\
  DZ_Vehicles_Wheeled in DZ\vehicles\wheeled\
  DayZExpansion_Navigation_Worlds in DayZExpansion\Navigation\Worlds\
  CX8Storm in Guns\cx8storm\, M24Snow in Sniper\m24snow\
  BuilderItems_Military in DayZExpansion\Objects\Structures\BuilderItems\DZ\military\
  DayZExpansion_Sounds_Music in DayZExpansion\Sounds\Music\
  jmc_fiberplant in deerisle\objects\fiberplant\
  DZ_Characters_Pants in DZ\characters\pants\
  Gelenvagen_byALEX in Gelenvagen_byALEX\
  Tactical_Leg_Holster in WindstrideClothing\models\tactical_leg_holster\
  DayZExpansion_LanguageCore_Market in DayZExpansion\languagecore\Market\
  BuilderItems_StaticItems_Weapons in DayZExpansion\Objects\Structures\BuilderItems\DZ\statics\weapons\
  czzzz_DzrNotesScripts in czzzz_DzrNotesScripts\, Taurus in Guns\taurus\
  BMW_X5_byALEX in BMW_X5_byALEX\, ZIL130_Kung in mod_tuning\zil130_kung\
  Fingerless_Gloves in WindstrideClothing\models\fingerless_gloves\
  Survivalists_Weapons_JMC_Pistols_Flintlock in Survivalists_Weapons_JMC\pistols\flintlock\
  Survivalists_Weapons_JMC_rifles_ttkrp39 in Survivalists_Weapons_JMC\rifles\ttkrp39\
  Survivalists_Weapons_JMC_Pistols in Survivalists_Weapons_JMC\pistols\
  DZ_Structures_Bliss_Rail in DZ\structures_bliss\rail\
  Kamaz_4350_data in Kamaz_4350_byALEX_data\bort\
  NivaPickup_byALEX_data in NivaPickup_byALEX_data\
  SurgicalMask in Covid\surgicalmask\, MP5A3 in Guns\mp5a3\
  DayZExpansion_Weapons_SMG_MPX in DayZExpansion\Objects\Weapons\Firearms\SMG\GTM\
  DayZExpansion_Preload in 0_DayZExpansion_Preload\, BMW_byALEX in BMW_byALEX\
  MAZ_509 in MAZ_509_byALEX\bort\
  BuilderItems_Bliss_Roads in DayZExpansion\Objects\Structures\BuilderItems\Bliss\roads\
  URAL_4350_BORT in mod_tuning\ural_4350_bort\, Cougar in mod_tuning\cougar\
  RadioactiveBear in bear\, MunghardsItems in MunghardsItems\
  OffroadRangeRover_byALEX in OffroadRangeRover_byALEX\
  BoostZombiesVisionAddon in LIVEN\PvZmoD_CustomisableZombies\dz\ai\
  DayZExpansion_Objects_Structures_BuilderItems_DZ in DayZExpansion\Objects\Structures\BuilderItems\DZ\
  cype_Policestation in TK\buildings\policestation\
  DZ_Animals_Bliss in DZ\animals_bliss\
  SCOUT_byALEX_ServerMod in SCOUT_byALEX_ServerMod\
  DZ_Weapons_Launchers_GP25 in DZ\weapons\launchers\gp25\
  DayZExpansion_Navigation_GUI in DayZExpansion\Navigation\GUI\
  ZIL130_BORT in mod_tuning\zil130_bort\
  Munghardsfurcowl in MunghardsItems\furcowl\, EGER in mod_tuning\eger\
  Browning1928 in MachineGuns\browning1928\
  Interceptor_byALEX_data in Interceptor_byALEX_data\
  AmericanRifle in Sniper\americanrifle\
  Munghardssherlockpipe in MunghardsItems\sherlockpipe\, BTR_byALEX in BTR_byALEX\
  BuilderItems_Bliss_Ruins in DayZExpansion\Objects\Structures\BuilderItems\Bliss\ruins\
  Admirals_Diving_Sounds in AdmiralsDivingMod\sounds\, TK_Objects in TK\
  DZ_Structures_Specific in DZ\structures\specific\, LAR in MachineGuns\lar\
  Camper in mod_tuning\camper\, MunghardsKatana in MunghardsItems\katana\
  BuilderItems_Residential in DayZExpansion\Objects\Structures\BuilderItems\DZ\residential\
  Howa in MachineGuns\howa\, Munghardscastironpan in MunghardsItems\castironpan\
  DayZExpansion_PersonalStorage_GUI in DayZExpansion\PersonalStorage\GUI\
  ArmA2_Props in ArmA2_Props\, STAG_TacticalGloves in STAG_Industries\data\golves\
  BTR_byALEX_data in BTR_byALEX_data\
  Munghardssimplebackpack in MunghardsItems\simplebackpack\
  Komrad12 in Shotguns\komrad12\, URAL_4350_KUNG in mod_tuning\ural_4350_kung\
  BuilderItems_Sidewalks in DayZExpansion\Objects\Structures\BuilderItems\DZ\sidewalks\
  DayZExpansion_AI_Preload in 0_DayZExpansion_AI_Preload\
  Munghardsthermos in MunghardsItems\thermos\, M4V5 in MachineGuns\m4v5\
  P8 in Guns\p8\, M40A5 in Sniper\m40a5\
  Munghardsswmodel3 in MunghardsItems\swmodel3\
  DZ_Worlds_Enoch in DZ\worlds\enoch\world\, KSG in Shotguns\ksg\
  Munghardsstielhandgranate in MunghardsItems\decoygrenade\
  Bullets in MachineGuns\bullets\, Glock18Wolf in Guns\glock18wolf\
  Conqueror_byALEX in Conqueror_byALEX\
  MunghardsWonderbread in MunghardsItems\wonderbread\, AR15 in Guns\tokarev\a1r5\
  DayZExpansion_Core_Objects_CircuitBoard in DayZExpansion\Core\Objects\CircuitBoard\
  JM_COT_GUI in JM\COT\GUI\
  DeerIsle_Classic_Objects in deerisle\objects\classic_objects\
  DZ_Structures_Bliss_Specific in DZ\structures_bliss\specific\
  DZ_Weapons_Launchers_M203 in DZ\weapons\launchers\m203\, SAR in Guns\sar\
  DayZExpansion_Worlds_ChernarusPlus_Gloom in DayZExpansion\Worlds\ChernarusPlus\Gloom\
  IA2 in MachineGuns\ia2\, BulletStacksPlusPlus in BulletStacksPlusPlus\
  DayZExpansion_LanguageCore_Vehicles in DayZExpansion\languagecore\Vehicles\
  BuilderItems_Specific in DayZExpansion\Objects\Structures\BuilderItems\DZ\specific\
  DayZExpansion_Sounds_Vehicles_Air_HatchBird in DayZExpansion\Sounds\Vehicles\Air\HatchBird\
  DayZExpansion_Objects_Structures_Grass_Sample in DayZExpansion\Objects\Structures\Grass_Sample\
  Survivalists_Weapons_JMC_Rifles_ESPAR22 in Survivalists_Weapons_JMC\rifles\espar22\
  DZ_Structures_Bliss_Industrial in DZ\structures_bliss\industrial\
  BTR_byALEX_ServerMod in BTR_byALEX_ServerMod\
  DZ_Gear_Navigation in DZ\gear\navigation\
  DayZExpansion_Sounds_Weapons_Ricochet in DayZExpansion\Sounds\Weapons\Ricochet\
  LMG in MachineGuns\lmg\, MP443 in Guns\mp443\
  DayZExpansion_Sounds_UI in DayZExpansion\Sounds\UI\
  ColtPython in Guns\coltpython\
  DayZExpansion_Market_GUI in DayZExpansion\Market\GUI\
  VAZ_2108_byALEX in VAZ_2108_byALEX\, Range_Rover in mod_tuning\range_rover\
  Benni_CatFood in deerisle\objects\catfood\
  jmc_iceland in deerisle\objects\iceland\
  DeerIsle_Data in deerisle\objects\jmc_di_objects\data\
  Survivalists_TestMod_Sounds in Survivalists_TestMod\sounds\
  TK_Ind in TK\buildings\ind\, DZ_Gear_Drinks in DZ\gear\drinks\
  Anzio in Sniper\anzio\, Conqueror_byALEX_data in Conqueror_byALEX_data\
  Audi_RS6 in mod_tuning\audi_rs6\
  Remington870Tactical in Shotguns\remington870tactical\
  UAZ_3909 in mod_tuning\uaz_3909\
  DayZExpansion_Chat_Scripts in DayZExpansion\Chat\Scripts\
  VANILLA_Retexture_Bunker in VANILLA_Retexture_Bunker\
  Kamaz_4350_byALEX in Kamaz_4350_byALEX\, NRX_Magnum in Guns\nrx_magnum\
  G65 in mod_tuning\g65\, FlipFlops in WindstrideClothing\models\flip_flops\
  URAL_4320_byALEX_data in URAL_4320_byALEX_data\
  DayZExpansion_Worlds_enoch_Gloom in DayZExpansion\Worlds\enoch\Gloom\
  DayZExpansion_Vehicles_Ground_Tractor in DayZExpansion\Vehicles\Ground\Tractor\
  DayZExpansion_M9 in DayZExpansion\Objects\Weapons\Firearms\Pistols\M9\
  DayZExpansion_Vehicles_Ground_Hatchback_02 in DayZExpansion\Vehicles\Ground\Hatchback_02\
  ModularVestSystem_Black_Camo2 in 42MAMVSGear\black_camo2_bunker\
  Munghardssushiknife in MunghardsItems\sushiknife\
  Survivalists_Weapons_JMC_Adapters in Survivalists_Weapons_JMC\attachments\adapters\
  DZ_Structures_Bliss_Residential in DZ\structures_bliss\residential\
  gebsfish in gebsfish\, Traktor_byALEX_data in Traktor_byALEX_data\
  Munghardslebedev in MunghardsItems\lebedev_pl15\
  GAZ66_byALEX_data in GAZ66_byALEX_data\, M249 in MachineGuns\m249\
  BuilderItems_Expansion_BaseBuilding in DayZExpansion\Objects\Structures\BuilderItems\Expansion\BaseBuilding\
  DeerIsle_AncientRuin in deerisle\objects\jmc_di_objects\ancientruin\
  Fwinkies_OBJECT in deerisle\objects\Fwinkies\, DZ_Animals in DZ\animals\
  AK47WhiteWolf in MachineGuns\ak47whitewolf\attachment\
  DayZExpansion_Vehicles_Skins in DayZExpansion\Skins\Vehicles\, Optics in Optics\
  ZFirePlaceInCars_Servermod in ZFirePlaceInCars_Servermod\
  DayZExpansion_Objects_Gear_Spraycans in DayZExpansion\Objects\Gear\Spraycans\
  SR1Gyrza in Guns\sr1gyrza\, MG42 in MachineGuns\mg42\
  DZ_Expansion_AI_Weapons_Debug in DayZExpansion\AI\DebugWeapons\
  ROVER in mod_tuning\rover\, SG550S in Sniper\sg550s\
  DayZExpansion_Objects_BaseBuilding_Tents_Kits in DayZExpansion\Objects\Basebuilding\Tents_Kits\
  Survivalists_Weapons_JMC_Rifles_ttar9 in Survivalists_Weapons_JMC\rifles\ttar9\
  Camper_byALEX_ServerMod in Camper_byALEX_ServerMod\
  DZ_Characters_Headgear in DZ\characters\headgear\
  ZIL130_byALEX_data in ZIL130_byALEX_data\
  DayZExpansion_Objects_BaseBuilding_Items in DayZExpansion\Objects\Basebuilding\Items\
  Kamaz_Typhoon_byALEX_data in Kamaz_Typhoon_byALEX_data\
  CS_Military_DragonTeeth in Military\dragonteeth\, AK9 in MachineGuns\ak9\
  DayZExpansion_Weapons_Scripts in DayZExpansion\Weapons\Scripts\
  jmc_fastfood in deerisle\objects\fastfood\, TK_Rocks in TK\rocks\
  DZ_Nonlethal_Shockpistol in DZ\weapons\nonlethal\shockpistol\
  Munghardsteddyhead in MunghardsItems\teddyhead\
  DayZExpansion_AI_Scripts in DayZExpansion\AI\Scripts\
  BerettaSwordCutlass in Guns\berettaswordcutlass\
  Chevrolet_Camaro_byALEX in Chevrolet_Camaro_byALEX\
  CP_Rollingpaper in CannabisPlus\rolling\
  DayZExpansion_Sounds_BaseBuilding in DayZExpansion\Sounds\BaseBuilding\
  CannabisPlus_Cigarette in CannabisPlus\cigarettes\
  OffroadRangeRover in mod_tuning\offroadrangerover\, Novator in mod_tuning\novator\
  Munghardsnagant in MunghardsItems\nagant1895\
  zeroy_custom_buildings in deerisle\objects\wind_turbine\
  DZ_Weapons_Firearms_Ruger1022 in DZ\weapons\firearms\ruger1022\
  DayZExpansion_Quests_Objects_Containers in DayZExpansion\Quests\Dta\Objects\Containers\
  Mossberg590a1 in Shotguns\mossberg590a1\
  DayZExpansion_Sounds_Vehicles_Air_Gyro in DayZExpansion\Sounds\Vehicles\Air\Gyro\
  DayZExpansion_Groups_Scripts in DayZExpansion\Groups\Scripts\
  M1912 in Shotguns\m1912\, MosinNagant in Sniper\mosinnagant\
  ACE in MachineGuns\ace\, ASVal in MachineGuns\asval\
  jmc_SnowOwl_Ammo in Weapons\data\ammunition\snowowl\
  DZ_Weapons_Launchers_LAW in DZ\weapons\launchers\law\
  GalilSAR in MachineGuns\galilsar\
  DayZExpansion_VanillaFixes_Scripts in DayZExpansion\VanillaFixes\Scripts\
  TransportBeep in TransportBeep\, ToyotaHilux in mod_tuning\toyotahilux\
  deerisle_navmesh in deerisle\navmesh\, STAG_Vest in STAG_Industries\data\vest\
  TK_Misc_Lamp in TK\buildings\misc\misc_lamp\
  Novator_byALEX_ServerMod in Novator_byALEX_ServerMod\, CZ75 in Guns\cz75\
  BuilderItems_Expansion_Airdrop in DayZExpansion\Objects\Structures\BuilderItems\Expansion\Airdrop\
  DayZExpansion_Weapons_Shotguns_DT11 in DayZExpansion\Objects\Weapons\Firearms\Shotguns\DT11\
  BRDM in mod_tuning\brdm\
  DayZExpansion_Objects_BaseBuilding_Tents in DayZExpansion\Objects\Basebuilding\Tents\
  DayZExpansion_Sounds_Ground_Truck_01_Base in DayZExpansion\Sounds\Vehicles\Ground\Truck_01_Base\
  Admirals_Diving_Objects in AdmiralsDivingMod\object\
  Deerisle_Security_System in deerisle\Deerisle_Security_System\
  TK_Roads in TK\roads\, DZ_AI_Bliss in DZ\AI_bliss\
  DZ_Weapons_Launchers_RPG7 in DZ\weapons\launchers\rpg7\
  Munghardsdapperhat in MunghardsItems\dapperhat\
  Munghardsmilipants in MunghardsItems\milipants\
  Expansion_Lasers_Impacts in DayZExpansion\Objects\Weapons\Attachments\Lasers\impacts\
  DayZExpansion_Sounds_Ground_Bus in DayZExpansion\Sounds\Vehicles\Ground\Bus\
  MVS_Retexture_Bunker in 42MAMVSGear\, MAZ_509_data in MAZ_509_byALEX_data\bort\
  BuilderItems_Bliss_Specific in DayZExpansion\Objects\Structures\BuilderItems\Bliss\specific\
  QBZ03 in MachineGuns\qbz03\, CannabixPlus_Boxes in CannabisPlus\boxes\
  SCOUT_byALEX_data in SCOUT_byALEX_data\, DayZExpansion_GUI in DayZExpansion\GUI\
  DesertEagleSacred in Guns\deserteagle\deserteaglesacred\
  InfectedSoldierHardJMC in deerisle\ai\ai\
  jmc_infinity in deerisle\objects\infinity\
  DZ_Pistols_Magnum in DZ\weapons\pistols\magnum\
  DZ_Worlds_ChernarusPlus_CE in DZ\worlds\chernarusplus\ce\
  MBw140_byALEX in MBw140_byALEX\
  ChevroletCorvette_byALEX_data in ChevroletCorvette_byALEX_data\
  CP_Cigarettepacks in CannabisPlus\cigarettepacks\
  DayZExpansion_Objects_Structures_BMX in DayZExpansion\Objects\Structures\BMX\
  DayZExpansion_Weapons_Preload in 0_DayZExpansion_Weapons_Preload\
  ImprovisedShotgun in Shotguns\improvisedshotgun\, GAZ66 in GAZ66_byALEX\kung\
  Beretta92FSDesert in Guns\beretta92fsdesert\
  TK_Misc_Powerline in TK\buildings\misc\misc_powerline\
  DayZExpansion_Animals_lepus_europaeus in DayZExpansion\Animals\lepus_europaeus\
  Desinfectant in Covid\desinfectant\, VR80 in Shotguns\vr80\
  Nighthawk in Guns\nighthawk\, Range_Rover_byALEX_data in Range_Rover_byALEX_data\
  GAZ_69_byALEX in GAZ_69_byALEX\, CP_Dry_Post in CannabisPlus\furniture\
  DeerIsle_Proxies in deerisle\objects\jmc_di_objects\proxies\
  Survivalists_Weapons_JMC_Smgs in Survivalists_Weapons_JMC\smgs\
  TK_Cave in TK\cave\, DZ_Animals_cervus_elaphus in DZ\animals\cervus_elaphus\
  DayZExpansion_Book_Scripts in DayZExpansion\Book\Scripts\
  BenelliM4 in Shotguns\benellim4\
  Velociraptor6x6_byALEX in Velociraptor6x6_byALEX\
  DayZExpansion_Groups_Preload in 0_DayZExpansion_Groups_Preload\
  DayZExpansion_Sounds_Weapons_M79 in DayZExpansion\Sounds\Weapons\M79\
  Doom in Shotguns\doom\
  BuilderItems_Bridges in DayZExpansion\Objects\Structures\BuilderItems\DZ\bridges\
  DayZExpansion_Sounds_Vehicles_Water_Vodnik in DayZExpansion\Sounds\Vehicles\Ground\Vodnik\
  JM_COT_LanguageCore in JM\COT\languagecore\, DZ_ModuleZ in DZ\modulesDayz\
  DZ_Weapons_Firearms_MosinNagant in DZ\weapons\firearms\mosin9130\
  DayZExpansion_Stanag60RND in DayZExpansion\Objects\Weapons\Attachments\Support\Stanag60\
  BMW_X5 in mod_tuning\bmw_x5\
  Chevrolet_Camaro_byALEX_data in Chevrolet_Camaro_byALEX_data\
  G3A3 in MachineGuns\g3a3\, DZ_Weapons_Shotguns in DZ\weapons\shotguns\
  BarrettM82Desert in Sniper\barrettm82desert\
  DayZExpansion_VirtualContainerStorage_Scripts in DayZExpansion\VirtualContainerStorage\Scripts\
  MP5Silenced in MachineGuns\mp5silenced\, M24BrownTan in Sniper\m24browntan\
  Gelenvagen in mod_tuning\gelenvagen\
  Munghardsoxygentank in MunghardsItems\oxygentankrig\
  Kraz_6322 in mod_tuning\kraz_6322\, DF_GUI in DabsFramework\GUI\
  JM_CF_Scripts in JM\CF\Scripts\
  jmc_Prototype_Optic in Weapons\data\attachments\prototypeoptic\
  Fabarm in Shotguns\fabarm\, DozorB in mod_tuning\dozorb\
  Expansion_Tops in DayZExpansion\Data\Characters\Tops\
  Munghardsfannypack in MunghardsItems\fannypack\
  DayZExpansion_Objects_Firearms_Flaregun in DayZExpansion\Objects\Weapons\Firearms\Flaregun\
  UMPPrimalSaber in MachineGuns\umpprimalsaber\, CP_Fruits in CannabisPlus\fruits\
  Uzi in Guns\uzi\, Munghardsbaseballbatsaw in MunghardsItems\baseballbatsaw\
  jmc_iceland_facility in deerisle\objects\iceland_facility\
  deerisle_ai_spawner in deerisle\ai\spawner\
  STAG_Pouches in STAG_Industries\data\pouches\
  jmc_SnowOwl in Weapons\data\snowowl\, DZ_Structures in DZ\structures\data\
  DayZExpansion_Objects_Firearms_RPG7 in DayZExpansion\Objects\Weapons\Firearms\RPG7\
  MotorHome in mod_tuning\motorhome\
  DayZExpansion_Navigation_Preload in 0_DayZExpansion_Navigation_Preload\
  Munghards6B38 in MunghardsItems\6b38\, mod_tuning in mod_tuning\
  DayZExpansion_Objects_Structures_Props in DayZExpansion\Objects\Structures\Props\
  Scar in MachineGuns\scar\, MAZ_509_byALEX in MAZ_509_byALEX\
  Glock18Rebel in Guns\glock18rebel\
  DZ_Animals_ovis_aries in DZ\animals\ovis_aries\
  DZ_Weapons_Firearms_M14 in DZ\weapons\firearms\m14\
  P90Colored in Guns\p90colored\, SP1Vektor in Guns\sp1vektor\
  MunghardsVesuri in MunghardsItems\vesuri\, AWMGreen in Sniper\awmgreen\
  BuilderItems_Bliss_Signs in DayZExpansion\Objects\Structures\BuilderItems\Bliss\signs\
  M14 in Sniper\m14\, M134 in MachineGuns\m134\, DZ_Gear_Cooking in DZ\gear\cooking\
  HEMTT_byALEX_ServerMod in HEMTT_byALEX_ServerMod\, CovidSigns in Covid\covidsigns\
  BTR in mod_tuning\btr\
  DayZExpansion_P2PMarket_Scripts in DayZExpansion\P2PMarket\Scripts\
  MunghardsM52 in MunghardsItems\m52helmet\, ScarDragon in MachineGuns\scardragon\
  DayZExpansion_Book_Preload in 0_DayZExpansion_Book_Preload\
  Jeep_Wrangler_byALEX_data in Jeep_Wrangler_byALEX_data\
  DayZExpansion_VanillaFixes_GUI in DayZExpansion\VanillaFixes\GUI\
  Munghardsriflesling in MunghardsItems\riflesling\
  BuilderItemsBliss_Rocks in DayZExpansion\Objects\Structures\BuilderItems\Bliss\rocks\
  DayZExpansion_Vehicles_Ground_Offroad_02 in DayZExpansion\Vehicles\Ground\Offroad_02\
  Benelli_Supernova in Shotguns\benelli_supernova\, SSG69 in Sniper\ssg69\
  Survivalists_Weapons_JMC_Shotguns_Boomstick in Survivalists_Weapons_JMC\shotguns\boomstick\
  DZ_Animals_cervus_elaphus_feminam in DZ\animals\cervus_elaphus_fem\
  DZ_Animals_ovis_aries_fem in DZ\animals\ovis_aries_fem\, AEK919 in Guns\aek919\
  DayZExpansion_Kar98ScopeOptic in DayZExpansion\Objects\Weapons\Attachments\Optics\Kar98Scope\
  SR3 in Guns\sr-3\, M16 in MachineGuns\m16\attachments\
  OshkoshMATV in mod_tuning\oshkoshmatv\
  URAL_4350_data in URAL_4320_byALEX_data\bort\
  DZ_Gear_Consumables in LIVEN\PvZmoD_CustomisableZombies\dz\gear\consumables\
  DayZExpansion_Vehicles_Ground_TT650 in DayZExpansion\Vehicles\Ground\TT650\
  jmc_alc in deerisle\objects\alc\, AM_Fog in AM_Fog\
  Survivalists_TestMod in Survivalists_TestMod\
  Survivalists_Weapons_JMC_Rifles in Survivalists_Weapons_JMC\rifles\
  DZ_Weapons_Firearms_M4 in DZ\weapons\firearms\m4\
  HAMMER_byALEX_data in HAMMER_byALEX_data\
  UAZ469_offroad_byALEX in UAZ469_offroad_byALEX\
  DayZExpansion_Weapons_Pistols_Taser in DayZExpansion\Objects\Weapons\Firearms\Pistols\X2Taser\
  Traktor in mod_tuning\traktor\, M35a2 in mod_tuning\m35a2\
  Expansion_Armbands in DayZExpansion\Data\Characters\Armbands\
  DayZExpansion_Kar98 in DayZExpansion\Objects\Weapons\Firearms\Sniper\Kar98\
  DayZExpansion_P2PMarket_Objects in DayZExpansion\P2PMarket\Objects\
  ZIL130_data in ZIL130_byALEX_data\bort\
  ZIL130Kung_data in ZIL130_byALEX_data\kung\
  TK_Construction in TK\buildings\misc\misc_construction\
  JMC_Water in deerisle\objects\water\, Munghardsizh54 in MunghardsItems\izh54\
  UAZ_2315_byALEX_data in UAZ_2315_byALEX_data\
  Admirals_Diving_Base in AdmiralsDivingMod\
  Survivalists_Weapons_JMC_Smgs_ots71 in Survivalists_Weapons_JMC\smgs\ots71\
  Survivalists_Weapons_JMC_Explosives in Survivalists_Weapons_JMC\explosives\
  TK_Misc_Market in TK\buildings\misc\misc_market\
  DZ_Vehicles_Parts in DZ\vehicles\parts\, DMR25 in Sniper\dmr25\
  PONTIAC_byALEX_data in PONTIAC_byALEX_data\
  DayZExpansion_Objects_Structures_Signs in DayZExpansion\Objects\Structures\Signs\
  Burton in Guns\berettadoubleedge\burton\
  Sheriff_Badge in WindstrideClothing\models\pins\sheriff_badge\
  AA12 in Shotguns\aa12\, STAG_Clothing_6sh118 in STAG_Industries\data\6sh118\
  Survivalists_Weapons_JMC_Attachments_Muzzles in Survivalists_Weapons_JMC\attachments\muzzle\
  DZ_Characters_Backpacks in DZ\characters\backpacks\
  DZ_Weapons_Firearms_CZ527 in DZ\weapons\firearms\cz527\
  DZ_Weapons_Firearms_Winchester70 in DZ\weapons\firearms\winchester70\
  DayZExpansion_Objects_BaseBuilding_Stairs in DayZExpansion\Objects\Basebuilding\Stairs\
  Windstrideclothing in WindstrideClothing\
  UAZ469_byALEX_data in UAZ469_byALEX_data\, lamb in lamb\, MP40 in Guns\mp40\
  GAZ_69 in mod_tuning\gaz_69\
  jmc_military_mountain_boots in JMC_ClassicWalk\scripts\4_world\classicwalk\
  STAG_PlateCarrier in STAG_Industries\data\vest2\
  Survivalists_Weapons_JMC_Attachments_supports in Survivalists_Weapons_JMC\attachments\support\
  DZ_Surfaces_Bliss in DZ\surfaces_bliss\
  URAL_4320_byALEX_ServerMod in URAL_4320_byALEX_ServerMod\
  DZ_Weapons_Firearms_AKM in DZ\weapons\firearms\akm\
  DZ_Worlds_Chernarusplus_World in DZ\worlds\chernarusplus\world\
  DayZExpansion_P2PMarket_Preload in 0_DayZExpansion_P2PMarket_Preload\
  DayZExpansion_Structures_Industrial_Misc in DayZExpansion\Structures\Industrial\Misc\
  Jeep_Wrangler in mod_tuning\jeep_wrangler\, DozorB_byALEX in DozorB_byALEX\
  DayZExpansion_HAMROptic in DayZExpansion\Objects\Weapons\Attachments\Optics\Hamr\
  DayZExpansion_Weapons_Animations in DayZExpansion\Weapons\Animations\Player\
  Survivalists_Weapons_JMC_Shotguns_ttbecker in Survivalists_Weapons_JMC\shotguns\ttbecker\
  Survivalists_Weapons_JMC_Rifles_Kar98 in Survivalists_Weapons_JMC\rifles\kar98\
  TK_Gear_hat in TK\gear\hats\
  DZ_Structures_BuildingParts in DZ\structures\Proxy_BuildingParts\
  DZ_Weapons_Firearms_MP5 in DZ\weapons\firearms\mp5\
  MAZ_509_byALEX_data in MAZ_509_byALEX_data\
  BarrettM82Snow in Sniper\barrettm82snow\, SR47 in MachineGuns\sr47\
  T5000 in Sniper\t5000\, gebsCfgPatches in gebsfish\data\
  DayZExpansion_Sounds_Weapons_Crossbow in DayZExpansion\Sounds\Weapons\Crossbow\
  SteyrAug in MachineGuns\steyraug\, MP5 in Guns\mp5\, Grenades in Grenades\
  BuilderItems_Expansion_Vehicles in DayZExpansion\Objects\Structures\BuilderItems\Expansion\Vehicles\
  BuilderItems_Traffic in DayZExpansion\Objects\Structures\BuilderItems\DZ\traffic\
  DayZExpansion_Sounds_Ground_TT650 in DayZExpansion\Sounds\Vehicles\Ground\TT650\
  Survivalists_Weapons_JMC_Rifles_ESP_G36C in Survivalists_Weapons_JMC\rifles\esp_g36c\
  DeerIsle_Weapons in Weapons\, DZ_Characters_Belts in DZ\characters\belts\
  MotorHome_byALEX_ServerMod in MotorHome_byALEX_ServerMod\
  DZ_Weapons_Archery_Bow_Recurve in DZ\weapons\archery\bow_recurve\
  DZ_Weapons_Melee_Powered in DZ\weapons\melee\powered\
  DZ_Nonlethal in DZ\weapons\nonlethal\
  DayZExpansion_LanguageCore_Chat in DayZExpansion\languagecore\Chat\
  Crossbow in Guns\crossbow\, YAR_87_byALEX in YAR_87_byALEX\
  DayZExpansion_Navigation_Scripts in DayZExpansion\Navigation\Scripts\
  Kamaz_4350 in Kamaz_4350_byALEX\bort\
  DayZExpansion_Objects_BaseBuilding_Data in DayZExpansion\Objects\Basebuilding\Data\
  DayZExpansion_NameTags_GUI in DayZExpansion\NameTags\GUI\
  GAZ66bort_data in GAZ66_byALEX_data\bort\
  Button_Pin_Radioactive in WindstrideClothing\models\pins\button_pin\
  Survivalists_Weapons_JMC_Pistols_ttl35 in Survivalists_Weapons_JMC\pistols\ttl35\
  Survivalists_Weapons_JMC_Pistols_ttm9 in Survivalists_Weapons_JMC\pistols\ttm9\
  DZ_Structures_Roads in DZ\structures\roads\
  DZ_Weapons_Archery_Bow_pvc in DZ\weapons\archery\bow_pvc\
  RareAnimals in RareAnimals\
  DayZExpansion_Objects_Structures_Grass in DayZExpansion\Objects\Structures\Grass\
  MP7 in Guns\mp7\
  Survivalists_Weapons_JMC_Smgs_ttagram in Survivalists_Weapons_JMC\smgs\ttagram\
  Kraz_6322_byALEX_ServerMod in Kraz_6322_byALEX_ServerMod\
  DZ_Structures_Ruins in DZ\structures\ruins\
  DZ_Weapons_Archery_Bow_Quickie in DZ\weapons\archery\bow_quickie\
  Windstride_Poncho in WindstrideClothing\models\poncho\
  MunghardsWeldingglasses in MunghardsItems\weldinggoggles\
  Sako75 in Sniper\sako75\
  DayZExpansion_Hardline_Scripts in DayZExpansion\Hardline\Scripts\
  M24Wood in Sniper\m24wood\, Munghardsmag3gasmask in MunghardsItems\mag3_gasmask\
  FNM29 in MachineGuns\fnm29\, LandCruiser in mod_tuning\landcruiser\
  Munghardsponcho in MunghardsItems\poncho\, G36 in MachineGuns\g36\
  DayZExpansion_Vehicles_Data in DayZExpansion\Vehicles\Data\
  DZ_data_aiconfigs_bliss in DZ\data_bliss\aiconfigs\
  DZ_Structures_Bliss_Wrecks in DZ\structures_bliss\wrecks\
  Velociraptor6x6_byALEX_ServerMod in Velociraptor6x6_byALEX_ServerMod\
  DZ_Weapons_Firearms_UMP in DZ\weapons\firearms\ump45\
  DesertEagle in Guns\deserteagle\
  MunghardsHannibalmask in MunghardsItems\hannibalmask\
  Slouch_Hat in WindstrideClothing\models\slouch_hat\, AR60 in MachineGuns\ar60\
  DayZExpansion_Sounds_Weapons_Kar98 in DayZExpansion\Sounds\Weapons\Kar98\
  CS5 in Sniper\cs5\, HK33 in MachineGuns\hk33\
  BuilderItems_Garbage in DayZExpansion\Objects\Structures\BuilderItems\DZ\garbage\
  UMP in MachineGuns\ump\, AR15_CQB in MachineGuns\ar15_cqb\
  ExpansionProp_AntiAir in DayZExpansion\Vehicles\Objects\AntiAir\
  DZ_Gear_Books in DZ\gear\books\
  DZ_Weapons_Magazines in DZ\weapons\attachments\magazine\
  DayZExpansion_Objects_Gear_Breifcase in DayZExpansion\Core\Objects\Briefcase\
  Guns in Guns\sigsauerp250peacock\, TLC_200_byALEX_data in TLC_200_byALEX_data\
  MotorHome_byALEX_data in MotorHome_byALEX_data\
  Munghardscricket_bat in MunghardsItems\cricket_bat\
  Munghardsscope in MunghardsItems\scope2\
  DayZExpansion_Vehicles_Air_Merlin in DayZExpansion\Vehicles\Air\Merlin\
  DeerIsle_Fences in deerisle\objects\fences\
  Munghardszenitco_pt3 in MunghardsItems\zenitco_pt3\, BlueCollarBoys in BCBFlag\
  GarbageSearch in GarbageSearch\, Munghardslogcabin in MunghardsItems\logcabin\
  cows in cows\, Leggings in WindstrideClothing\models\leggings\
  CP_Workbench in CannabisPlus\workbench\, WaltherP99 in Guns\waltherp99\
  jmc_military_lootcases in deerisle\objects\Lugge_Raft\
  DZ_Animals_canis_lupus in DZ\animals\canis_lupus\
  GAZ66_byALEX_ServerMod in GAZ66_byALEX_ServerMod\
  DZ_Weapons_Animations in DZ\weapons\animations\
  DZ_Pistols_DE in DZ\weapons\pistols\de\, BRDM_byALEX_data in BRDM_byALEX_data\
  M1Carabine in Sniper\m1carabine\, AR15_SLR in MachineGuns\ar15_slr\
  Opel_Astra_byALEX in Opel_Astra_byALEX\, NivaPickup_byALEX in NivaPickup_byALEX\
  DayZExpansion_Objects_Structures_ExpansionFlag in DayZExpansion\Objects\Structures\ExpansionFlag\
  ThompsonMK2 in MachineGuns\thompsonmk2\
  DayZExpansion_Groups_GUI in DayZExpansion\Groups\GUI\
  ModularVestSystem_Black_Camo in 42MAMVSGear\black_camo_bunker\
  DayZExpansion_Objects_BaseBuilding_Gates in DayZExpansion\Objects\Basebuilding\Gates\
  RPK16 in MachineGuns\rpk16\
  LandCruiser_byALEX_ServerMod in LandCruiser_byALEX_ServerMod\
  DZ_Water in DZ\water\, ZIL130_byALEX_ServerMod in ZIL130_byALEX_ServerMod\
  UAZ_3909_Spec in mod_tuning\uaz_3909_spec\
  BuilderItemsBliss_Plants in DayZExpansion\Objects\Structures\BuilderItems\Bliss\plants\
  Frame in Guns\glockconversionkit\frame\, L96A1 in Sniper\l96a1\
  URAL_4350_Kung_data in URAL_4320_byALEX_data\kung\
  Military_Sweater in WindstrideClothing\models\military_sweater\
  Tokarev in Guns\tokarev\, Gaz71_byALEX_data in Gaz71_byALEX_data\
  DayZExpansion_VanillaFixes_Sounds in DayZExpansion\VanillaFixes\Sounds\
  DZ_Characters_Shoes in DZ\characters\shoes\
  DayZExpansion_Dta_Core in DayZExpansion\Dta\Core\
  DayZExpansion_Hardline_Preload in 0_DayZExpansion_Hardline_Preload\
  DayZExpansion_PersonalStorage_Objects in DayZExpansion\PersonalStorage\Objects\
  CPtoken in CPTOKENS\, Jeep_Wrangler_byALEX in Jeep_Wrangler_byALEX\
  Wool_GreatCoat in WindstrideClothing\models\wool_greatcoat\
  DayZExpansion_Sounds_Ground_N250 in DayZExpansion\Sounds\Vehicles\Ground\N250\
  jmc_Prototype in Weapons\data\prototype\, deerisle in deerisle\world\
  DZ_Animals_gallus_gallus_domesticus_feminam in DZ\animals\gallus_gallus_domesticus_feminam\
  DZ_Radio in DZ\gear\radio\, L115A3 in Sniper\l115a3\
  GazTigr_byALEX_data in GazTigr_byALEX_data\
  Leather_cloak in WindstrideClothing\models\leather_cloak\
  UAZ469 in mod_tuning\uaz469\
  DayZExpansion_Objects_Kits in DayZExpansion\Objects\Kits\
  DayZExpansion_Objects_BaseBuilding_Misc in DayZExpansion\Objects\Basebuilding\Misc\
  Survivalists_Weapons_JMC_Attachments_Lights in Survivalists_Weapons_JMC\attachments\lights\
  DZ_Gear_Cultivation in DZ\gear\cultivation\, CP_Pouch in CannabisPlus\pouch\
  MAB38 in MachineGuns\mab38\, PVEZ in PVEZ\
  BuilderItems_StaticItems_Expansion in DayZExpansion\Objects\Structures\BuilderItems\DZ\statics\expansion\
  OffroadRangeRover_byALEX_data in OffroadRangeRover_byALEX_data\
  ASW338 in Sniper\asw338\, Munghardshikingbag in MunghardsItems\hikingbag\
  deerisle_objects_FW190 in deerisle\objects\FW190\
  JMC_DeerIsle_ClassicWalk in JMC_ClassicWalk\
  Survivalists_Weapons_JMC_Pistols_ttmauser1914 in Survivalists_Weapons_JMC\pistols\ttmauser1914\
  DZ_Structures_Bliss_Walls in DZ\structures_bliss\walls\
  DZ_Sounds_AI in DZ\sounds\ai\, Munghardsdappercane in MunghardsItems\dappercane\
  Range_Rover_byALEX in Range_Rover_byALEX\, Kart_byALEX in Kart_byALEX\
  DayZExpansion_Quests_Dta_Core in DayZExpansion\Quests\Dta\Core\
  Remington700 in Sniper\remington700\
  Kamaz_4350_byALEX_data in Kamaz_4350_byALEX_data\
  Kneepads_Jeans in WindstrideClothing\models\kneepads_jeans\
  ScarH in MachineGuns\scarh\, DZ_AI in DZ\AI\
  DZ_Animals_gallus_gallus_domesticus in DZ\animals\gallus_gallus_domesticus\
  DZ_Sounds_Effects in DZ\sounds\hpp\, DZ_Pistols_Red9 in DZ\weapons\pistols\red9\
  Munghardskv5 in MunghardsItems\kv5\
  DayZExpansion_Vehicles_Ground_Hatchback in DayZExpansion\Vehicles\Ground\OffroadHatchback\
  DayZExpansion_Sounds_Vehicles_Air_An2 in DayZExpansion\Sounds\Vehicles\Air\An2\
  M24GreenTan in Sniper\m24greentan\
  DZ_Pistols_mkii_PvzCZ in LIVEN\PvZmoD_CustomisableZombies\dz\weapons\pistols\mkii\
  DayZExpansion_Animations_Animals in DayZExpansion\Animations\Animals\
  DZ_Weapons_Muzzles_PvzCZ in LIVEN\PvZmoD_CustomisableZombies\dz\weapons\attachments\muzzle\
  RemingtonMSR in Sniper\remingtonmsr\, FG42Old in MachineGuns\fg42old\
  STAG_M65_Jacket in STAG_Industries\data\jacket\
  DZ_Weapons_Shotguns_Izh43 in DZ\weapons\shotguns\izh43\
  Beowulf in Sniper\beowulf\
  DayZExpansion_NameTags_Scripts in DayZExpansion\NameTags\Scripts\
  DayZExpansion_Weapons_SMG_VityazSN in DayZExpansion\Objects\Weapons\Firearms\SMG\VityazSN\
  ZFirePlaceInCars in ZFirePlaceInCars\
  Munghardsballgrill in MunghardsItems\ballgrill\, ASR in MachineGuns\asr\
  Collectables_Icons in Collectables_Icons\
  CS_Military_Camonet in Military\camonet\, Aug in MachineGuns\aug\
  DayZExpansion_Vehicles_Air_An2 in DayZExpansion\Vehicles\Air\An2\
  DeerIsle_Shaman in deerisle\objects\shaman\
  RAPTOR_byALEX_data in RAPTOR_byALEX_data\
  BuilderItems_Parts in DayZExpansion\Objects\Structures\BuilderItems\DZ\parts\
  PAZ in mod_tuning\paz\
  BuilderItems_Whywouldanyoneusethese in DayZExpansion\Objects\Structures\BuilderItems\DZ\water\
  Covid19Head in Covid\covid19head\, Tec9 in Guns\tec9\
  VAZ_2108 in mod_tuning\vaz_2108\, BMW_byALEX_Data in BMW_byALEX_data\
  AX_Collectables in Collectables\models\, A2_Props_LHD in ArmA2_Props\lhd\
  jmc_Weapons_Sounds in Weapons\sounds\
  DZ_Weapons_Firearms_SVD in DZ\weapons\firearms\svd\
  DayZExpansion_Vehicles_Ground_CivilianSedan in DayZExpansion\Vehicles\Ground\CivillianSedan\
  LR300 in MachineGuns\lr300\, CP_Bags in CannabisPlus\bags\
  CS_Military_CargoTower in Military\cargotower\
  DayZExpansion_Objects_Structures_Flags in DayZExpansion\Objects\Structures\Flags\
  chicks in chicks\, VAZ_2109 in mod_tuning\vaz_2109\
  DayZExpansion_Structures_Industrial_Power in DayZExpansion\Structures\Industrial\Power\
  DZ_Weapons_Firearms_Repeater in DZ\weapons\firearms\repeater\
  DZ_Pistols in DZ\weapons\pistols\, Citroen2CV in mod_tuning\citroen2cv\
  DayZExpansion_Weapons_Optics_DeltaPoint in DayZExpansion\Objects\Weapons\Attachments\Optics\Deltapoint\
  DayZExpansion_LanguageCore_Hardline in DayZExpansion\languagecore\Hardline\
  SR_2 in Guns\sr-2\, Kriss in Guns\kriss\
  Munghardsbandana in MunghardsItems\bandana\, PPSH in MachineGuns\ppsh\
  ZIL130 in ZIL130_byALEX\bort\
  DayZExpansion_Hardline_GUI in DayZExpansion\Hardline\GUI\
  DZ_Worlds_Deerisle_CE in deerisle\ce\, DZ_Weapons_Firearms in DZ\weapons\firearms\
  ModularVestSystem_Orange in 42MAMVSGear\orange_camo_bunker\
  CZ805 in MachineGuns\cz805\, DayZExpansion_DefineTest in DayZExpansion\DefineTest\
  BerettaGoldenFlower in Guns\berettagoldenflower\, doc_guns in DOCguns\
  DayZExpansion_LanguageCore_Missions in DayZExpansion\languagecore\Missions\
  DayZExpansion_SmokeGrenades in DayZExpansion\Objects\Weapons\Throwables\Smokes\
  Buggy_byALEX in Buggy_byALEX\, Kraz_Fiona_byALEX_data in Kraz_Fiona_byALEX_data\
  Munghardsbaseballbatbarb in MunghardsItems\baseballbatbarb\
  SUV_byALEX_ServerMod in SUV_byALEX_ServerMod\
  DZ_Weapons_Shotguns_Izh18Shotgun in DZ\weapons\shotguns\izh18shotgun\
  DayZExpansion_Vehicles_Ground_LandRover in DayZExpansion\Vehicles\Ground\LandRover\
  Kamaz_4310_BORT in mod_tuning\kamaz_4310_bort\
  Glock18Egyptian in Guns\glock18egyptian\, CannabisPlus in CannabisPlus\
  STAG_MountainBag in STAG_Industries\data\mtnbag\
  DZ_Animals_capra_hircus in DZ\animals\capra_hircus\
  DZ_Gear_Optics in DZ\gear\optics\, AEK97 in MachineGuns\aek971\
  DayZExpansion_NameTags_Preload in 0_DayZExpansion_NameTags_Preload\
  LandCruiser_byALEX in LandCruiser_byALEX\
  Munghardsjaakari in MunghardsItems\jaakari\
  USPPsychodelic in Guns\usppsychodelic\, Interceptor_byALEX in Interceptor_byALEX\
  DZ_Weapons_Projectiles_PvzCZ in LIVEN\PvZmoD_CustomisableZombies\dz\weapons\projectiles\
  DayZExpansion_ModStorage_CF_Scripts_Entities in JM\CF\Scripts\4_World\CommunityFramework\Entities\
  BenelliM90 in Shotguns\benellim90\
  Golden_Winged_Pin in WindstrideClothing\models\pins\golden_winged_pin\
  JMC_Mjolnir in deerisle\objects\mjolnir\
  DZ_Animals_AnimConfig in DZ\animals\animconfig\, DZ_Anims_Cfg in DZ\anims\cfg\
  Munghardsclownmask in MunghardsItems\clownmask\
  Munghardsjoint in MunghardsItems\joint\
  UAZ_3909_byALEX_data in UAZ_3909_byALEX_data\, FN57Pink in Guns\fn57pink\
  Type89 in MachineGuns\type89\
  DayZExpansion_PlayerList_GUI in DayZExpansion\PlayerList\GUI\
  PAZprison_byALEX in PAZprison_byALEX\, BMW in mod_tuning\bmw\
  K2C in MachineGuns\k2c\
  DayZExpansion_Parachute in DayZExpansion\Objects\Gear\Parachute\
  AK47Boar in MachineGuns\ak47boar\attachment\, M1Garand in Sniper\m1garand\
  WaltherPPK in Guns\waltherppk\
  DeerIsle_Basement in deerisle\objects\jmc_di_objects\basement\
  Survivalists_Weapons_JMC_Smgs_ttmp5 in Survivalists_Weapons_JMC\smgs\ttmp5\
  DZ_Animals_bos_taurus in DZ\animals\bos_taurus\
  DZ_Characters_Gloves in DZ\characters\gloves\, Stuff in Stuff\Cosmetics\
  CP_Bagger in CannabisPlus\bagger\, MPK in Guns\mpk\
  Kamaz_4310_KUNG in mod_tuning\kamaz_4310_kung\
  ModularVestSystem_Green_Camo in 42MAMVSGear\green_camo_bunker\
  Kamaz_4350_Kung_data in Kamaz_4350_byALEX_data\kung\
  DayZExpansion_Kar98Bayonet in DayZExpansion\Objects\Weapons\Attachments\Support\kar98bayonet\
  Buggy in mod_tuning\buggy\
  DZ_Characters_Data_PvzCZ in LIVEN\PvZmoD_CustomisableZombies\dz\characters\data\
  DayZExpansion_Vehicles_Water_Carrier in DayZExpansion\Vehicles\Water\Carrier\
  TK_Plants in TK\vegetation\, DZ_Water_Bliss in DZ\water_bliss\
  DZ_Gear_Camping in DZ\gear\camping\, M107 in Sniper\m107\
  DayZExpansion_PersonalStorage_Scripts in DayZExpansion\PersonalStorage\Scripts\
  PONTIAC_byALEX in PONTIAC_byALEX\
  DayZExpansion_LanguageCore_Garage in DayZExpansion\languagecore\Garage\
  NivaPickup in mod_tuning\nivapickup\, FNS9 in Guns\fns9\
  MUSTANG in mod_tuning\mustang\
  ChevroletCorvette_byALEX in ChevroletCorvette_byALEX\, PP19 in MachineGuns\pp19\
  DayZExpansion_MapAssets_Scripts in DayZExpansion\MapAssets\Scripts\
  PAZprison_byALEX_data in PAZprison_byALEX_data\
  STAG_Armband in STAG_Industries\data\armband\
  DZ_Surfaces_Deerisle in deerisle\surfaces\
  Survivalists_Weapons_JMC_Pistols_Kingcobra in Survivalists_Weapons_JMC\pistols\kingcobra\
  DZ_Weapons_Firearms_groza in DZ\weapons\firearms\ots14\
  DZ_Weapons_Firearms_VSS in DZ\weapons\firearms\vss\
  DayZExpansion_Weapons_SMG_Kedr in DayZExpansion\Objects\Weapons\Firearms\SMG\P99\
  TLC_200 in mod_tuning\tlc_200\
  DayZExpansion_LanguageCore_Navigation in DayZExpansion\languagecore\Navigation\
  Munghardshazmatsuit in MunghardsItems\hazmatsuit\
  BuilderItems_Military_Imp in DayZExpansion\Objects\Structures\BuilderItems\DZ\military\improvised\
  TyphoonMATV in mod_tuning\typhoon\
  Gelenvagen_byALEX_data in Gelenvagen_byALEX_data\
  Traktor_byALEX in Traktor_byALEX\
  Munghardswoodenhammer in MunghardsItems\woodenhammer\
  jmc_dungeon2 in deerisle\objects\dungeon2\
  TK_Ind_Oil_Mine in TK\buildings\ind\ind_oil_mine\
  DZ_Weapons_Firearms_cz61 in DZ\weapons\firearms\cz61\
  ROVER_byALEX_data in ROVER_byALEX_data\, PAZ_byALEX_data in PAZ_byALEX_data\
  DayZExpansion_BaseBuilding_GUI in DayZExpansion\BaseBuilding\GUI\
  DayZExpansion_Objects_Gear_Guitar in DayZExpansion\Objects\Gear\Guitar\
  DayZExpansion_Objects_BaseBuilding_Floors in DayZExpansion\Objects\Basebuilding\Floors\
  MK23Socom in Guns\mk23socom\
  Survivalists_Weapons_JMC_Rifles_ttscarl in Survivalists_Weapons_JMC\rifles\ttscarl\
  TK_WallK in TK\buildings\wall\wall_k\
  Kamaz_Typhoon_byALEX_ServerMod in Kamaz_Typhoon_byALEX_ServerMod\
  M60 in MachineGuns\m60\, Spectre in Guns\spectre\, MBw140 in mod_tuning\mbw140\
  TK_WallL in TK\buildings\wall\wall_l\, DZ_Structures_Signs in DZ\structures\signs\
  UAZ_3909_byALEX_ServerMod in UAZ_3909_byALEX_ServerMod\
  DZ_Weapons_Optics in DZ\weapons\attachments\optics\
  BuilderItems_Panels in DayZExpansion\Objects\Structures\BuilderItems\DZ\panels\
  SUV_byALEX in SUV_byALEX\, WaltherPPQ in Guns\waltherppq\
  DayZExpansion_Objects_BaseBuilding_Pillars in DayZExpansion\Objects\Basebuilding\Pillars\
  DayZExpansion_LanguageCore_SpawnSelection in DayZExpansion\languagecore\SpawnSelection\
  BuilderItems_Billboards in DayZExpansion\Objects\Structures\BuilderItems\DZ\billboards\
  Munghardsdappervest in MunghardsItems\dappervest\
  Glock18Jungle in Guns\glock18jungle\, Munghardspickles in MunghardsItems\pickles\
  Citroen2CV_byALEX_data in Citroen2CV_byALEX_data\, goat in goat\
  SST30Orange in Guns\sst30orange\
  PMK_5A_Gas_Mask in WindstrideClothing\models\pmk-5a_gas_mask\
  Kamaz_Typhoon_byALEX in Kamaz_Typhoon_byALEX\
  Novator_byALEX_data in Novator_byALEX_data\
  Survivalists_Weapons_JMC_Rifles_ESP_M110 in Survivalists_Weapons_JMC\rifles\esp_m110\
  DZ_Animals_sus_scrofa in DZ\animals\sus_scrofa\
  Chevrolet_Camaro_byALEX_ServerMod in Chevrolet_Camaro_byALEX_ServerMod\
  DZ_Surfaces in DZ\surfaces\, DZ_Weapons_Misc in DZ\weapons\misc\
  DZ_Scripts in scripts\, Typhoon_byALEX in Typhoon_byALEX\, AX50 in Sniper\ax50\
  Eyepatch in WindstrideClothing\models\eyepatch\
  Munghardsbowieknife in MunghardsItems\bowieknife\
  Kart_byALEX_data in Kart_byALEX_data\
  Editor_Loader_Scripts in DayZEditorLoader\Scripts\
  DayZExpansion_Vehicles_Ground_Ikarus in DayZExpansion\Vehicles\Ground\Bus\
  DeerIsle_Deadbodies in deerisle\objects\jmc_di_objects\deadbodies\
  DZ_Sounds_Weapons in DZ\sounds\weapons\
  DZ_Weapons_Archery_Crossbow in DZ\weapons\archery\crossbow\
  DayZExpansion_PersonalStorage_Preload in 0_DayZExpansion_PersonalStorage_Preload\
  ClassicShotgun in Shotguns\classicshotgun\, LugerP08 in Guns\lugerp08\
  DayZExpansion_Market_Scripts in DayZExpansion\Market\Scripts\
  DayZExpansion_Objects_Gear_ExampleOpenableLockableContainers in DayZExpansion\Objects\Gear\ExampleOpenableLockableContainers\
  DayZExpansion_MapAssets_Preload in 0_DayZExpansion_MapAssets_Preload\
  Survivalists_Weapons_JMC_Rifles_Junkak in Survivalists_Weapons_JMC\rifles\junkak\
  Audi_RS6_byALEX in Audi_RS6_byALEX\
  DayZExpansion_Garage_GUI in DayZExpansion\Garage\GUI\, M200Old in Sniper\m200old\
  DayZExpansion_Objects_Structures_IndustrialProps in DayZExpansion\Objects\Structures\IndustrialProps\
  MiniGun in MachineGuns\minigun\hook\
  DayZExpansion_Vehicles_Preload in 0_DayZExpansion_Vehicles_Preload\
  TLC_200_byALEX in TLC_200_byALEX\, Stoner63 in MachineGuns\stoner63\
  ArexZero in Guns\arexzero\, SUV_byALEX_data in SUV_byALEX_data\
  Munghardscarrierrig in MunghardsItems\carrierrig\
  DF_Objects in DabsFramework\Objects\, Leuchtturm in deerisle\objects\lighthouse\
  jmc_rocks in deerisle\objects\rocks\, JMC_TrackedDivingContainer in TD\
  DZ_Characters_Vests in DZ\characters\vests\, ModTac in Sniper\modtac\
  RAPTOR_byALEX in RAPTOR_byALEX\, Z_Proxy in Z_Proxy\
  DayZExpansion_Market_Objects in DayZExpansion\Market\Objects\
  Fennek_byALEX in Fennek_byALEX\
  LIVEN_PvZmoD_CustomisableZombies in LIVEN\PvZmoD_CustomisableZombies\
  DayZExpansion_Weapons_Firearms_Vanilla_Override in DayZExpansion\Objects\Weapons\Firearms\Vanilla\Override\
  Munghardsflashlights in MunghardsItems\maglite\, JM_CF_GUI in JM\CF\GUI\
  Kamaz_Typhoon_63969 in mod_tuning\kamaz_typhoon_63969\
  ZIL130_REFILL in mod_tuning\zil130_refill\, MotorHome_byALEX in MotorHome_byALEX\
  DayZExpansion_Sounds_Book in DayZExpansion\Sounds\Book\
  GazTigr in mod_tuning\gaztigr\, DayZExpansion_AI_GUI in DayZExpansion\AI\GUI\
  ACWR in MachineGuns\acwr\, STAG_Boots in STAG_Industries\data\boots\
  TK_Ind_PowerStation in TK\buildings\ind\ind_pipes\
  DZ_data_trackingconfigs in DZ\data\trackingconfigs\
  DZ_Data_Data_ParticleEffects in DZ\data\data\particleeffects\
  DZ_Sounds_Characters in DZ\sounds\Characters\
  DZ_Weapons_Firearms_FAL in DZ\weapons\firearms\fal\
  YAR_87_byALEX_ServerMod in YAR_87_byALEX_ServerMod\
  LUAZ_byALEX_data in LUAZ_byALEX_data\, MUSTANG_byALEX_data in MUSTANG_byALEX_data\
  DayZExpansion_Sounds_Explosions in DayZExpansion\Sounds\Explosions\
  FAL in MachineGuns\fal\, Oshkosh_byALEX_data in Oshkosh_byALEX_data\
  CS_Military_Tower in Military\tower\, G43 in Sniper\g43\
  Oshkosh_byALEX in Oshkosh_byALEX\, Auto9 in Guns\auto9\, Ash12 in MachineGuns\ash12\
  R5 in MachineGuns\r5\, Munghardstacvest in MunghardsItems\tacvest\
  YAR_87_byALEX_data in YAR_87_byALEX_data\, TK_WallS in TK\buildings\wall\
  DZ_Structures_Furniture in DZ\structures\furniture\
  VeprSok in MachineGuns\veprsok\, Opel_Astra in mod_tuning\opel_astra\
  DayZExpansion_LanguageCore_Licensed in DayZExpansion\languagecore\Licensed\
  ModularVestSystem in ModularVestSystem\, AK47Wolf in MachineGuns\ak47wolf\
  Munghardsjesterhat in MunghardsItems\jesterhat\
  Plague_Mask in WindstrideClothing\models\plague_mask\
  SST30Halloween in Guns\sst30halloween\
  DZ_Animals_capreolus_capreolus in DZ\animals\capreolus_capreolus\
  DZ_Sounds_Vehicles in DZ\sounds\vehicles\, DZ_Weapons_Melee in DZ\weapons\melee\
  HEMTT in mod_tuning\hemtt\, M16A1 in MachineGuns\m16a1\, MPX in Guns\mpx\
  M4A1 in MachineGuns\m4a1\
  DayZExpansion_Navigation_LocationTypes in DayZExpansion\Navigation\Worlds\locationtypes\
  DayZExpansion_Market_Preload in 0_DayZExpansion_Market_Preload\
  Opel_Astra_byALEX_data in Opel_Astra_byALEX_data\
  ModularVestSystem_Tigr in 42MAMVSGear\tigr_camo_bunker\
  M16A2 in MachineGuns\m16a2\
  DayZExpansion_LanguageCore_MapAssets in DayZExpansion\languagecore\MapAssets\
  DZ_Weapons_Firearms_VSS_PvzCZ in LIVEN\PvZmoD_CustomisableZombies\dz\weapons\firearms\vss\
  PAZ_BANDIT_byALEX_data in PAZ_BANDIT_byALEX_data\
  AK47Dragon in MachineGuns\ak47dragon\, Animal_crab in crab\
  DZ_Characters_Heads in DZ\characters\heads\, PAZprison in mod_tuning\pazprison\
  ROVER_byALEX in ROVER_byALEX\, PP19Vityaz in MachineGuns\pp19vityaz\
  RK95 in MachineGuns\rk95\, M16A3 in MachineGuns\m16a3\
  DayZExpansion_Core_Objects_Currencies in DayZExpansion\Core\Objects\Currencies\
  CharminBox in Covid\charminbox\, AR70 in MachineGuns\ar70\
  USPChromatic in Guns\uspchromatic\
  Expansion_Lasers_ANPEQ15 in DayZExpansion\Objects\Weapons\Attachments\Lasers\ANPEQ\
  DeerisleStag_Billboards in deerisle\objects\billboards\
  Survivalists_Weapons_JMC_Pistols_ttmakarov in Survivalists_Weapons_JMC\pistols\ttmakarov\
  DZ_UI in DZ\ui\, DZ_Weapons_Firearms_Scout in DZ\weapons\firearms\scout\
  DZ_Weapons_Attachments_Data in DZ\weapons\attachments\data\
  MP7Eagle in Guns\mp7eagle\, ToiletRoll in Covid\toiletroll\
  DayZExpansion_Objects_Structures_BuilderItems_Bliss in DayZExpansion\Objects\Structures\BuilderItems\Bliss\
  HoneyBadgerGold in MachineGuns\honeybadgergold\
  PAZ_BANDIT_byALEX in PAZ_BANDIT_byALEX\, M16A4 in MachineGuns\m16a4\
  DayZExpansion_Vehicles_Ground_Truck_01 in DayZExpansion\Vehicles\Ground\Truck_01\
  Covid in Covid\, DayZExpansion_LanguageCore_AI in DayZExpansion\languagecore\AI\
  Munghardswoodaxe in MunghardsItems\woodaxe\, AK74 in MachineGuns\ak74\
  DayZExpansion_Weapons_Firearms_Vanilla_Skins in DayZExpansion\Objects\Weapons\Firearms\Vanilla\Skins\
  JMC_Reading in JMC_Reading\
  Survivalists_Weapons_JMC_Pistols_ttglock18c in Survivalists_Weapons_JMC\pistols\ttglock18c\
  DZ_Rocks_Bliss in DZ\rocks_bliss\
  ChevroletCorvette_byALEX_ServerMod in ChevroletCorvette_byALEX_ServerMod\
  Assets_Shemagh in WindstrideClothing\models\shemagh\
  Munghardshardigg in MunghardsItems\hardigg\
  Munghardslennonglasses in MunghardsItems\lennon_glasses\
  ZIL130_REFILL_data in ZIL130_byALEX_data\refill\
  DayZExpansion_Sounds_Ground_Vehicle_CivilianSedan in DayZExpansion\Sounds\Vehicles\Ground\CivilianSedan\
  Kar98 in Sniper\kar98\
  DayZExpansion_P2PMarket_GUI in DayZExpansion\P2PMarket\GUI\
  DayZExpansion_LanguageCore_Weapons in DayZExpansion\languagecore\Weapons\
  DayZExpansion_Quests_Objects_Boards in DayZExpansion\Quests\Dta\Objects\Board\
  UAZ469_offroad in mod_tuning\uaz469_offroad\, DZ_Data in DZ\data\
  DZ_Weapons_Firearms_M16A2 in DZ\weapons\firearms\m16a2\
  SCOUT in mod_tuning\scout\, AKS74U in MachineGuns\aks74u\, Glock42 in Guns\glock42\
  DayZExpansion_Quests_Scripts in DayZExpansion\Quests\Scripts\
  Marlin in Sniper\marlin\
  Medium_Sleeves_Shirt in WindstrideClothing\models\medium_sleeves_shirt\
  GAZ66_BORT in mod_tuning\gaz66_bort\
  BuilderItems_Walls in DayZExpansion\Objects\Structures\BuilderItems\DZ\walls\
  BuilderItems_Rail in DayZExpansion\Objects\Structures\BuilderItems\DZ\rail\
  DayZExpansion_Sounds_Church in DayZExpansion\Sounds\Church\
  DayZExpansion_Vehicles_Scripts in DayZExpansion\Vehicles\Scripts\
  Citroen2CV_byALEX in Citroen2CV_byALEX\
  Survivalists_Weapons_JMC_Rifles_ttsok94 in Survivalists_Weapons_JMC\rifles\ttsok94\
  DZ_Sounds_Environment in DZ\sounds\environment\
  DZ_Pistols_pb6p9 in DZ\weapons\pistols\pb6p9\
  ZIL130_REPAIR_data in ZIL130_byALEX_data\repair\, BarrettM82 in Sniper\barrettm82\
  HK47 in Guns\hk47\
  DayZExpansion_Crossbow in DayZExpansion\Objects\Weapons\Firearms\Archery\Crossbow\
  Munghardspilotjacket in MunghardsItems\pilotjacket\
  BuilderItems_Wrecks in DayZExpansion\Objects\Structures\BuilderItems\DZ\wrecks\
  DayZExpansion_PlayerList_Scripts in DayZExpansion\PlayerList\Scripts\
  DayZExpansion_Sounds_Vehicles_Air_Merlin in DayZExpansion\Sounds\Vehicles\Air\Merlin\
  MP153 in Shotguns\mp153\
  DayZExpansion_SpawnSelection_Scripts in DayZExpansion\SpawnSelection\Scripts\
  GAZ_69_byALEX_data in GAZ_69_byALEX_data\, A2_Props_CH47 in ArmA2_Props\ch47\
  JMC_Smokey in smk\, DZ_Sounds_Bliss in DZ\sounds_bliss\
  DZ_Pistols_p1 in DZ\weapons\pistols\p1\, Mossberg500 in Shotguns\mossberg500\
  CS_Military_Fence in Military\fence\, Scarf in WindstrideClothing\models\scarf\
  CannabisPlus_GhostIcons in CannabisPlusGUI\
  Munghardsdiana_m27 in MunghardsItems\diana_m27\
  AK47Spider in MachineGuns\ak47spider\attachment\
  DayZExpansion_LanguageCore_Core in DayZExpansion\languagecore\Core\
  Bullpup in MachineGuns\bullpup\
  Survivalists_Weapons_JMC_Melee_Blade in Survivalists_Weapons_JMC\melee\blade\
  Survivalists_Weapons_JMC_Pistols_ttp38 in Survivalists_Weapons_JMC\pistols\ttp38\
  SUV_rust in mod_tuning\suv_rust\
  DayZExpansion_LanguageCore_PlayerList in DayZExpansion\languagecore\PlayerList\
  GAZ66_KUNG in mod_tuning\gaz66_kung\
  BerettaSamuraiEdge in Guns\berettasamuraiedge\
  DayZExpansion_Garage_Objects in DayZExpansion\Garage\Objects\
  Armsan in Shotguns\armsan\
  Survivalists_Weapons_JMC_Rifles_ESPAR47 in Survivalists_Weapons_JMC\rifles\espar47\
  DZ_Weapons_Melee_Blade in DZ\weapons\melee\blade\
  DayZExpansion_Objects_BaseBuilding_Flags in DayZExpansion\Objects\Basebuilding\Flags\
  Munghardsstrawhat in MunghardsItems\strawhat\
  Typhoon_byALEX_data in Typhoon_byALEX_data\, URAL_4320 in URAL_4320_byALEX\bort\
  CannabisPlus_Joint in CannabisPlus\joints\
  DayZExpansion_Quests_Particles in DayZExpansion\Quests\Particles\
  MunghardsCigar in MunghardsItems\cigar\
  DayZExpansion_Missions_Scripts in DayZExpansion\Missions\Scripts\
  Chevrolet_Camaro in mod_tuning\chevrolet_camaro\
  DayZExpansion_Vehicles_Ground_Sedan_02 in DayZExpansion\Vehicles\Ground\Sedan_02\
  GlockConversionKit in Guns\glockconversionkit\
  DF_Scripts in DabsFramework\Scripts\, DZ_Data_Bliss in DZ\data_bliss\
  DZ_Weapons_Firearms_Trumpet in DZ\weapons\firearms\trumpet\
  BuilderItems_Industrial in DayZExpansion\Objects\Structures\BuilderItems\DZ\industrial\
  STG44 in MachineGuns\stg44\, FNFNC in MachineGuns\fnfnc\
  YAR_87 in mod_tuning\yar_87\, JM_CF_Defines in JM\CF\Defines\
  Survivalists_Weapons_JMC_Rifles_aek in Survivalists_Weapons_JMC\rifles\aek\
  DZ_Plants_Bliss in DZ\plants_bliss\, Buggy_byALEX_data in Buggy_byALEX_data\
  ToyotaHilux_byALEX_data in ToyotaHilux_byALEX_data\
  DayZExpansion_Quests_Preload in 0_DayZExpansion_Quests_Preload\
  Defender_Vest in WindstrideClothing\models\defender_vest\
  SK8_Sneakers in WindstrideClothing\models\sk8_sneakers\
  SVDDragunov in Sniper\svddragunov\, HoneyBadger in MachineGuns\honeybadger\
  CarUpdate in InventoryInCar\, Munghardsdutchoven in MunghardsItems\dutchoven\
  DayZExpansion_ModStorage_Scripts in DayZExpansion\ModStorage\Scripts\
  MK14 in MachineGuns\mk14\, DZ_Weapons_Ammunition in DZ\weapons\ammunition\
  AMDSpaceship in MachineGuns\amdspaceship\
  DayZExpansion_Core_Objects_Bases in DayZExpansion\Core\Objects\Bases\
  Nissan_warrior_byALEX in Nissan_warrior_byALEX\
  Munghardshardigg2 in MunghardsItems\hardigg2\
  ChevroletCorvette in mod_tuning\chevroletcorvette\
  AZLK_byALEX_data in AZLK_byALEX_data\
  DayZExpansion_SpawnSelection_Preload in 0_DayZExpansion_SpawnSelection_Preload\
  CS_Military_Wall in Military\wall\
  DZ_Worlds_Enoch_Navmesh in DZ\worlds\enoch\navmesh\
  DZ_Pistols_mkii in DZ\weapons\pistols\mkii\
  Nissan_warrior in mod_tuning\nissan_warrior\, M24GreenTan2 in Sniper\m24greentan2\
  DayZExpansion_KillFeed_Preload in 0_DayZExpansion_Killfeed_Preload\
  DayZExpansion_Worlds_IntroScenes in DayZExpansion\Worlds\IntroScenes\
  Light in Guns\light\, RAPTOR in mod_tuning\raptor\, TK_Misc in TK\misc\
  DZ_Characters_Masks in DZ\characters\masks\
  DZ_Weapons_Firearms_SKS in DZ\weapons\firearms\sks\
  GAZ66bort in GAZ66_byALEX\bort\
  DayZExpansion_Core_Scripts in DayZExpansion\Core\Scripts\
  DayZExpansion_Vehicles_Ground_UAZ in DayZExpansion\Vehicles\Ground\UAZ\
  SKS in Sniper\sks\, M110 in Sniper\m110\, Fennek_byALEX_data in Fennek_byALEX_data\
  PAZ_BANDIT in mod_tuning\paz_bandit\
  Munghardsclawhammer in MunghardsItems\clawhammer\
  Canvas_Backpack in WindstrideClothing\models\canvas_backpack\
  Suppressor in MachineGuns\suppressor\, FR_F2 in Sniper\fr-f2\
  HK416 in MachineGuns\hk416\
  BuilderItems_Bliss_Rail in DayZExpansion\Objects\Structures\BuilderItems\Bliss\rail\
  ModularVestSystem_Yellow in 42MAMVSGear\yellow_camo_bunker\
  Camper_byALEX_data in Camper_byALEX_data\
  BuilderItems_Bliss_Walls in DayZExpansion\Objects\Structures\BuilderItems\Bliss\walls\
  DayZExpansion_Skins in DayZExpansion\Skins\Weapons\
  ServerConfig_GS in ServerConfig_GS\
  FamasSpecialOps in MachineGuns\famasspecialops\
  DayZExpansion_Missions_Preload in 0_DayZExpansion_Missions_Preload\
  HK417 in MachineGuns\hk417\, MK18 in MachineGuns\mk18\
  Galife_Pants in WindstrideClothing\models\galife_pants\
  DayZExpansion_Vehicles_Water_Boat_Utility in DayZExpansion\Vehicles\Water\Utility\
  jmc_skeletons in deerisle\objects\Skeleton\
  Survivalists_Weapons_JMC_Proxy in Survivalists_Weapons_JMC\proxy\
  DZ_Animals_capreolus_capreolus_fem in DZ\animals\capreolus_capreolus_fem\
  DZ_Spawn_Proxies in DZ\data\proxies\
  DZ_Pistols_Glock in DZ\weapons\pistols\glock\
  DZ_Weapons_Shotguns_MP133 in DZ\weapons\shotguns\mp133\
  DayZExpansion_Vehicles_Water_Boat_Zodiac in DayZExpansion\Vehicles\Water\Zodiac\
  CP_Composter in CannabisPlus\compost\
  DayZExpansion_M79 in DayZExpansion\Objects\Weapons\Firearms\M79\
  TWP_HKCarabine in MachineGuns\hkcarabine\, StaminaSettings in StaminaSettings\
  ToyotaHilux_byALEX in ToyotaHilux_byALEX\
  JM_COT_Objects_Debug in JM\COT\Objects\Debug\
  DeerIsle_Subway in deerisle\objects\jmc_di_objects\subway\
  DeerIsle_Sewer in deerisle\objects\jmc_di_objects\sewer\
  DeerIsle_Plants in deerisle\objects\jmc_di_objects\plants\
  STAG_Beret in STAG_Industries\data\beret\
  STAG_Industries_Pack in STAG_Industries\
  Survivalists_Weapons_JMC_Rifles_ttgarand in Survivalists_Weapons_JMC\rifles\ttgarand\
  TK_HouseA in TK\buildings\housea\, kids in kids\, UAZ469_byALEX in UAZ469_byALEX\
  Munghardsbikervest in MunghardsItems\bikervest\
  VAZ_2108_byALEX_data in VAZ_2108_byALEX_data\
  EGER_byALEX_data in EGER_byALEX_data\
  DayZExpansion_ModStorage_Preload in 0_DayZExpansion_ModStorage_Preload\
  DayZExpansion_Objects_BaseBuilding_Vanilla_Tents in DayZExpansion\Objects\Basebuilding\Vanilla\Tents\
  AreaTriggerEvents in JMC_AreaTriggerEvents\, jmc_lab in deerisle\objects\lab\
  Survivalists_Weapons_JMC_Rifles_Ferguson in Survivalists_Weapons_JMC\rifles\ferguson\
  DZ_Weapons_Firearms_PP19 in DZ\weapons\firearms\pp19\
  DZ_Weapons_Firearms_IZH18 in DZ\weapons\firearms\izh18\
  BerettaPx4 in Guns\berettapx4\
  DayZExpansion_Hardline_Objects_Gear in DayZExpansion\Hardline\Objects\Gear\
  SV98NovaPriam in Sniper\sv98novapriam\
  DayZExpansion_BaseBuilding_Objects_Explosives in DayZExpansion\BaseBuilding\Objects\Explosives\
  MunghardsCigarette in MunghardsItems\cigarette\
  CalifasNomad in MachineGuns\califasnomad\, CZScorpion in MachineGuns\czskorpion\
  R700 in Sniper\r700\
  Survivalists_Weapons_JMC_Crafting in Survivalists_Weapons_JMC\crafting\
  Survivalists_Weapons_JMC_Shotguns_ttitacha in Survivalists_Weapons_JMC\shotguns\ttitacha\
  Survivalists_Weapons_JMC_Rifles_ttrpd in Survivalists_Weapons_JMC\rifles\ttrpd\
  TK_HouseC in TK\buildings\housec\, TK_Cables in TK\buildings\misc\misc_cables\
  EGER_byALEX_ServerMod in EGER_byALEX_ServerMod\
  DZ_Weapons_Archery in DZ\weapons\archery\
  Munghardsgewehr43 in MunghardsItems\gewehr43\, G36c in MachineGuns\g36c\
  DeerIsle_Signs in deerisle\objects\jmc_di_objects\signs\
  DayZExpansion_Vehicles_Ground_oldbike in DayZExpansion\Vehicles\Ground\OldBike\
  MSBSGrotC in MachineGuns\msbsgrotc\
  DayZExpansion_Core_Preload in 0_DayZExpansion_Core_Preload\
  HAMMER_byALEX in HAMMER_byALEX\, Kraz_Fiona_byALEX in Kraz_Fiona_byALEX\
  CP_Seeds in CannabisPlus\seeds\
  Survivalists_Weapons_JMC_Rifles_ttbar in Survivalists_Weapons_JMC\rifles\ttbar\
  TK_Garbage in TK\buildings\misc\misc_garbage\
  DZ_Animals_bos_taurus_fem in DZ\animals\bos_taurus_fem\
  DZ_Weapons_Firearms_SSG82 in DZ\weapons\firearms\ssg82\
  SCOUT_byALEX in SCOUT_byALEX\, DayZExpansion_Particles in DayZExpansion\Particles\
  BuilderItems_Plants in DayZExpansion\Objects\Structures\BuilderItems\DZ\plants\
  AMD in MachineGuns\amd\, DeerIsle_Aeggs in deerisle\objects\jmc_di_objects\aeggs\
  Survivalists_Weapons_JMC_Pistols_tt57 in Survivalists_Weapons_JMC\pistols\tt57\
  Survivalists_Weapons_JMC_Attachments in Survivalists_Weapons_JMC\attachments\
  DZ_Structures_Bliss_Roads in DZ\structures_bliss\roads\
  DZ_Pistols_pmm in DZ\weapons\pistols\pmm\
  Vanilla_Welliton_Retexture in VANILLA_Retexture_Bunker\green_camo_bunker\
  BerettaDoubleEdge in Guns\berettadoubleedge\
  DayZExpansion_Garage_Scripts in DayZExpansion\Garage\Scripts\
  Kraz_Fiona in mod_tuning\kraz_fiona\, SPAS in Shotguns\spas\
  AK47Tactical in MachineGuns\ak47tactical\
  DayZExpansion_PersonalStorageNew_Objects in DayZExpansion\PersonalStorageNew\Objects\
  DZ_Structures_Bliss_Ruins in DZ\structures_bliss\ruins\
  Velociraptor6x6 in mod_tuning\velociraptor6x6\
  DayZExpansion_Objects_BaseBuilding_Ramps in DayZExpansion\Objects\Basebuilding\Ramps\
  DayZExpansion_Objects_Explosives_Licensed in DayZExpansion\Objects\Weapons\Explosives\
  Audi_RS6_byALEX_data in Audi_RS6_byALEX_data\
  DayZExpansion_LanguageCore_BaseBuilding in DayZExpansion\languagecore\BaseBuilding\
  Tac21 in Sniper\tac21\, jmc_snow_vegetation in deerisle\objects\SnowVegetation\
  TK_Misc_Mil in TK\buildings\mil\
  DZ_Animals_sus_domesticus in DZ\animals\sus_domesticus\
  DZ_Gear_Crafting in DZ\gear\crafting\
  DZ_Structures_Residential in DZ\structures\residential\
  BuilderItems_Bliss_Residential in DayZExpansion\Objects\Structures\BuilderItems\Bliss\residential\
  Mac10 in Guns\mac10\, Kart in mod_tuning\kart\
  DesertEagleSky in Guns\deserteagle\deserteaglesky\
  DayZExpansion_Objects_Structures_Wreck in DayZExpansion\Objects\Structures\Wreck\
  DayZExpansion_Objects_Airdrop in DayZExpansion\Objects\Airdrop\
  DayZExpansion_Navigation_Worlds_ChernarusPlus in DayZExpansion\Navigation\Worlds\chernarusplus\
  Munghardsshroud in MunghardsItems\shroud\, Fennek in mod_tuning\fennek\
  DayZExpansion_Weapons_SMG_MP5 in DayZExpansion\Objects\Weapons\Firearms\SMG\MP5\
  UAZ_3909_byALEX in UAZ_3909_byALEX\
  DayZExpansion_Vehicles_Air_Uh1h in DayZExpansion\Vehicles\Air\Uh1h\
  jmc_dungeon in deerisle\objects\dungeon\
  DeerIsle_Ruinwalls in deerisle\objects\jmc_di_objects\ruinedwalls\
  Survivalists_Weapons_JMC_Rifles_avs36 in Survivalists_Weapons_JMC\rifles\avs36\
  NivaPickup_byALEX_ServerMod in NivaPickup_byALEX_ServerMod\
  DZ_Weapons_Firearms_SaigaK in DZ\weapons\shotguns\saiga\
  MUSTANG_byALEX in MUSTANG_byALEX\, GAZ66_byALEX in GAZ66_byALEX\
  Airbow in Sniper\airbow\
  DayZExpansion_Sounds_PropaneTorch in DayZExpansion\Sounds\Items\PropaneTorch\
  DayZExpansion_Sounds_Vehicles_Air_Mh6 in DayZExpansion\Sounds\Vehicles\Air\Mh6\
  DayZExpansion_AI_Animations in DayZExpansion\AI\Animations\
  DayZExpansion_Objects_Structures_IvyAutumn in DayZExpansion\Objects\Structures\IvyAutumn\
  MunghardsShelter in MunghardsItems\makeshifttent\
  BuilderItems_Military_Misc in DayZExpansion\Objects\Structures\BuilderItems\DZ\military\misc\
  Winchester1873 in Sniper\winchester1873\
  DayZExpansion_PMII25Optic in DayZExpansion\Objects\Weapons\Attachments\Optics\PMII25x\
  URAL_4320_Kung in URAL_4320_byALEX\kung\
  DayZExpansion_Vehicles_Ground_250N in DayZExpansion\Vehicles\Ground\250N\
  Animal_JMC_PolarBear in deerisle\animals\polarbear\
  Cougar_byALEX_ServerMod in Cougar_byALEX_ServerMod\
  ModularVestSystem_Forest in 42MAMVSGear\forest_bunker\
  FNF2000 in MachineGuns\fnf2000\, DayZExpansion_Book_GUI in DayZExpansion\Book\GUI\
  DayZExpansion_Weapons_SMG_MP7 in DayZExpansion\Objects\Weapons\Firearms\SMG\mp7\
  DayZExpansion_Quests_GUI in DayZExpansion\Quests\GUI\
  HEMTT_byALEX_data in HEMTT_byALEX_data\
  DayZExpansion_Vehicles_Air_Mh6 in DayZExpansion\Vehicles\Air\Mh6\
  Survivalists_Weapons_JMC_Pistols_Derringer in Survivalists_Weapons_JMC\pistols\derringer\
  TK_HouseK in TK\buildings\housek\, DZ_Characters in DZ\characters\data\
  DZ_Gear_Traps in DZ\gear\traps\
  DZ_Weapons_Supports in DZ\weapons\attachments\support\
  Munghardstacticalvest in MunghardsItems\tacticalvest\
  Munghardsshovel in MunghardsItems\shovel\, FMG9 in Guns\fmg9\
  Camper_byALEX in Camper_byALEX\, Gaz71 in mod_tuning\gaz71\
  Munghardsstalkerpants in MunghardsItems\stalkerpants\, Spas15 in Shotguns\spas15\
  MunghardsZippo in MunghardsItems\zippo\, Famas in MachineGuns\famas\
  ZenCatchRain in ZenCatchRain\, RK62 in MachineGuns\rk62\
  Survivalists_Weapons_JMC_Shotguns_tt870 in Survivalists_Weapons_JMC\shotguns\tt870\
  Survivalists_Weapons_JMC_Rifles_ttr700 in Survivalists_Weapons_JMC\rifles\ttr700\
  TK_HouseL in TK\buildings\housel\, DZ_Structures_Rail in DZ\structures\rail\
  Munghardsgunwall in MunghardsItems\gunwall\
  DayZExpansion_Garage_Preload in 0_DayZExpansion_Garage_Preload\
  Glock18Weasel in Guns\glock18weasel\, Cougar_byALEX_data in Cougar_byALEX_data\
  A2_Props_MV22 in ArmA2_Props\mv22\, JMC_DeerIsle_Scripts in deerisle\scripts\
  DZ_Structures_Wrecks in DZ\structures\wrecks\
  DZ_Weapons_Firearms_aug in DZ\weapons\firearms\aug\
  BuilderItems_Items in DayZExpansion\Objects\Structures\BuilderItems\DZ\statics\vanillaitems\
  DayZExpansion_BaseBuilding_Electricity in DayZExpansion\Objects\Basebuilding\Electricity\
  AA12Black in Shotguns\aa12black\, Ruger556 in MachineGuns\ruger556\
  Kamaz_4350_Kung in Kamaz_4350_byALEX\kung\
  Munghardsdollmask in MunghardsItems\dollmask\
  DayZExpansion_Objects_Gear_Box in DayZExpansion\Objects\Gear\Box\
  Colt1911Gold in Guns\colt1911gold\
  DayZExpansion_AI_Gear in DayZExpansion\AI\Gear\
  DayZExpansion_Sounds_Weapons_RPG7 in DayZExpansion\Sounds\Weapons\RPG7\
  P90Arctic in Guns\p90arctic\, DZ_Characters_Glasses in DZ\characters\glasses\
  DZ_data_aiconfigs in DZ\data\aiconfigs\
  DZ_Weapons_Firearms_Famas in DZ\weapons\firearms\famas\
  Dragunov in Sniper\dragunov\, MagnumCompetitor in Guns\magnumcompetitor\
  HAMMER_H1 in mod_tuning\hammer_h1\, MunghardsScythe in MunghardsItems\scythe\
  G65_byALEX_data in G65_byALEX_data\, Toz34 in Shotguns\toz34\, Grid_Mod in Grid_Mod\
  STAG_DryBag in STAG_Industries\data\drybag\
  TK_Misc_Well in TK\buildings\misc\misc_well\, DZ_Gear_Medical in DZ\gear\medical\
  DZ_Pistols_CZ75 in DZ\weapons\pistols\cz75\
  DZ_Pistols_FNX45 in DZ\weapons\pistols\fnx45\
  GAZ66_data in GAZ66_byALEX_data\kung\
  Munghardsmeleesling in MunghardsItems\meleesling\, L85A2 in MachineGuns\l85a2\
  DeerIsle_FinderOuter in deerisle\DeerIsle_FinderOuter\
  Survivalists_Weapons_JMC_Rifles_ttak458 in Survivalists_Weapons_JMC\rifles\ttak458\
  DZ_Weapons_Firearms_AK74 in DZ\weapons\firearms\ak74\
  DZ_Pistols_1911 in DZ\weapons\pistols\1911\
Mods: @WindstridesClothingPack
Version 1.23.157045
Fault address:  DBB09914 00:DBB09914 Unknown module
file:     intro
world:    deerisle
Prev. code bytes: 20 5F C3 CC CC CC CC CC CC CC CC CC 48 8B 41 08
Fault code bytes: 8B 48 50 B8 01 00 00 00 C1 E9 0C F6 C1 01 B9 06
=======================================================
note: Minidump has been generated into the file profiles\DayZServer_x64_2024-01-06_16-36-02_2024-01-06_16-36-38.mdmp
