=====================================================================
== C:\Users\rylic\OneDrive\Desktop\Expansion-Dev-Server-Deer-Isle\DayZServer_x64.exe
== DayZServer_x64.exe -cpuCount=4 -mod=@DeerIsle;@CF;@CommunityOnlineTools;@DabsFramework;@DayZExpansionLicensed;@DayZExpansionBundle;@42MonthsAfterPvPDevelopment;@gebsfish;@GarbageSearch;@CollectableItems;@CannabisPlus;@TeddysWeaponPack;@MunghardsItempack;@DayZEditorLoader;@WindstridesClothingPack; -config=serverDZ.cfg -port=2302 -noFilePatching -profiles=profiles -scrAllowFileWrite -adminlog
=====================================================================
Exe timestamp: 2024/01/01 17:40:38
Current time:  2024/01/06 14:53:49
Version 1.23.157045
=====================================================================

14:53:49.910 [Inputs] Loading inputs default "bin/constants.xml"
14:53:49.913 [Inputs] Loading inputs default "bin/specific.xml"
14:53:49.914 !!! [Inputs] Cannot load inputs default "", file does not exist
14:53:49.914 !!! [Inputs] Failed to load MODDED inputs - file name/ path invalid?
14:53:49.914 [Inputs] Loading inputs default "JM/COT/Scripts/Data/Inputs.xml"
14:53:49.915 [Inputs] Loading inputs default "LIVEN/PvZmoD_CustomisableZombies/inputs.xml"
14:53:49.915 [Inputs] Loading inputs default "PVEZ/data/inputs.xml"
14:53:49.915 [Inputs] Loading inputs default "WindstrideClothing/Inputs.xml"
14:53:49.916 [Inputs] Loading inputs default "deerisle/scripts/Inputs.xml"
14:53:49.916 [Inputs] Loading inputs default "DayZExpansion/Groups/Scripts/Data/Inputs.xml"
14:53:49.917 [Inputs] Loading inputs default "DayZExpansion/Navigation/Scripts/Data/Inputs.xml"
14:53:49.917 !!! [Inputs] Attempt to register duplicate exclusion group "chatexpansion"
14:53:49.917 [Inputs] Loading inputs default "DayZExpansion/PlayerList/Scripts/Data/Inputs.xml"
14:53:49.917 !!! [Inputs] Attempt to register duplicate exclusion group "chatexpansion"
14:53:49.917 [Inputs] Loading inputs default "DayZExpansion/Scripts/Data/Inputs.xml"
14:53:49.917 !!! [Inputs] Attempt to register duplicate exclusion group "chatexpansion"
14:53:49.917 [Inputs] Loading inputs default "DayZExpansion/Vehicles/Scripts/Data/Inputs.xml"
14:53:49.918 [Inputs] Loading inputs default "AdmiralsDivingMod/Scripts/Data/modded_Inputs.xml"
14:53:49.918 [Inputs] Loading inputs default "DayZExpansion/AI/Scripts/inputs.xml"
14:53:49.918 [Inputs] Loading inputs default "DayZExpansion/BaseBuilding/Scripts/Data/Inputs.xml"
14:53:49.919 !!! [Inputs] Attempt to register duplicate exclusion group "chatexpansion"
14:53:49.919 [Inputs] Loading inputs default "DayZExpansion/Book/Scripts/Data/Inputs.xml"
14:53:49.919 !!! [Inputs] Attempt to register duplicate exclusion group "chatexpansion"
14:53:49.919 [Inputs] Loading inputs default "DayZExpansion/Chat/Scripts/Data/Inputs.xml"
14:53:49.919 !!! [Inputs] Attempt to register duplicate exclusion group "chatexpansion"
14:53:49.919 [Inputs] Loading inputs default "DayZExpansion/Quests/Scripts/Data/Inputs.xml"
14:53:49.919 [Inputs] Loading inputs cfg "profiles\Users\Survivor\Server.core.xml"
14:53:49.919 !!! [Inputs] Cannot read inputs cfg "profiles\Users\Survivor\Server.core.xml", parser error
14:53:49.919 [Inputs] Loading inputs cfg "bin/core.xml"
14:53:49.920 !!! [Inputs] Cannot load input preset "#STR_USER", file does not exist
14:53:49.921 [Inputs] Exporting inputs cfg "profiles\Users\Survivor\Server.core.xml"
14:54:20.776 [CE][Hive] :: Initializing OFFLINE
14:54:20.776 [StorageDirs] :: Selected storage directory: C:\Users\rylic\OneDrive\Desktop\Expansion-Dev-Server-Deer-Isle\mpmissions\empty.deerisle\storage_1\
14:54:20.776 [CE][Hive] :: Loading core data ... 
14:54:20.776 [CE][CoreData] :: 7 root classes, 19 defaults, 0 updaters...
14:54:26.505 [CE] :: WARNING :: Preset map "optics" is EMPTY.
14:54:26.506 [CE][TypeSetup] :: 472 classes setuped...
14:54:26.509 [CE] :: WARNING :: Preset map "optics" is EMPTY.
14:54:26.510 [CE][TypeSetup] :: 97 classes setuped...
14:54:28.222 [CE][RegisterBind] :: 0 classes binded...
14:54:28.222 [CE][RegisterConfig] :: 16043 config classes registered, 0 sub-counters...
14:54:28.222 [CE][Hive] :: Loading map data ... 
14:54:28.223 [CE][IgnoreList] "cfgignorelist.xml" :: loaded 19 types
14:54:28.256 !!! [CE] :: Unknown category: 'vehicleparts'.
14:54:28.256 !!! [CE] :: Unknown category: 'vehicleparts'.
14:54:28.256 !!! [CE] :: Unknown category: 'vehicleparts'.
14:54:28.256 !!! [CE] :: Unknown category: 'vehicleparts'.
14:54:28.256 !!! [CE] :: Unknown category: 'vehicleparts'.
14:54:28.256 !!! [CE] :: Unknown category: 'vehicleparts'.
14:54:28.256 !!! [CE] :: Unknown category: 'vehicleparts'.
14:54:28.256 !!! [CE] :: Unknown category: 'vehicleparts'.
14:54:28.257 !!! [CE] :: Unknown category: 'vehicleparts'.
14:54:28.257 !!! [CE] :: Unknown category: 'vehicleparts'.
14:54:28.257 !!! [CE] :: Unknown category: 'vehicleparts'.
14:54:28.257 !!! [CE] :: Unknown category: 'vehicleparts'.
14:54:28.257 !!! [CE] :: Unknown category: 'vehicleparts'.
14:54:28.257 !!! [CE] :: Unknown category: 'vehicleparts'.
14:54:28.257 !!! [CE] :: Unknown category: 'vehicleparts'.
14:54:28.257 !!! [CE] :: Unknown category: 'vehicleparts'.
14:54:28.257 !!! [CE] :: Unknown category: 'vehicleparts'.
14:54:28.257 !!! [CE] :: Unknown category: 'vehicleparts'.
14:54:28.257 !!! [CE] :: Unknown category: 'vehicleparts'.
14:54:28.257 !!! [CE] :: Unknown category: 'vehicleparts'.
14:54:28.257 !!! [CE] :: Unknown category: 'vehicleparts'.
14:54:28.257 !!! [CE] :: Unknown category: 'vehicleparts'.
14:54:28.257 !!! [CE] :: Unknown category: 'vehicleparts'.
14:54:28.257 !!! [CE] :: Unknown category: 'vehicleparts'.
14:54:28.257 !!! [CE] :: Unknown category: 'vehicleparts'.
14:54:28.257 !!! [CE] :: Unknown category: 'vehicleparts'.
14:54:28.257 !!! [CE] :: Unknown category: 'vehicleparts'.
14:54:28.257 !!! [CE] :: Unknown category: 'vehicleparts'.
14:54:28.257 !!! [CE] :: Unknown usage: 'Fortknox'.
14:54:28.257 !!! [CE] :: Unknown usage: 'Mine'.
14:54:28.257 !!! [CE] :: Unknown usage: 'Mine'.
14:54:28.257 !!! [CE] :: Unknown usage: 'Temple'.
14:54:28.258 [CE][LoadPrototype] :: loaded 550 prototypes
14:54:28.258   989 containers, 11581 points
14:54:28.258   79 dispatches, 316 proxies
14:54:28.258 !!! [CE][LoadPrototype] 4 groups have no points...
14:54:28.258 !!! [CE][LoadPrototype] 2 groups have wrong points...
14:54:28.258 !!! [CE][LoadPrototype] 2 groups were defined more than once and skipped...
14:54:28.258 [CE][LoadPrototype] :: last group name: Land_Underground_Storage_Workshop...
14:54:28.261 [CE][LoadPrototype] :: loaded 0 prototypes
14:54:28.262   55 containers, 232 points
14:54:28.262   0 dispatches, 0 proxies
14:54:28.262 [CE][LoadPrototype] :: last group name: Rail9...
14:54:29.228 [CE][LoadMap] "Group" :: loaded 10479 groups, groups failed: 0, largest group range: 34.1
14:54:29.230 [CE][LoadMap] "Dirt" :: loaded 0 groups, groups failed: 0, largest group range: 34.1
14:54:29.419 [CE][Links] found 2684 total links between groups, of 10479
14:54:29.419 [CE][LoadClusters] "Cluster" :: Loading files...
14:54:29.543 [CE][LoadClusters] :: file: "mapgroupcluster.xml", 9 types, 50000 instances
14:54:29.670 [CE][LoadClusters] :: file: "mapgroupcluster01", 9 types, 50000 instances
14:54:29.797 [CE][LoadClusters] :: file: "mapgroupcluster02", 9 types, 50000 instances
14:54:29.797   9790 failed - check prototype defaults 'clusterMatrix' setups !!!
14:54:29.928 [CE][LoadClusters] :: file: "mapgroupcluster03", 9 types, 50000 instances
14:54:29.928   6758 failed - check prototype defaults 'clusterMatrix' setups !!!
14:54:29.994 [CE][LoadClusters] :: file: "mapgroupcluster04", 9 types, 24035 instances
14:54:29.994   2081 failed - check prototype defaults 'clusterMatrix' setups !!!
14:54:29.997 [CE][Storage] ver:21 stamp:601, valid:yes, name:"C:\Users\rylic\OneDrive\Desktop\Expansion-Dev-Server-Deer-Isle\mpmissions\empty.deerisle\storage_1\data\types.bin"
14:54:29.997 [CE][Storage] ver:21 stamp:479, valid:yes, name:"C:\Users\rylic\OneDrive\Desktop\Expansion-Dev-Server-Deer-Isle\mpmissions\empty.deerisle\storage_1\data\types.001"
14:54:29.997 [CE][Storage] ver:21 stamp:480, valid:yes, name:"C:\Users\rylic\OneDrive\Desktop\Expansion-Dev-Server-Deer-Isle\mpmissions\empty.deerisle\storage_1\data\types.002"
14:54:29.997 [CE][Storage] Restoring file "C:\Users\rylic\OneDrive\Desktop\Expansion-Dev-Server-Deer-Isle\mpmissions\empty.deerisle\storage_1\data\types.bin".
14:54:30.217 !!! [CE][offlineDB] :: No Shutdown message present.
14:54:30.218 [CE][offlineDB] :: Loaded 52 dynamic events 261 total types.
14:54:30.219 !!! [CE][DE] (VehicleTruck01) :: Unable to create child (Truck_01_Covered_Grey) as the type does not exist.
14:54:30.219 [CE][offlineDB] :: Loaded 62 dynamic events 318 total types.
14:54:30.235 !!! [CE][offlineDB] :: Type 'Bandage' will be ignored. (Type does not exist. (Typo?))
14:54:30.235 !!! [CE][offlineDB] :: Type 'BandanaMask_BlackPattern' will be ignored. (Type does not exist. (Typo?))
14:54:30.235 !!! [CE][offlineDB] :: Type 'BandanaMask_CamoPattern' will be ignored. (Type does not exist. (Typo?))
14:54:30.235 !!! [CE][offlineDB] :: Type 'BandanaMask_GreenPattern' will be ignored. (Type does not exist. (Typo?))
14:54:30.235 !!! [CE][offlineDB] :: Type 'BandanaMask_PolkaPattern' will be ignored. (Type does not exist. (Typo?))
14:54:30.235 !!! [CE][offlineDB] :: Type 'BandanaMask_RedPattern' will be ignored. (Type does not exist. (Typo?))
14:54:30.235 !!! [CE][offlineDB] :: Type 'BomberJacket_Black' will be ignored. (Type does not exist. (Typo?))
14:54:30.235 !!! [CE][offlineDB] :: Type 'BomberJacket_Blue' will be ignored. (Type does not exist. (Typo?))
14:54:30.235 !!! [CE][offlineDB] :: Type 'BomberJacket_Brown' will be ignored. (Type does not exist. (Typo?))
14:54:30.235 !!! [CE][offlineDB] :: Type 'BomberJacket_Grey' will be ignored. (Type does not exist. (Typo?))
14:54:30.235 !!! [CE][offlineDB] :: Type 'BomberJacket_Maroon' will be ignored. (Type does not exist. (Typo?))
14:54:30.235 !!! [CE][offlineDB] :: Type 'BomberJacket_Olive' will be ignored. (Type does not exist. (Typo?))
14:54:30.235 !!! [CE][offlineDB] :: Type 'BomberJacket_SkyBlue' will be ignored. (Type does not exist. (Typo?))
14:54:30.236 !!! [CE][offlineDB] :: Type 'ChristmasTree_Green' will be ignored. (Not spawnable. (Scope is not public?))
14:54:30.236 !!! [CE][offlineDB] :: Type 'ChristmasTree' will be ignored. (Not spawnable. (Scope is not public?))
14:54:30.236 !!! [CE][offlineDB] :: Type 'DallasMask' will be ignored. (Type does not exist. (Typo?))
14:54:30.236 !!! [CE][offlineDB] :: Type 'GasMask' will be ignored. (Type does not exist. (Typo?))
14:54:30.237 !!! [CE][offlineDB] :: Type 'GorkaPants_Autumn' will be ignored. (Type does not exist. (Typo?))
14:54:30.237 !!! [CE][offlineDB] :: Type 'GorkaPants_Flat' will be ignored. (Type does not exist. (Typo?))
14:54:30.237 !!! [CE][offlineDB] :: Type 'GorkaPants_PautRev' will be ignored. (Type does not exist. (Typo?))
14:54:30.237 !!! [CE][offlineDB] :: Type 'GorkaPants_Summer' will be ignored. (Type does not exist. (Typo?))
14:54:30.237 !!! [CE][offlineDB] :: Type 'HoxtonMask' will be ignored. (Type does not exist. (Typo?))
14:54:30.237 !!! [CE][offlineDB] :: Type 'Jeans_Black' will be ignored. (Type does not exist. (Typo?))
14:54:30.237 !!! [CE][offlineDB] :: Type 'Jeans_Blue' will be ignored. (Type does not exist. (Typo?))
14:54:30.237 !!! [CE][offlineDB] :: Type 'Jeans_BlueDark' will be ignored. (Type does not exist. (Typo?))
14:54:30.237 !!! [CE][offlineDB] :: Type 'Jeans_Brown' will be ignored. (Type does not exist. (Typo?))
14:54:30.237 !!! [CE][offlineDB] :: Type 'Jeans_Green' will be ignored. (Type does not exist. (Typo?))
14:54:30.237 !!! [CE][offlineDB] :: Type 'Jeans_Grey' will be ignored. (Type does not exist. (Typo?))
14:54:30.237 !!! [CE][offlineDB] :: Type 'ManSuit_Beige' will be ignored. (Type does not exist. (Typo?))
14:54:30.237 !!! [CE][offlineDB] :: Type 'ManSuit_Black' will be ignored. (Type does not exist. (Typo?))
14:54:30.237 !!! [CE][offlineDB] :: Type 'ManSuit_Blue' will be ignored. (Type does not exist. (Typo?))
14:54:30.237 !!! [CE][offlineDB] :: Type 'ManSuit_Brown' will be ignored. (Type does not exist. (Typo?))
14:54:30.237 !!! [CE][offlineDB] :: Type 'ManSuit_DarkGrey' will be ignored. (Type does not exist. (Typo?))
14:54:30.238 !!! [CE][offlineDB] :: Type 'ManSuit_Khaki' will be ignored. (Type does not exist. (Typo?))
14:54:30.238 !!! [CE][offlineDB] :: Type 'ManSuit_LightGrey' will be ignored. (Type does not exist. (Typo?))
14:54:30.238 !!! [CE][offlineDB] :: Type 'ManSuit_White' will be ignored. (Type does not exist. (Typo?))
14:54:30.238 !!! [CE][offlineDB] :: Type 'MedicalScrubsPants_Blue' will be ignored. (Type does not exist. (Typo?))
14:54:30.238 !!! [CE][offlineDB] :: Type 'MedicalScrubsPants_Green' will be ignored. (Type does not exist. (Typo?))
14:54:30.238 !!! [CE][offlineDB] :: Type 'MedicalScrubsPants_White' will be ignored. (Type does not exist. (Typo?))
14:54:30.239 !!! [CE][offlineDB] :: Type 'MedicalScrubsShirt_Blue' will be ignored. (Type does not exist. (Typo?))
14:54:30.239 !!! [CE][offlineDB] :: Type 'MedicalScrubsShirt_Green' will be ignored. (Type does not exist. (Typo?))
14:54:30.239 !!! [CE][offlineDB] :: Type 'MedicalScrubsShirt_White' will be ignored. (Type does not exist. (Typo?))
14:54:30.239 !!! [CE][offlineDB] :: Type 'MountainBag_Red' will be ignored. (Type does not exist. (Typo?))
14:54:30.239 !!! [CE][offlineDB] :: Type 'Raincoat_Black' will be ignored. (Type does not exist. (Typo?))
14:54:30.239 !!! [CE][offlineDB] :: Type 'Raincoat_Blue' will be ignored. (Type does not exist. (Typo?))
14:54:30.239 !!! [CE][offlineDB] :: Type 'Raincoat_Green' will be ignored. (Type does not exist. (Typo?))
14:54:30.239 !!! [CE][offlineDB] :: Type 'Raincoat_Orange' will be ignored. (Type does not exist. (Typo?))
14:54:30.239 !!! [CE][offlineDB] :: Type 'Raincoat_Pink' will be ignored. (Type does not exist. (Typo?))
14:54:30.239 !!! [CE][offlineDB] :: Type 'Raincoat_Red' will be ignored. (Type does not exist. (Typo?))
14:54:30.239 !!! [CE][offlineDB] :: Type 'Raincoat_Yellow' will be ignored. (Type does not exist. (Typo?))
14:54:30.239 !!! [CE][offlineDB] :: Type 'SantasSleigh' will be ignored. (Type does not exist. (Typo?))
14:54:30.240 !!! [CE][offlineDB] :: Type 'SharpLongWoodenStick' will be ignored. (Type does not exist. (Typo?))
14:54:30.240 !!! [CE][offlineDB] :: Type 'Shirt_BlueCheck' will be ignored. (Type does not exist. (Typo?))
14:54:30.240 !!! [CE][offlineDB] :: Type 'Shirt_BlueCheckBright' will be ignored. (Type does not exist. (Typo?))
14:54:30.240 !!! [CE][offlineDB] :: Type 'Shirt_GreenCheck' will be ignored. (Type does not exist. (Typo?))
14:54:30.240 !!! [CE][offlineDB] :: Type 'Shirt_PlaneBlack' will be ignored. (Type does not exist. (Typo?))
14:54:30.240 !!! [CE][offlineDB] :: Type 'Shirt_RedCheck' will be ignored. (Type does not exist. (Typo?))
14:54:30.240 !!! [CE][offlineDB] :: Type 'Shirt_WhiteCheck' will be ignored. (Type does not exist. (Typo?))
14:54:30.240 !!! [CE][offlineDB] :: Type 'SlacksPants_Beige' will be ignored. (Type does not exist. (Typo?))
14:54:30.240 !!! [CE][offlineDB] :: Type 'SlacksPants_Black' will be ignored. (Type does not exist. (Typo?))
14:54:30.240 !!! [CE][offlineDB] :: Type 'SlacksPants_Blue' will be ignored. (Type does not exist. (Typo?))
14:54:30.240 !!! [CE][offlineDB] :: Type 'SlacksPants_Brown' will be ignored. (Type does not exist. (Typo?))
14:54:30.240 !!! [CE][offlineDB] :: Type 'SlacksPants_DarkGrey' will be ignored. (Type does not exist. (Typo?))
14:54:30.241 !!! [CE][offlineDB] :: Type 'SlacksPants_Khaki' will be ignored. (Type does not exist. (Typo?))
14:54:30.241 !!! [CE][offlineDB] :: Type 'SlacksPants_LightGrey' will be ignored. (Type does not exist. (Typo?))
14:54:30.241 !!! [CE][offlineDB] :: Type 'SlacksPants_White' will be ignored. (Type does not exist. (Typo?))
14:54:30.241 !!! [CE][offlineDB] :: Type 'Spear' will be ignored. (Not spawnable. (Scope is not public?))
14:54:30.241 !!! [CE][offlineDB] :: Type 'TShirt_Beige' will be ignored. (Type does not exist. (Typo?))
14:54:30.241 !!! [CE][offlineDB] :: Type 'TShirt_Black' will be ignored. (Type does not exist. (Typo?))
14:54:30.241 !!! [CE][offlineDB] :: Type 'TShirt_Blue' will be ignored. (Type does not exist. (Typo?))
14:54:30.241 !!! [CE][offlineDB] :: Type 'TShirt_Green' will be ignored. (Type does not exist. (Typo?))
14:54:30.241 !!! [CE][offlineDB] :: Type 'TShirt_Grey' will be ignored. (Type does not exist. (Typo?))
14:54:30.241 !!! [CE][offlineDB] :: Type 'TShirt_OrangeWhiteStripes' will be ignored. (Type does not exist. (Typo?))
14:54:30.241 !!! [CE][offlineDB] :: Type 'TShirt_Red' will be ignored. (Type does not exist. (Typo?))
14:54:30.241 !!! [CE][offlineDB] :: Type 'TShirt_RedBlackStripes' will be ignored. (Type does not exist. (Typo?))
14:54:30.241 !!! [CE][offlineDB] :: Type 'TShirt_White' will be ignored. (Type does not exist. (Typo?))
14:54:30.241 !!! [CE][offlineDB] :: Type 'TransitBus' will be ignored. (Type does not exist. (Typo?))
14:54:30.242 !!! [CE][offlineDB] :: Type 'WitchHood_Chainmail_Black' will be ignored. (Type does not exist. (Typo?))
14:54:30.242 !!! [CE][offlineDB] :: Type 'WitchHood_Chainmail_Brown' will be ignored. (Type does not exist. (Typo?))
14:54:30.242 !!! [CE][offlineDB] :: Type 'WitchHood_Chainmail_Red' will be ignored. (Type does not exist. (Typo?))
14:54:30.242 !!! [CE][offlineDB] :: Type 'WolfMask' will be ignored. (Type does not exist. (Typo?))
14:54:30.242 !!! [CE][offlineDB] :: Type 'ttcelticaxe' will be ignored. (Type does not exist. (Typo?))
14:54:30.242 !!! [CE][offlineDB] :: Type 'tantosword' will be ignored. (Type does not exist. (Typo?))
14:54:30.242 !!! [CE][offlineDB] :: Type 'STAG_Flag_Gespiegelt' will be ignored. (Type does not exist. (Typo?))
14:54:30.243 !!! [CE][offlineDB] :: Type 'STAG_Clothing_MountainBag' will be ignored. (Type does not exist. (Typo?))
14:54:30.249 !!! [CE][offlineDB] :: Type 'Expansion_M79' will be ignored. (Not spawnable. (Scope is not public?))
14:54:30.249 !!! [CE][offlineDB] :: Type 'ExpansionFlaregun' will be ignored. (Not spawnable. (Scope is not public?))
14:54:30.250 !!! [CE][offlineDB] :: Type 'Expansion_Longhorn' will be ignored. (Not spawnable. (Scope is not public?))
14:54:30.257 !!! [CE][offlineDB] :: Type 'DOC_Bocchi' will be ignored. (Type does not exist. (Typo?))
14:54:30.257 !!! [CE][offlineDB] :: Type 'DOC_Metallia' will be ignored. (Type does not exist. (Typo?))
14:54:30.257 !!! [CE][offlineDB] :: Type 'DOC_Pedro' will be ignored. (Type does not exist. (Typo?))
14:54:30.257 !!! [CE][offlineDB] :: Type 'DOC_Violet' will be ignored. (Type does not exist. (Typo?))
14:54:30.257 !!! [CE][offlineDB] :: Type 'DOC_42Finger' will be ignored. (Type does not exist. (Typo?))
14:54:30.257 !!! [CE][offlineDB] :: Type 'DOC_Squidward' will be ignored. (Type does not exist. (Typo?))
14:54:30.257 !!! [CE][offlineDB] :: Type 'Armband_DOC_Bocchi' will be ignored. (Type does not exist. (Typo?))
14:54:30.257 !!! [CE][offlineDB] :: Type 'Armband_DOC_Metallia' will be ignored. (Type does not exist. (Typo?))
14:54:30.258 !!! [CE][offlineDB] :: Type 'Armband_DOC_Pedro' will be ignored. (Type does not exist. (Typo?))
14:54:30.258 !!! [CE][offlineDB] :: Type 'Armband_DOC_42FINGERS' will be ignored. (Type does not exist. (Typo?))
14:54:30.258 !!! [CE][offlineDB] :: Type 'Armband_DOC_Violet' will be ignored. (Type does not exist. (Typo?))
14:54:30.258 !!! [CE][offlineDB] :: Type 'Armband_DOC_Squidward' will be ignored. (Type does not exist. (Typo?))
14:54:30.258 !!! [CE][offlineDB] :: Type 'DOC_Jacket_Red42' will be ignored. (Type does not exist. (Typo?))
14:54:30.258 !!! [CE][offlineDB] :: Type 'DOC_Raincoat_Red42' will be ignored. (Type does not exist. (Typo?))
14:54:30.258 !!! [CE][offlineDB] :: Type 'DOC_Jeans_Red42' will be ignored. (Type does not exist. (Typo?))
14:54:30.258 !!! [CE][offlineDB] :: Type 'DOC_ADMIN_BLUE_TOP' will be ignored. (Type does not exist. (Typo?))
14:54:30.258 !!! [CE][offlineDB] :: Type 'DOC_ADMIN_BLUE_BOTTOM' will be ignored. (Type does not exist. (Typo?))
14:54:30.258 !!! [CE][offlineDB] :: Type 'DOC_ADMIN_DOC_TOP' will be ignored. (Type does not exist. (Typo?))
14:54:30.258 !!! [CE][offlineDB] :: Type 'DOC_ADMIDOC_GHILLIE_REDGREY' will be ignored. (Type does not exist. (Typo?))
14:54:30.258 !!! [CE][offlineDB] :: Type 'DOC_GHILLIETOP_REDGREY' will be ignored. (Type does not exist. (Typo?))
14:54:30.258 !!! [CE][offlineDB] :: Type 'DOC_GHILLIE_GUNWRAP_REDGREY' will be ignored. (Type does not exist. (Typo?))
14:54:30.258 !!! [CE][offlineDB] :: Type 'DOC_GHILLIE_BLUEBLACK' will be ignored. (Type does not exist. (Typo?))
14:54:30.258 !!! [CE][offlineDB] :: Type 'DOC_GHILLIE_GUNWRAP_BLUEBLAC' will be ignored. (Type does not exist. (Typo?))
14:54:30.258 !!! [CE][offlineDB] :: Type 'DOC_GHILLIETOP_BLUEBLACK' will be ignored. (Type does not exist. (Typo?))
14:54:30.258 !!! [CE][offlineDB] :: Type 'Airsoft_M4A1' will be ignored. (Type does not exist. (Typo?))
14:54:30.258 !!! [CE][offlineDB] :: Type 'Airsoft_AK' will be ignored. (Type does not exist. (Typo?))
14:54:30.258 !!! [CE][offlineDB] :: Type 'Airsoft_Sniper' will be ignored. (Type does not exist. (Typo?))
14:54:30.258 !!! [CE][offlineDB] :: Type 'Mag_Airsoft_M4' will be ignored. (Type does not exist. (Typo?))
14:54:30.258 !!! [CE][offlineDB] :: Type 'Mag_Airsoft_AK' will be ignored. (Type does not exist. (Typo?))
14:54:30.258 !!! [CE][offlineDB] :: Type 'Ammo_Airsoft762' will be ignored. (Type does not exist. (Typo?))
14:54:30.258 !!! [CE][offlineDB] :: Type 'Ammo_Airsoft556' will be ignored. (Type does not exist. (Typo?))
14:54:30.258 !!! [CE][offlineDB] :: Type 'Ammo_Airsoft308' will be ignored. (Type does not exist. (Typo?))
14:54:30.258 !!! [CE][offlineDB] :: Type 'Prefab_Cabin' will be ignored. (Type does not exist. (Typo?))
14:54:30.258 !!! [CE][offlineDB] :: Type 'Cabin_Kit' will be ignored. (Type does not exist. (Typo?))
14:54:30.258 !!! [CE][offlineDB] :: Type 'Sk_Cabinet' will be ignored. (Type does not exist. (Typo?))
14:54:30.258 !!! [CE][offlineDB] :: Type 'Cabin_Water_Pump' will be ignored. (Type does not exist. (Typo?))
14:54:30.258 !!! [CE][offlineDB] :: Type 'Radioactive_bear_Meat' will be ignored. (Type does not exist. (Typo?))
14:54:30.259 !!! [CE][offlineDB] :: Type 'Radioactive_wolf_Meat' will be ignored. (Type does not exist. (Typo?))
14:54:30.259 !!! [CE][offlineDB] :: Type 'DXMediumTent_1' will be ignored. (Type does not exist. (Typo?))
14:54:30.259 !!! [CE][offlineDB] :: Type 'DXMediumTent_2' will be ignored. (Type does not exist. (Typo?))
14:54:30.259 !!! [CE][offlineDB] :: Type 'DXMediumTent_3' will be ignored. (Type does not exist. (Typo?))
14:54:30.259 !!! [CE][offlineDB] :: Type 'DXMediumTent_4' will be ignored. (Type does not exist. (Typo?))
14:54:30.259 !!! [CE][offlineDB] :: Type 'DXMediumTent_5' will be ignored. (Type does not exist. (Typo?))
14:54:30.259 !!! [CE][offlineDB] :: Type 'DXMediumTent_6' will be ignored. (Type does not exist. (Typo?))
14:54:30.259 !!! [CE][offlineDB] :: Type 'DXMediumTent_7' will be ignored. (Type does not exist. (Typo?))
14:54:30.260 !!! [CE][offlineDB] :: Type 'DXMediumTent_8' will be ignored. (Type does not exist. (Typo?))
14:54:30.260 !!! [CE][offlineDB] :: Type 'DXMediumTent_9' will be ignored. (Type does not exist. (Typo?))
14:54:30.260 !!! [CE][offlineDB] :: Type 'DXMediumTent_10' will be ignored. (Type does not exist. (Typo?))
14:54:30.260 !!! [CE][offlineDB] :: Type 'DXMediumTent_11' will be ignored. (Type does not exist. (Typo?))
14:54:30.260 !!! [CE][offlineDB] :: Type 'SWAT_Pants' will be ignored. (Type does not exist. (Typo?))
14:54:30.260 !!! [CE][offlineDB] :: Type 'SWAT_Balaclava' will be ignored. (Type does not exist. (Typo?))
14:54:30.260 !!! [CE][offlineDB] :: Type 'SWAT_Gloves' will be ignored. (Type does not exist. (Typo?))
14:54:30.260 !!! [CE][offlineDB] :: Type 'SWAT_Goggles' will be ignored. (Type does not exist. (Typo?))
14:54:30.260 !!! [CE][offlineDB] :: Type 'SWAT_Shirt' will be ignored. (Type does not exist. (Typo?))
14:54:30.260 !!! [CE][offlineDB] :: Type 'SWAT_Vest' will be ignored. (Type does not exist. (Typo?))
14:54:30.260 !!! [CE][offlineDB] :: Type 'SWAT_Helmet' will be ignored. (Type does not exist. (Typo?))
14:54:30.260 !!! [CE][offlineDB] :: Type 'RFSolarPanel' will be ignored. (Type does not exist. (Typo?))
14:54:30.260 !!! [CE][offlineDB] :: Type 'RFSolarPanelKit' will be ignored. (Type does not exist. (Typo?))
14:54:30.260 !!! [CE][offlineDB] :: Type 'MVS_Combat_Vest_Black_Camo_Bunker' will be ignored. (Type does not exist. (Typo?))
14:54:30.260 !!! [CE][offlineDB] :: Type 'MVS_Combat_Vest_Black_Camo2_Bunker' will be ignored. (Type does not exist. (Typo?))
14:54:30.260 !!! [CE][offlineDB] :: Type 'MVS_Combat_Vest_Camo_Orange_Bunker' will be ignored. (Type does not exist. (Typo?))
14:54:30.260 !!! [CE][offlineDB] :: Type 'MVS_Combat_Vest_Camo_Tigr_Bunker' will be ignored. (Type does not exist. (Typo?))
14:54:30.260 !!! [CE][offlineDB] :: Type 'MVS_Combat_Vest_ELRD_Camo' will be ignored. (Type does not exist. (Typo?))
14:54:30.260 !!! [CE][offlineDB] :: Type 'MVS_Combat_Vest_Green_Camo_Bunker' will be ignored. (Type does not exist. (Typo?))
14:54:30.260 !!! [CE][offlineDB] :: Type 'MVS_Magazine_Pouch_Black_Camo_Bunker' will be ignored. (Type does not exist. (Typo?))
14:54:30.261 !!! [CE][offlineDB] :: Type 'MVS_Magazine_Pouch_Black_Camo2_Bunker' will be ignored. (Type does not exist. (Typo?))
14:54:30.261 !!! [CE][offlineDB] :: Type 'MVS_Magazine_Pouch_Camo_Orange_Bunker' will be ignored. (Type does not exist. (Typo?))
14:54:30.261 !!! [CE][offlineDB] :: Type 'MVS_Magazine_Pouch_Camo_Tigr_Bunker' will be ignored. (Type does not exist. (Typo?))
14:54:30.261 !!! [CE][offlineDB] :: Type 'MVS_Magazine_Pouch_ELRD_Camo_Bunker' will be ignored. (Type does not exist. (Typo?))
14:54:30.261 !!! [CE][offlineDB] :: Type 'MVS_Magazine_Pouch_Green_Camo_Bunker' will be ignored. (Type does not exist. (Typo?))
14:54:30.261 !!! [CE][offlineDB] :: Type 'MVS_Admin_Pouch_Black_Camo_Bunker' will be ignored. (Type does not exist. (Typo?))
14:54:30.261 !!! [CE][offlineDB] :: Type 'MVS_Admin_Pouch_Black_Camo2_Bunker' will be ignored. (Type does not exist. (Typo?))
14:54:30.261 !!! [CE][offlineDB] :: Type 'MVS_Admin_Pouch_Camo_Orange_Bunker' will be ignored. (Type does not exist. (Typo?))
14:54:30.261 !!! [CE][offlineDB] :: Type 'MVS_Admin_Pouch_Camo_Tigr_Bunker' will be ignored. (Type does not exist. (Typo?))
14:54:30.261 !!! [CE][offlineDB] :: Type 'MVS_Admin_Pouch_ELRD_Camo_Bunker' will be ignored. (Type does not exist. (Typo?))
14:54:30.261 !!! [CE][offlineDB] :: Type 'MVS_Admin_Pouch_Green_Camo_Bunker' will be ignored. (Type does not exist. (Typo?))
14:54:30.261 !!! [CE][offlineDB] :: Type 'MVS_Utility_Pouch_Black_Camo_Bunker' will be ignored. (Type does not exist. (Typo?))
14:54:30.261 !!! [CE][offlineDB] :: Type 'MVS_Utility_Pouch_Black_Camo2_Bunker' will be ignored. (Type does not exist. (Typo?))
14:54:30.261 !!! [CE][offlineDB] :: Type 'MVS_Utility_Pouch_Camo_Orange_Bunker' will be ignored. (Type does not exist. (Typo?))
14:54:30.261 !!! [CE][offlineDB] :: Type 'MVS_Utility_Pouch_Camo_Tigr_Bunker' will be ignored. (Type does not exist. (Typo?))
14:54:30.261 !!! [CE][offlineDB] :: Type 'MVS_Utility_Pouch_ELRD_Camo_Bunker' will be ignored. (Type does not exist. (Typo?))
14:54:30.261 !!! [CE][offlineDB] :: Type 'MVS_Utility_Pouch_Green_Camo_Bunker' will be ignored. (Type does not exist. (Typo?))
14:54:30.261 !!! [CE][offlineDB] :: Type 'MVS_Medical_Pouch_Camo_Orange_Bunker' will be ignored. (Type does not exist. (Typo?))
14:54:30.261 !!! [CE][offlineDB] :: Type 'MVS_Medical_Pouch_Camo_Tigr_Bunker' will be ignored. (Type does not exist. (Typo?))
14:54:30.261 !!! [CE][offlineDB] :: Type 'MVS_Medical_Pouch_ELRD_Camo_Bunker' will be ignored. (Type does not exist. (Typo?))
14:54:30.261 !!! [CE][offlineDB] :: Type 'MVS_Pack_Black_Camo_Bunker' will be ignored. (Type does not exist. (Typo?))
14:54:30.261 !!! [CE][offlineDB] :: Type 'MVS_Pack_Black_Camo2_Bunker' will be ignored. (Type does not exist. (Typo?))
14:54:30.262 !!! [CE][offlineDB] :: Type 'MVS_Pack_Camo_Orange_Bunker' will be ignored. (Type does not exist. (Typo?))
14:54:30.262 !!! [CE][offlineDB] :: Type 'MVS_Pack_Camo_Tigr_Bunker' will be ignored. (Type does not exist. (Typo?))
14:54:30.262 !!! [CE][offlineDB] :: Type 'MVS_Pack_ELRD_Camo_Bunker' will be ignored. (Type does not exist. (Typo?))
14:54:30.262 !!! [CE][offlineDB] :: Type 'MVS_Pack_Green_Camo_Bunker' will be ignored. (Type does not exist. (Typo?))
14:54:30.262 !!! [CE][offlineDB] :: Type 'MVS_Combat_Vest_Heavy_Black_Camo_Bunker' will be ignored. (Type does not exist. (Typo?))
14:54:30.262 !!! [CE][offlineDB] :: Type 'MVS_Combat_Vest_Heavy_Black_Camo2_Bunker' will be ignored. (Type does not exist. (Typo?))
14:54:30.262 !!! [CE][offlineDB] :: Type 'MVS_Combat_Vest_Heavy_Camo_Orange_Bunker' will be ignored. (Type does not exist. (Typo?))
14:54:30.262 !!! [CE][offlineDB] :: Type 'MVS_Combat_Vest_Heavy_Camo_Tigr_Bunker' will be ignored. (Type does not exist. (Typo?))
14:54:30.262 !!! [CE][offlineDB] :: Type 'MVS_Combat_Vest_Heavy_ELRD_Camo_Bunker' will be ignored. (Type does not exist. (Typo?))
14:54:30.263 !!! [CE][offlineDB] :: Type 'MVS_Combat_Vest_Heavy_Green_Camo_Bunker' will be ignored. (Type does not exist. (Typo?))
14:54:30.263 !!! [CE][offlineDB] :: Type 'MVS_Taco_Pouch_Black_Camo_Bunker' will be ignored. (Type does not exist. (Typo?))
14:54:30.263 !!! [CE][offlineDB] :: Type 'MVS_Taco_Pouch_Black_Camo2_Bunker' will be ignored. (Type does not exist. (Typo?))
14:54:30.263 !!! [CE][offlineDB] :: Type 'MVS_Taco_Pouch_Camo_Orange_Bunker' will be ignored. (Type does not exist. (Typo?))
14:54:30.263 !!! [CE][offlineDB] :: Type 'MVS_Taco_Pouch_Camo_Tigr_Bunker' will be ignored. (Type does not exist. (Typo?))
14:54:30.263 !!! [CE][offlineDB] :: Type 'MVS_Taco_Pouch_ELRD_Camo_Bunker' will be ignored. (Type does not exist. (Typo?))
14:54:30.263 !!! [CE][offlineDB] :: Type 'MVS_Taco_Pouch_Green_Camo_Bunker' will be ignored. (Type does not exist. (Typo?))
14:54:30.263 !!! [CE][offlineDB] :: Type 'MVS_Pakol_Comtac' will be ignored. (Type does not exist. (Typo?))
14:54:30.263 !!! [CE][offlineDB] :: Type 'MVS_canteen_Black_Camo_Bunker' will be ignored. (Type does not exist. (Typo?))
14:54:30.263 !!! [CE][offlineDB] :: Type 'MVS_canteen_Black_Camo2_Bunker' will be ignored. (Type does not exist. (Typo?))
14:54:30.263 !!! [CE][offlineDB] :: Type 'MVS_canteen_Camp_Orange' will be ignored. (Type does not exist. (Typo?))
14:54:30.263 !!! [CE][offlineDB] :: Type 'MVS_canteen_Camo_Tigr_Bunker' will be ignored. (Type does not exist. (Typo?))
14:54:30.264 !!! [CE][offlineDB] :: Type 'MVS_canteen_ELRD_Camo_Bunker' will be ignored. (Type does not exist. (Typo?))
14:54:30.264 !!! [CE][offlineDB] :: Type 'MVS_canteen_Green_Camo_Bunker' will be ignored. (Type does not exist. (Typo?))
14:54:30.264 !!! [CE][offlineDB] :: Type 'MVS_OpsCore_Black_Camo_Bunker' will be ignored. (Type does not exist. (Typo?))
14:54:30.264 !!! [CE][offlineDB] :: Type 'MVS_OpsCore_Black_Camo2_Bunker' will be ignored. (Type does not exist. (Typo?))
14:54:30.264 !!! [CE][offlineDB] :: Type 'MVS_OpsCore_Camo_Orange_Bunker' will be ignored. (Type does not exist. (Typo?))
14:54:30.264 !!! [CE][offlineDB] :: Type 'MVS_OpsCore_Camo_Tigr_Bunker' will be ignored. (Type does not exist. (Typo?))
14:54:30.264 !!! [CE][offlineDB] :: Type 'MVS_OpsCore_ELRD_Camo_Bunker' will be ignored. (Type does not exist. (Typo?))
14:54:30.264 !!! [CE][offlineDB] :: Type 'MVS_OpsCore_Green_Camo_Bunker' will be ignored. (Type does not exist. (Typo?))
14:54:30.264 !!! [CE][offlineDB] :: Type 'MVS_GorkaPants' will be ignored. (Type does not exist. (Typo?))
14:54:30.264 !!! [CE][offlineDB] :: Type 'MVS_GorkaPants_Snow' will be ignored. (Type does not exist. (Typo?))
14:54:30.264 !!! [CE][offlineDB] :: Type 'MVS_ArmoredHelmet_Black_Camo_Bunker' will be ignored. (Type does not exist. (Typo?))
14:54:30.264 !!! [CE][offlineDB] :: Type 'MVS_ArmoredHelmet_Black_Camo2_Bunker' will be ignored. (Type does not exist. (Typo?))
14:54:30.264 !!! [CE][offlineDB] :: Type 'MVS_ArmoredHelmet_Camo_Orange_Bunker' will be ignored. (Type does not exist. (Typo?))
14:54:30.264 !!! [CE][offlineDB] :: Type 'MVS_ArmoredHelmet_Camo_Tigr_Bunker' will be ignored. (Type does not exist. (Typo?))
14:54:30.264 !!! [CE][offlineDB] :: Type 'MVS_ArmoredHelmet_ELRD_Camo_Bunker' will be ignored. (Type does not exist. (Typo?))
14:54:30.264 !!! [CE][offlineDB] :: Type 'MVS_ArmoredHelmet_Green_Camo_Bunker' will be ignored. (Type does not exist. (Typo?))
14:54:30.264 !!! [CE][offlineDB] :: Type 'MVS_Rucksack_Black_Camo_Bunker' will be ignored. (Type does not exist. (Typo?))
14:54:30.265 !!! [CE][offlineDB] :: Type 'MVS_Rucksack_Black_Camo2_Bunker' will be ignored. (Type does not exist. (Typo?))
14:54:30.265 !!! [CE][offlineDB] :: Type 'MVS_Rucksack_Camo_Orange_Bunker' will be ignored. (Type does not exist. (Typo?))
14:54:30.265 !!! [CE][offlineDB] :: Type 'MVS_Rucksack_Camo_Tigr_Bunker' will be ignored. (Type does not exist. (Typo?))
14:54:30.265 !!! [CE][offlineDB] :: Type 'MVS_Rucksack_ELRD_Camo_Bunker' will be ignored. (Type does not exist. (Typo?))
14:54:30.265 !!! [CE][offlineDB] :: Type 'MVS_Rucksack_Green_Camo_Bunker' will be ignored. (Type does not exist. (Typo?))
14:54:30.265 !!! [CE][offlineDB] :: Type 'MVS_Compact_1_Black_Camo_Bunker' will be ignored. (Type does not exist. (Typo?))
14:54:30.265 !!! [CE][offlineDB] :: Type 'MVS_Compact_1_Black_Camo2_Bunker' will be ignored. (Type does not exist. (Typo?))
14:54:30.265 !!! [CE][offlineDB] :: Type 'MVS_Compact_1_Camo_Orange_Bunker' will be ignored. (Type does not exist. (Typo?))
14:54:30.265 !!! [CE][offlineDB] :: Type 'MVS_Compact_1_Camo_Tigr_Bunker' will be ignored. (Type does not exist. (Typo?))
14:54:30.265 !!! [CE][offlineDB] :: Type 'MVS_Compact_1_ELRD_Camo_Bunker' will be ignored. (Type does not exist. (Typo?))
14:54:30.265 !!! [CE][offlineDB] :: Type 'MVS_Compact_1_Green_Camo_Bunker' will be ignored. (Type does not exist. (Typo?))
14:54:30.265 !!! [CE][offlineDB] :: Type 'MVS_Compact_2_Black_Camo_Bunker' will be ignored. (Type does not exist. (Typo?))
14:54:30.265 !!! [CE][offlineDB] :: Type 'MVS_Compact_2_Black_Camo2_Bunker' will be ignored. (Type does not exist. (Typo?))
14:54:30.265 !!! [CE][offlineDB] :: Type 'MVS_Compact_2_Camo_Orange_Bunker' will be ignored. (Type does not exist. (Typo?))
14:54:30.265 !!! [CE][offlineDB] :: Type 'MVS_Compact_2_Camo_Tigr_Bunker' will be ignored. (Type does not exist. (Typo?))
14:54:30.265 !!! [CE][offlineDB] :: Type 'MVS_Compact_2_ELRD_Camo_Bunker' will be ignored. (Type does not exist. (Typo?))
14:54:30.265 !!! [CE][offlineDB] :: Type 'MVS_Compact_2_Green_Camo_Bunker' will be ignored. (Type does not exist. (Typo?))
14:54:30.265 !!! [CE][offlineDB] :: Type 'MVS_ChestRig_Black_Camo_Bunker' will be ignored. (Type does not exist. (Typo?))
14:54:30.266 !!! [CE][offlineDB] :: Type 'MVS_ChestRig_Black_Camo2_Bunker' will be ignored. (Type does not exist. (Typo?))
14:54:30.266 !!! [CE][offlineDB] :: Type 'MVS_ChestRig_Camo_Orange_Bunker' will be ignored. (Type does not exist. (Typo?))
14:54:30.266 !!! [CE][offlineDB] :: Type 'MVS_ChestRig_Camo_Tigr_Bunker' will be ignored. (Type does not exist. (Typo?))
14:54:30.266 !!! [CE][offlineDB] :: Type 'MVS_ChestRig_ELRD_Camo_Bunker' will be ignored. (Type does not exist. (Typo?))
14:54:30.266 !!! [CE][offlineDB] :: Type 'MVS_ChestRig_Green_Camo_Bunker' will be ignored. (Type does not exist. (Typo?))
14:54:30.266 !!! [CE][offlineDB] :: Type 'MVS_Balaclava_Wraith_Comtacs' will be ignored. (Type does not exist. (Typo?))
14:54:30.266 !!! [CE][offlineDB] :: Type 'MVS_GorkaPants_Multicam' will be ignored. (Type does not exist. (Typo?))
14:54:30.266 !!! [CE][offlineDB] :: Type 'MVS_GorkaPants_Multicam_Tropic' will be ignored. (Type does not exist. (Typo?))
14:54:30.266 !!! [CE][offlineDB] :: Type 'MVS_GorkaPants_Multicam_Black' will be ignored. (Type does not exist. (Typo?))
14:54:30.266 !!! [CE][offlineDB] :: Type 'MVS_Assault_Pack_Black_Camo_Bunker' will be ignored. (Type does not exist. (Typo?))
14:54:30.266 !!! [CE][offlineDB] :: Type 'MVS_Assault_Pack_Black_Camo2_Bunker' will be ignored. (Type does not exist. (Typo?))
14:54:30.266 !!! [CE][offlineDB] :: Type 'MVS_Assault_Pack_Camo_Orange_Bunker' will be ignored. (Type does not exist. (Typo?))
14:54:30.266 !!! [CE][offlineDB] :: Type 'MVS_Assault_Pack_Camo_Tigr_Bunker' will be ignored. (Type does not exist. (Typo?))
14:54:30.266 !!! [CE][offlineDB] :: Type 'MVS_Assault_Pack_ELRD_Camo_Bunker' will be ignored. (Type does not exist. (Typo?))
14:54:30.266 !!! [CE][offlineDB] :: Type 'MVS_Assault_Pack_Green_Camo_Bunker' will be ignored. (Type does not exist. (Typo?))
14:54:30.266 !!! [CE][offlineDB] :: Type 'MVS_CombatPants_Black_Camo_Bunker' will be ignored. (Type does not exist. (Typo?))
14:54:30.267 !!! [CE][offlineDB] :: Type 'MVS_CombatPants_Black_Camo2_Bunker' will be ignored. (Type does not exist. (Typo?))
14:54:30.267 !!! [CE][offlineDB] :: Type 'MVS_CombatPants_Camo_Orange_Bunker' will be ignored. (Type does not exist. (Typo?))
14:54:30.267 !!! [CE][offlineDB] :: Type 'MVS_CombatPants_Camo_Tigr_Bunker' will be ignored. (Type does not exist. (Typo?))
14:54:30.267 !!! [CE][offlineDB] :: Type 'MVS_CombatPants_ELRD_Camo_Bunker' will be ignored. (Type does not exist. (Typo?))
14:54:30.267 !!! [CE][offlineDB] :: Type 'MVS_CombatPants_Green_Camo_Bunker' will be ignored. (Type does not exist. (Typo?))
14:54:30.267 !!! [CE][offlineDB] :: Type 'MVS_CombatShirt_Black_Camo_Bunker' will be ignored. (Type does not exist. (Typo?))
14:54:30.267 !!! [CE][offlineDB] :: Type 'MVS_CombatShirt_Black_Camo2_Bunker' will be ignored. (Type does not exist. (Typo?))
14:54:30.267 !!! [CE][offlineDB] :: Type 'MVS_CombatShirt_Camo_Orange_Bunker' will be ignored. (Type does not exist. (Typo?))
14:54:30.267 !!! [CE][offlineDB] :: Type 'MVS_CombatShirt_Camo_Tigr_Bunker' will be ignored. (Type does not exist. (Typo?))
14:54:30.267 !!! [CE][offlineDB] :: Type 'MVS_CombatShirt_ELRD_Camo_Bunker' will be ignored. (Type does not exist. (Typo?))
14:54:30.267 !!! [CE][offlineDB] :: Type 'MVS_CombatShirt_Green_Camo_Bunker' will be ignored. (Type does not exist. (Typo?))
14:54:30.268 !!! [CE][offlineDB] :: Type 'MVS_Molle_Panel_Black_Camo_Bunker' will be ignored. (Type does not exist. (Typo?))
14:54:30.268 !!! [CE][offlineDB] :: Type 'MVS_Molle_Panel_Black_Camo2_Bunker' will be ignored. (Type does not exist. (Typo?))
14:54:30.268 !!! [CE][offlineDB] :: Type 'MVS_Molle_Panel_Camo_Orange_Bunker' will be ignored. (Type does not exist. (Typo?))
14:54:30.268 !!! [CE][offlineDB] :: Type 'MVS_Molle_Panel_Camo_Tigr_Bunker' will be ignored. (Type does not exist. (Typo?))
14:54:30.268 !!! [CE][offlineDB] :: Type 'MVS_Molle_Panel_ELRD_Camo_Bunker' will be ignored. (Type does not exist. (Typo?))
14:54:30.268 !!! [CE][offlineDB] :: Type 'MVS_Molle_Panel_Green_Camo_Bunker' will be ignored. (Type does not exist. (Typo?))
14:54:30.268 !!! [CE][offlineDB] :: Type 'MVS_6B47_Helmet_Black_Camo_Bunker' will be ignored. (Type does not exist. (Typo?))
14:54:30.268 !!! [CE][offlineDB] :: Type 'MVS_6B47_Helmet_Black_Camo2_Bunker' will be ignored. (Type does not exist. (Typo?))
14:54:30.268 !!! [CE][offlineDB] :: Type 'MVS_6B47_Helmet_Camo_Orange_Bunker' will be ignored. (Type does not exist. (Typo?))
14:54:30.268 !!! [CE][offlineDB] :: Type 'MVS_6B47_Helmet_Camo_Tigr_Bunker' will be ignored. (Type does not exist. (Typo?))
14:54:30.268 !!! [CE][offlineDB] :: Type 'MVS_6B47_Helmet_ELRD_Camo_Bunker' will be ignored. (Type does not exist. (Typo?))
14:54:30.268 !!! [CE][offlineDB] :: Type 'MVS_6B47_Helmet_Green_Camo_Bunker' will be ignored. (Type does not exist. (Typo?))
14:54:30.268 !!! [CE][offlineDB] :: Type 'MVS_Helmet_02_Black_Camo_Bunker' will be ignored. (Type does not exist. (Typo?))
14:54:30.268 !!! [CE][offlineDB] :: Type 'MVS_Helmet_02_Black_Camo_Bunker2' will be ignored. (Type does not exist. (Typo?))
14:54:30.268 !!! [CE][offlineDB] :: Type 'MVS_Helmet_02_Camo_Orange_Bunker' will be ignored. (Type does not exist. (Typo?))
14:54:30.268 !!! [CE][offlineDB] :: Type 'MVS_Helmet_02_Camo_Tigr_Bunker' will be ignored. (Type does not exist. (Typo?))
14:54:30.268 !!! [CE][offlineDB] :: Type 'MVS_Helmet_02_ELRD_Camo_Bunker' will be ignored. (Type does not exist. (Typo?))
14:54:30.268 !!! [CE][offlineDB] :: Type 'MVS_Helmet_02_Green_Camo_Bunker' will be ignored. (Type does not exist. (Typo?))
14:54:30.268 !!! [CE][offlineDB] :: Type 'MVS_SlingPack_Black_Camo_Bunker' will be ignored. (Type does not exist. (Typo?))
14:54:30.268 !!! [CE][offlineDB] :: Type 'MVS_SlingPack_Black_Camo2_Bunker' will be ignored. (Type does not exist. (Typo?))
14:54:30.268 !!! [CE][offlineDB] :: Type 'MVS_SlingPack_Camo_Orange_Bunker' will be ignored. (Type does not exist. (Typo?))
14:54:30.268 !!! [CE][offlineDB] :: Type 'MVS_SlingPack_Camo_Tigr_Bunker' will be ignored. (Type does not exist. (Typo?))
14:54:30.269 !!! [CE][offlineDB] :: Type 'MVS_SlingPack_ELRD_Camo_Bunker' will be ignored. (Type does not exist. (Typo?))
14:54:30.269 !!! [CE][offlineDB] :: Type 'MVS_SlingPack_Green_Camo_Bunker' will be ignored. (Type does not exist. (Typo?))
14:54:30.269 !!! [CE][offlineDB] :: Type 'mouse_grey_flag' will be ignored. (Type does not exist. (Typo?))
14:54:30.269 !!! [CE][offlineDB] :: Type 'toxic_green' will be ignored. (Type does not exist. (Typo?))
14:54:30.269 !!! [CE][offlineDB] :: Type 'FBF_Torch' will be ignored. (Not spawnable. (Scope is not public?))
14:54:30.269 !!! [CE][offlineDB] :: Type 'FBF_LongTorch' will be ignored. (Not spawnable. (Scope is not public?))
14:54:30.269 !!! [CE][offlineDB] :: Type 'FBF_AreaLight_White' will be ignored. (Not spawnable. (Scope is not public?))
14:54:30.269 !!! [CE][offlineDB] :: Type 'FBF_AreaLight_Warm' will be ignored. (Not spawnable. (Scope is not public?))
14:54:30.270 !!! [CE][offlineDB] :: Type 'FBF_CustomAreaLight_1' will be ignored. (Not spawnable. (Scope is not public?))
14:54:30.270 !!! [CE][offlineDB] :: Type 'FBF_CustomAreaLight_2' will be ignored. (Not spawnable. (Scope is not public?))
14:54:30.270 !!! [CE][offlineDB] :: Type 'FBF_CustomAreaLight_3' will be ignored. (Not spawnable. (Scope is not public?))
14:54:30.270 !!! [CE][offlineDB] :: Type 'FBF_CustomAreaLight_4' will be ignored. (Not spawnable. (Scope is not public?))
14:54:30.270 !!! [CE][offlineDB] :: Type 'FBF_CustomAreaLight_5' will be ignored. (Not spawnable. (Scope is not public?))
14:54:30.270 !!! [CE][offlineDB] :: Type 'bs_cartman' will be ignored. (Type does not exist. (Typo?))
14:54:30.270 !!! [CE][offlineDB] :: Type 'bs_gratefuldead' will be ignored. (Type does not exist. (Typo?))
14:54:30.270 !!! [CE][offlineDB] :: Type 'bs_meatloaf' will be ignored. (Type does not exist. (Typo?))
14:54:30.270 !!! [CE][offlineDB] :: Type 'bs_nirvana' will be ignored. (Type does not exist. (Typo?))
14:54:30.270 !!! [CE][offlineDB] :: Type 'bs_skynyrd' will be ignored. (Type does not exist. (Typo?))
14:54:30.270 !!! [CE][offlineDB] :: Type 'bs_starbucks' will be ignored. (Type does not exist. (Typo?))
14:54:30.270 !!! [CE][offlineDB] :: Type 'bs_sublime' will be ignored. (Type does not exist. (Typo?))
14:54:30.270 !!! [CE][offlineDB] :: Type 'bs_billmurray' will be ignored. (Type does not exist. (Typo?))
14:54:30.270 !!! [CE][offlineDB] :: Type 'bs_blackflag' will be ignored. (Type does not exist. (Typo?))
14:54:30.270 !!! [CE][offlineDB] :: Type 'bs_cbgb' will be ignored. (Type does not exist. (Typo?))
14:54:30.270 !!! [CE][offlineDB] :: Type 'bs_illuminati1' will be ignored. (Type does not exist. (Typo?))
14:54:30.270 !!! [CE][offlineDB] :: Type 'bs_johndenver' will be ignored. (Type does not exist. (Typo?))
14:54:30.270 !!! [CE][offlineDB] :: Type 'bs_joydivision' will be ignored. (Type does not exist. (Typo?))
14:54:30.270 !!! [CE][offlineDB] :: Type 'bs_nin' will be ignored. (Type does not exist. (Typo?))
14:54:30.270 !!! [CE][offlineDB] :: Type 'bs_zero' will be ignored. (Type does not exist. (Typo?))
14:54:30.270 !!! [CE][offlineDB] :: Type 'bs_volcom' will be ignored. (Type does not exist. (Typo?))
14:54:30.270 !!! [CE][offlineDB] :: Type 'bs_ironmaiden' will be ignored. (Type does not exist. (Typo?))
14:54:30.270 !!! [CE][offlineDB] :: Type 'bs_lateralus' will be ignored. (Type does not exist. (Typo?))
14:54:30.270 !!! [CE][offlineDB] :: Type 'bs_ledzeppelin' will be ignored. (Type does not exist. (Typo?))
14:54:30.270 !!! [CE][offlineDB] :: Type 'bs_nickcage' will be ignored. (Type does not exist. (Typo?))
14:54:30.270 !!! [CE][offlineDB] :: Type 'bs_opeth' will be ignored. (Type does not exist. (Typo?))
14:54:30.270 !!! [CE][offlineDB] :: Type 'bs_scarface' will be ignored. (Type does not exist. (Typo?))
14:54:30.270 !!! [CE][offlineDB] :: Type 'bs_syl' will be ignored. (Type does not exist. (Typo?))
14:54:30.270 !!! [CE][offlineDB] :: Type 'bs_tyrone' will be ignored. (Type does not exist. (Typo?))
14:54:30.270 !!! [CE][offlineDB] :: Type 'bs_worstshirt' will be ignored. (Type does not exist. (Typo?))
14:54:30.270 !!! [CE][offlineDB] :: Type 'MoreDoorVault' will be ignored. (Type does not exist. (Typo?))
14:54:30.270 !!! [CE][offlineDB] :: Type 'MoreDoorSmall' will be ignored. (Type does not exist. (Typo?))
14:54:30.270 !!! [CE][offlineDB] :: Type 'MoreDoorSmallShanty' will be ignored. (Type does not exist. (Typo?))
14:54:30.270 !!! [CE][offlineDB] :: Type 'MoreDoorSmallMetal' will be ignored. (Type does not exist. (Typo?))
14:54:30.270 !!! [CE][offlineDB] :: Type 'MoreDoorVaultKit' will be ignored. (Type does not exist. (Typo?))
14:54:30.270 !!! [CE][offlineDB] :: Type 'MoreDoorSmallKit' will be ignored. (Type does not exist. (Typo?))
14:54:30.270 !!! [CE][offlineDB] :: Type 'MoreDoorSmallMetalKit' will be ignored. (Type does not exist. (Typo?))
14:54:30.270 !!! [CE][offlineDB] :: Type 'MoreDoorSmallShantyKit' will be ignored. (Type does not exist. (Typo?))
14:54:30.270 !!! [CE][offlineDB] :: Type 'MoreDoorSafe' will be ignored. (Type does not exist. (Typo?))
14:54:30.270 !!! [CE][offlineDB] :: Type 'TacSatRadio' will be ignored. (Type does not exist. (Typo?))
14:54:30.272 !!! [CE][offlineDB] :: Wrong xml format of types file 'ModTypes/42MADocsGuns/types.xml'.
14:54:30.273 !!! [CE][offlineDB] :: Wrong xml format of types file 'ModTypes/42MADocsTextures/types.xml'.
14:54:30.275 !!! [CE][offlineDB] :: Type 'TacticalShirt_Forest' will be ignored. (Type does not exist. (Typo?))
14:54:30.276 !!! [CE][offlineDB] :: Type 'CargoPants_Forest' will be ignored. (Type does not exist. (Typo?))
14:54:30.276 !!! [CE][offlineDB] :: Type 'GorkaEJacket_Forest' will be ignored. (Type does not exist. (Typo?))
14:54:30.276 !!! [CE][offlineDB] :: Type 'GorkaPants_Black_Camo' will be ignored. (Type does not exist. (Typo?))
14:54:30.276 !!! [CE][offlineDB] :: Type 'GorkaPants_Black_Camo2' will be ignored. (Type does not exist. (Typo?))
14:54:30.276 !!! [CE][offlineDB] :: Type 'GorkaPants_ELRD_Camo' will be ignored. (Type does not exist. (Typo?))
14:54:30.276 !!! [CE][offlineDB] :: Type 'GorkaPants_Forest' will be ignored. (Type does not exist. (Typo?))
14:54:30.276 !!! [CE][offlineDB] :: Type 'GorkaPants_Green_Camo' will be ignored. (Type does not exist. (Typo?))
14:54:30.276 !!! [CE][offlineDB] :: Type 'GorkaPants_Orange_Camo' will be ignored. (Type does not exist. (Typo?))
14:54:30.276 !!! [CE][offlineDB] :: Type 'GorkaPants_Tigr_Camo' will be ignored. (Type does not exist. (Typo?))
14:54:30.276 !!! [CE][offlineDB] :: Type 'GorkaPants_Yellow_Camo' will be ignored. (Type does not exist. (Typo?))
14:54:30.276 !!! [CE][offlineDB] :: Type 'HuntingJacket_Forest' will be ignored. (Type does not exist. (Typo?))
14:54:30.276 !!! [CE][offlineDB] :: Type 'HunterPants_Forest' will be ignored. (Type does not exist. (Typo?))
14:54:30.276 !!! [CE][offlineDB] :: Type 'FirefighterJacket_Forest' will be ignored. (Type does not exist. (Typo?))
14:54:30.276 !!! [CE][offlineDB] :: Type 'AssaultBag_Forest' will be ignored. (Type does not exist. (Typo?))
14:54:30.276 !!! [CE][offlineDB] :: Type 'HuntingBag_Forest' will be ignored. (Type does not exist. (Typo?))
14:54:30.276 !!! [CE][offlineDB] :: Type 'MountainBag_Forest' will be ignored. (Type does not exist. (Typo?))
14:54:30.276 !!! [CE][offlineDB] :: Type 'TortillaBag_Forest' will be ignored. (Type does not exist. (Typo?))
14:54:30.276 !!! [CE][offlineDB] :: Type 'PlateCarrierVest_Forest' will be ignored. (Type does not exist. (Typo?))
14:54:30.276 !!! [CE][offlineDB] :: Type 'PlateCarrierPouches_Forest' will be ignored. (Type does not exist. (Typo?))
14:54:30.276 !!! [CE][offlineDB] :: Type 'PlateCarrierHolster_Forest' will be ignored. (Type does not exist. (Typo?))
14:54:30.276 !!! [CE][offlineDB] :: Type 'SmershVest_Forest' will be ignored. (Type does not exist. (Typo?))
14:54:30.276 !!! [CE][offlineDB] :: Type 'SmershBag_Forest' will be ignored. (Type does not exist. (Typo?))
14:54:30.276 !!! [CE][offlineDB] :: Type 'UKAssVest_Forest' will be ignored. (Type does not exist. (Typo?))
14:54:30.276 !!! [CE][offlineDB] :: Type 'PoliceVest_Forest' will be ignored. (Type does not exist. (Typo?))
14:54:30.276 !!! [CE][offlineDB] :: Type 'HighCapacityVest_Forest' will be ignored. (Type does not exist. (Typo?))
14:54:30.276 !!! [CE][offlineDB] :: Type 'Mich2001Helmet_Forest' will be ignored. (Type does not exist. (Typo?))
14:54:30.276 !!! [CE][offlineDB] :: Type 'DarkMotoHelmet_Forest' will be ignored. (Type does not exist. (Typo?))
14:54:30.276 !!! [CE][offlineDB] :: Type 'GorkaHelmet_Forest' will be ignored. (Type does not exist. (Typo?))
14:54:30.276 !!! [CE][offlineDB] :: Type 'BalaclavaMask_Forest' will be ignored. (Type does not exist. (Typo?))
14:54:30.276 !!! [CE][offlineDB] :: Type 'TacticalGloves_Forest' will be ignored. (Type does not exist. (Typo?))
14:54:30.276 !!! [CE][offlineDB] :: Type 'OMNOGloves_Forest' will be ignored. (Type does not exist. (Typo?))
14:54:30.276 !!! [CE][offlineDB] :: Type 'WorkingGloves_Forest' will be ignored. (Type does not exist. (Typo?))
14:54:30.284 !!! [CE][offlineDB] :: Type 'TWP_Glock19M' will be ignored. (Type does not exist. (Typo?))
14:54:30.284 !!! [CE][offlineDB] :: Type 'TWP_Glock19M_mag_15Rnd' will be ignored. (Type does not exist. (Typo?))
14:54:30.285 !!! [CE][offlineDB] :: Type 'TWP_SRGlock_mag_33Rnd' will be ignored. (Type does not exist. (Typo?))
14:54:30.285 !!! [CE][offlineDB] :: Type 'TWP_ACR' will be ignored. (Type does not exist. (Typo?))
14:54:30.285 !!! [CE][offlineDB] :: Type 'TWP_ACR_mag_30Rnd' will be ignored. (Type does not exist. (Typo?))
14:54:30.285 !!! [CE][offlineDB] :: Type 'TWP_FG42' will be ignored. (Type does not exist. (Typo?))
14:54:30.285 !!! [CE][offlineDB] :: Type 'TWP_FG42_mag_25Rnd' will be ignored. (Type does not exist. (Typo?))
14:54:30.286 !!! [CE][offlineDB] :: Type 'TWP_M16A3_mag_20Rnd' will be ignored. (Type does not exist. (Typo?))
14:54:30.286 !!! [CE][offlineDB] :: Type 'TWP_MK14_mag_30Rnd' will be ignored. (Type does not exist. (Typo?))
14:54:30.286 !!! [CE][offlineDB] :: Type 'TWP_MSBSGrotC' will be ignored. (Type does not exist. (Typo?))
14:54:30.286 !!! [CE][offlineDB] :: Type 'TWP_MSBSGrotC_mag_30Rnd' will be ignored. (Type does not exist. (Typo?))
14:54:30.286 !!! [CE][offlineDB] :: Type 'TWP_MSBSGrotBGold' will be ignored. (Type does not exist. (Typo?))
14:54:30.286 !!! [CE][offlineDB] :: Type 'TWP_MSBSGrotBGold_mag_30Rnd' will be ignored. (Type does not exist. (Typo?))
14:54:30.286 !!! [CE][offlineDB] :: Type 'ScarLKBlueCamo' will be ignored. (Type does not exist. (Typo?))
14:54:30.286 !!! [CE][offlineDB] :: Type 'ScarLKGreen' will be ignored. (Type does not exist. (Typo?))
14:54:30.286 !!! [CE][offlineDB] :: Type 'ScarLKGreenCamo' will be ignored. (Type does not exist. (Typo?))
14:54:30.286 !!! [CE][offlineDB] :: Type 'ScarLKTan' will be ignored. (Type does not exist. (Typo?))
14:54:30.286 !!! [CE][offlineDB] :: Type 'TWP_SG553_mag_30Rnd' will be ignored. (Type does not exist. (Typo?))
14:54:30.286 !!! [CE][offlineDB] :: Type 'TWP_PumpkinHead' will be ignored. (Type does not exist. (Typo?))
14:54:30.287 !!! [CE][offlineDB] :: Type 'TWP_JasonMask' will be ignored. (Type does not exist. (Typo?))
14:54:30.287 !!! [CE][offlineDB] :: Type 'TWP_Covid19Head_Red' will be ignored. (Type does not exist. (Typo?))
14:54:30.287 !!! [CE][offlineDB] :: Type 'TWP_Covid19Head_Green' will be ignored. (Type does not exist. (Typo?))
14:54:30.287 !!! [CE][offlineDB] :: Type 'TWP_Covid19Head_Orange' will be ignored. (Type does not exist. (Typo?))
14:54:30.287 !!! [CE][offlineDB] :: Type 'TWP_Covid19Head_yellow' will be ignored. (Type does not exist. (Typo?))
14:54:30.290 !!! [CE][offlineDB] :: Type 'teddyhead_mung' will be ignored. (Type does not exist. (Typo?))
14:54:30.290 !!! [CE][offlineDB] :: Type 'mag3_gasmask_mung' will be ignored. (Type does not exist. (Typo?))
14:54:30.290 !!! [CE] :: Unknown usage: 'TempleCore'.
14:54:30.290 !!! [CE] :: Unknown usage: 'TempleCore'.
14:54:30.290 !!! [CE] :: Unknown usage: 'TempleCore'.
14:54:30.290 !!! [CE][offlineDB] :: Type 'stalker_gasmask_white_mung' will be ignored. (Type does not exist. (Typo?))
14:54:30.290 !!! [CE][offlineDB] :: Type 'stalker_gasmask_black_mung' will be ignored. (Type does not exist. (Typo?))
14:54:30.294 !!! [CE][offlineDB] :: Type 'geb_HookBobber1Bait' will be ignored. (Type does not exist. (Typo?))
14:54:30.294 !!! [CE][offlineDB] :: Type 'geb_HookBobber2Bait' will be ignored. (Type does not exist. (Typo?))
14:54:30.294 !!! [CE][offlineDB] :: Type 'geb_HookBobber3Bait' will be ignored. (Type does not exist. (Typo?))
14:54:30.294 !!! [CE][offlineDB] :: Type 'geb_HookBobber4Bait' will be ignored. (Type does not exist. (Typo?))
14:54:30.294 !!! [CE][offlineDB] :: Type 'geb_VanillaHookRubberWormBait' will be ignored. (Type does not exist. (Typo?))
14:54:30.294 !!! [CE][offlineDB] :: Type 'geb_VanillaHookGrubWormBait' will be ignored. (Type does not exist. (Typo?))
14:54:30.294 !!! [CE][offlineDB] :: Type 'geb_VanillaHookGrassHopperBait' will be ignored. (Type does not exist. (Typo?))
14:54:30.294 !!! [CE][offlineDB] :: Type 'geb_VanillaHookFieldCricketBait' will be ignored. (Type does not exist. (Typo?))
14:54:30.294 !!! [CE][offlineDB] :: Type 'geb_RedFishShirt' will be ignored. (Type does not exist. (Typo?))
14:54:30.295 !!! [CE][offlineDB] :: Type 'geb_GreenFishShirt' will be ignored. (Type does not exist. (Typo?))
14:54:30.295 !!! [CE][offlineDB] :: Type 'geb_BlueFishShirt' will be ignored. (Type does not exist. (Typo?))
14:54:30.295 !!! [CE][offlineDB] :: Type 'geb_PurpleFishShirt' will be ignored. (Type does not exist. (Typo?))
14:54:30.296 !!! [CE][offlineDB] :: Type 'CigarettePack_Chernamorka' will be ignored. (Type does not exist. (Typo?))
14:54:30.296 !!! [CE][offlineDB] :: Type 'CigarettePack_Merkur' will be ignored. (Type does not exist. (Typo?))
14:54:30.297 !!! [CE][offlineDB] :: Type 'CigarettePack_Partyzanka' will be ignored. (Type does not exist. (Typo?))
14:54:30.452 !!! [CE][DE][SPAWNS] :: [WARNING] :: Skipping entry for non-existing event 'VehicleTransitBus'.
14:54:30.452 !!! [CE][DE][SPAWNS] :: [WARNING] :: Skipping entry for non-existing event 'AnimalDeer'.
14:54:30.452 !!! [CE][DE][SPAWNS] :: [WARNING] :: Skipping entry for non-existing event 'AnimalCow'.
14:54:30.452 !!! [CE][DE][SPAWNS] :: [WARNING] :: Skipping entry for non-existing event 'AnimalSheep'.
14:54:30.453 !!! [CE][DE][SPAWNS] :: [WARNING] :: Skipping entry for non-existing event 'AnimalRoeDeer'.
14:54:30.453 !!! [CE][DE][SPAWNS] :: [WARNING] :: Skipping entry for non-existing event 'AnimalWildBoar'.
14:54:30.453 [CE][DE][SPAWNS] :: Total positions: 713
14:54:30.453 [CE][DE][GROUPS] :: Total eventgroups defined: 83, Eventgroups in use: 0
14:54:30.453 [CE][Storage] ver:21 stamp:601, valid:yes, name:"C:\Users\rylic\OneDrive\Desktop\Expansion-Dev-Server-Deer-Isle\mpmissions\empty.deerisle\storage_1\data\events.bin"
14:54:30.454 [CE][Storage] ver:21 stamp:479, valid:yes, name:"C:\Users\rylic\OneDrive\Desktop\Expansion-Dev-Server-Deer-Isle\mpmissions\empty.deerisle\storage_1\data\events.001"
14:54:30.454 [CE][Storage] ver:21 stamp:480, valid:yes, name:"C:\Users\rylic\OneDrive\Desktop\Expansion-Dev-Server-Deer-Isle\mpmissions\empty.deerisle\storage_1\data\events.002"
14:54:30.454 [CE][Storage] Restoring file "C:\Users\rylic\OneDrive\Desktop\Expansion-Dev-Server-Deer-Isle\mpmissions\empty.deerisle\storage_1\data\events.bin".
14:54:30.454 [CE][DynamicEvent] Load  Events:[62] Primary spawners: 62 Secondary spawners: 2
14:54:30.455 [CE][Storage] ver:25 stamp:601, valid:yes, name:"C:\Users\rylic\OneDrive\Desktop\Expansion-Dev-Server-Deer-Isle\mpmissions\empty.deerisle\storage_1\data\dynamic_000.bin"
14:54:30.456 [CE][Storage] ver:25 stamp:479, valid:yes, name:"C:\Users\rylic\OneDrive\Desktop\Expansion-Dev-Server-Deer-Isle\mpmissions\empty.deerisle\storage_1\data\dynamic_000.001"
14:54:30.456 [CE][Storage] ver:25 stamp:480, valid:yes, name:"C:\Users\rylic\OneDrive\Desktop\Expansion-Dev-Server-Deer-Isle\mpmissions\empty.deerisle\storage_1\data\dynamic_000.002"
14:54:30.456 [CE][Storage] Restoring file "C:\Users\rylic\OneDrive\Desktop\Expansion-Dev-Server-Deer-Isle\mpmissions\empty.deerisle\storage_1\data\dynamic_000.bin" 1757 items.
14:54:31.418   1757 items loaded. (0 failed)
14:54:31.419 [CE][Storage] ver:25 stamp:601, valid:yes, name:"C:\Users\rylic\OneDrive\Desktop\Expansion-Dev-Server-Deer-Isle\mpmissions\empty.deerisle\storage_1\data\dynamic_001.bin"
14:54:31.419 [CE][Storage] ver:25 stamp:479, valid:yes, name:"C:\Users\rylic\OneDrive\Desktop\Expansion-Dev-Server-Deer-Isle\mpmissions\empty.deerisle\storage_1\data\dynamic_001.001"
14:54:31.419 [CE][Storage] ver:25 stamp:480, valid:yes, name:"C:\Users\rylic\OneDrive\Desktop\Expansion-Dev-Server-Deer-Isle\mpmissions\empty.deerisle\storage_1\data\dynamic_001.002"
14:54:31.419 [CE][Storage] Restoring file "C:\Users\rylic\OneDrive\Desktop\Expansion-Dev-Server-Deer-Isle\mpmissions\empty.deerisle\storage_1\data\dynamic_001.bin" 1338 items.
14:54:32.87   1338 items loaded. (0 failed)
14:54:32.88 [CE][Storage] ver:25 stamp:601, valid:yes, name:"C:\Users\rylic\OneDrive\Desktop\Expansion-Dev-Server-Deer-Isle\mpmissions\empty.deerisle\storage_1\data\dynamic_002.bin"
14:54:32.88 [CE][Storage] ver:25 stamp:479, valid:yes, name:"C:\Users\rylic\OneDrive\Desktop\Expansion-Dev-Server-Deer-Isle\mpmissions\empty.deerisle\storage_1\data\dynamic_002.001"
14:54:32.88 [CE][Storage] ver:25 stamp:480, valid:yes, name:"C:\Users\rylic\OneDrive\Desktop\Expansion-Dev-Server-Deer-Isle\mpmissions\empty.deerisle\storage_1\data\dynamic_002.002"
14:54:32.88 [CE][Storage] Restoring file "C:\Users\rylic\OneDrive\Desktop\Expansion-Dev-Server-Deer-Isle\mpmissions\empty.deerisle\storage_1\data\dynamic_002.bin" 1706 items.
14:54:32.949   1706 items loaded. (0 failed)
14:54:32.950 [CE][Storage] ver:25 stamp:601, valid:yes, name:"C:\Users\rylic\OneDrive\Desktop\Expansion-Dev-Server-Deer-Isle\mpmissions\empty.deerisle\storage_1\data\dynamic_003.bin"
14:54:32.950 [CE][Storage] ver:25 stamp:479, valid:yes, name:"C:\Users\rylic\OneDrive\Desktop\Expansion-Dev-Server-Deer-Isle\mpmissions\empty.deerisle\storage_1\data\dynamic_003.001"
14:54:32.950 [CE][Storage] ver:25 stamp:480, valid:yes, name:"C:\Users\rylic\OneDrive\Desktop\Expansion-Dev-Server-Deer-Isle\mpmissions\empty.deerisle\storage_1\data\dynamic_003.002"
14:54:32.950 [CE][Storage] Restoring file "C:\Users\rylic\OneDrive\Desktop\Expansion-Dev-Server-Deer-Isle\mpmissions\empty.deerisle\storage_1\data\dynamic_003.bin" 1861 items.
14:54:33.616   1861 items loaded. (0 failed)
14:54:33.617 [CE][Storage] ver:25 stamp:601, valid:yes, name:"C:\Users\rylic\OneDrive\Desktop\Expansion-Dev-Server-Deer-Isle\mpmissions\empty.deerisle\storage_1\data\dynamic_004.bin"
14:54:33.617 [CE][Storage] ver:25 stamp:479, valid:yes, name:"C:\Users\rylic\OneDrive\Desktop\Expansion-Dev-Server-Deer-Isle\mpmissions\empty.deerisle\storage_1\data\dynamic_004.001"
14:54:33.617 [CE][Storage] ver:25 stamp:480, valid:yes, name:"C:\Users\rylic\OneDrive\Desktop\Expansion-Dev-Server-Deer-Isle\mpmissions\empty.deerisle\storage_1\data\dynamic_004.002"
14:54:33.617 [CE][Storage] Restoring file "C:\Users\rylic\OneDrive\Desktop\Expansion-Dev-Server-Deer-Isle\mpmissions\empty.deerisle\storage_1\data\dynamic_004.bin" 2922 items.
14:54:34.657   2922 items loaded. (0 failed)
14:54:34.657 [CE][Storage] ver:25 stamp:601, valid:yes, name:"C:\Users\rylic\OneDrive\Desktop\Expansion-Dev-Server-Deer-Isle\mpmissions\empty.deerisle\storage_1\data\dynamic_005.bin"
14:54:34.658 [CE][Storage] ver:25 stamp:479, valid:yes, name:"C:\Users\rylic\OneDrive\Desktop\Expansion-Dev-Server-Deer-Isle\mpmissions\empty.deerisle\storage_1\data\dynamic_005.001"
14:54:34.658 [CE][Storage] ver:25 stamp:480, valid:yes, name:"C:\Users\rylic\OneDrive\Desktop\Expansion-Dev-Server-Deer-Isle\mpmissions\empty.deerisle\storage_1\data\dynamic_005.002"
14:54:34.658 [CE][Storage] Restoring file "C:\Users\rylic\OneDrive\Desktop\Expansion-Dev-Server-Deer-Isle\mpmissions\empty.deerisle\storage_1\data\dynamic_005.bin" 2735 items.
14:54:35.694   2735 items loaded. (0 failed)
14:54:35.695 [CE][Storage] ver:25 stamp:601, valid:yes, name:"C:\Users\rylic\OneDrive\Desktop\Expansion-Dev-Server-Deer-Isle\mpmissions\empty.deerisle\storage_1\data\dynamic_006.bin"
14:54:35.696 [CE][Storage] ver:25 stamp:479, valid:yes, name:"C:\Users\rylic\OneDrive\Desktop\Expansion-Dev-Server-Deer-Isle\mpmissions\empty.deerisle\storage_1\data\dynamic_006.001"
14:54:35.696 [CE][Storage] ver:25 stamp:480, valid:yes, name:"C:\Users\rylic\OneDrive\Desktop\Expansion-Dev-Server-Deer-Isle\mpmissions\empty.deerisle\storage_1\data\dynamic_006.002"
14:54:35.696 [CE][Storage] Restoring file "C:\Users\rylic\OneDrive\Desktop\Expansion-Dev-Server-Deer-Isle\mpmissions\empty.deerisle\storage_1\data\dynamic_006.bin" 2265 items.
14:54:36.542   2265 items loaded. (0 failed)
14:54:36.544 [CE][Storage] ver:25 stamp:601, valid:yes, name:"C:\Users\rylic\OneDrive\Desktop\Expansion-Dev-Server-Deer-Isle\mpmissions\empty.deerisle\storage_1\data\dynamic_007.bin"
14:54:36.545 [CE][Storage] ver:25 stamp:479, valid:yes, name:"C:\Users\rylic\OneDrive\Desktop\Expansion-Dev-Server-Deer-Isle\mpmissions\empty.deerisle\storage_1\data\dynamic_007.001"
14:54:36.545 [CE][Storage] ver:25 stamp:480, valid:yes, name:"C:\Users\rylic\OneDrive\Desktop\Expansion-Dev-Server-Deer-Isle\mpmissions\empty.deerisle\storage_1\data\dynamic_007.002"
14:54:36.545 [CE][Storage] Restoring file "C:\Users\rylic\OneDrive\Desktop\Expansion-Dev-Server-Deer-Isle\mpmissions\empty.deerisle\storage_1\data\dynamic_007.bin" 1999 items.
14:54:37.299   1999 items loaded. (0 failed)
14:54:37.300 [CE][Storage] ver:25 stamp:601, valid:yes, name:"C:\Users\rylic\OneDrive\Desktop\Expansion-Dev-Server-Deer-Isle\mpmissions\empty.deerisle\storage_1\data\dynamic_008.bin"
14:54:37.300 [CE][Storage] ver:25 stamp:479, valid:yes, name:"C:\Users\rylic\OneDrive\Desktop\Expansion-Dev-Server-Deer-Isle\mpmissions\empty.deerisle\storage_1\data\dynamic_008.001"
14:54:37.300 [CE][Storage] ver:25 stamp:480, valid:yes, name:"C:\Users\rylic\OneDrive\Desktop\Expansion-Dev-Server-Deer-Isle\mpmissions\empty.deerisle\storage_1\data\dynamic_008.002"
14:54:37.300 [CE][Storage] Restoring file "C:\Users\rylic\OneDrive\Desktop\Expansion-Dev-Server-Deer-Isle\mpmissions\empty.deerisle\storage_1\data\dynamic_008.bin" 747 items.
14:54:37.596   747 items loaded. (0 failed)
14:54:37.596 [CE][Storage] ver:25 stamp:601, valid:yes, name:"C:\Users\rylic\OneDrive\Desktop\Expansion-Dev-Server-Deer-Isle\mpmissions\empty.deerisle\storage_1\data\dynamic_009.bin"
14:54:37.597 [CE][Storage] ver:25 stamp:479, valid:yes, name:"C:\Users\rylic\OneDrive\Desktop\Expansion-Dev-Server-Deer-Isle\mpmissions\empty.deerisle\storage_1\data\dynamic_009.001"
14:54:37.597 [CE][Storage] ver:25 stamp:480, valid:yes, name:"C:\Users\rylic\OneDrive\Desktop\Expansion-Dev-Server-Deer-Isle\mpmissions\empty.deerisle\storage_1\data\dynamic_009.002"
14:54:37.597 [CE][Storage] Restoring file "C:\Users\rylic\OneDrive\Desktop\Expansion-Dev-Server-Deer-Isle\mpmissions\empty.deerisle\storage_1\data\dynamic_009.bin" 1107 items.
14:54:38.122   1107 items loaded. (0 failed)
14:54:38.123 [CE][Storage] ver:25 stamp:601, valid:yes, name:"C:\Users\rylic\OneDrive\Desktop\Expansion-Dev-Server-Deer-Isle\mpmissions\empty.deerisle\storage_1\data\dynamic_010.bin"
14:54:38.123 [CE][Storage] ver:25 stamp:479, valid:yes, name:"C:\Users\rylic\OneDrive\Desktop\Expansion-Dev-Server-Deer-Isle\mpmissions\empty.deerisle\storage_1\data\dynamic_010.001"
14:54:38.124 [CE][Storage] ver:25 stamp:480, valid:yes, name:"C:\Users\rylic\OneDrive\Desktop\Expansion-Dev-Server-Deer-Isle\mpmissions\empty.deerisle\storage_1\data\dynamic_010.002"
14:54:38.124 [CE][Storage] Restoring file "C:\Users\rylic\OneDrive\Desktop\Expansion-Dev-Server-Deer-Isle\mpmissions\empty.deerisle\storage_1\data\dynamic_010.bin" 758 items.
14:54:38.453   758 items loaded. (0 failed)
14:54:38.453 [CE][Storage] ver:25 stamp:601, valid:yes, name:"C:\Users\rylic\OneDrive\Desktop\Expansion-Dev-Server-Deer-Isle\mpmissions\empty.deerisle\storage_1\data\dynamic_011.bin"
14:54:38.453 [CE][Storage] ver:25 stamp:479, valid:yes, name:"C:\Users\rylic\OneDrive\Desktop\Expansion-Dev-Server-Deer-Isle\mpmissions\empty.deerisle\storage_1\data\dynamic_011.001"
14:54:38.454 [CE][Storage] ver:25 stamp:480, valid:yes, name:"C:\Users\rylic\OneDrive\Desktop\Expansion-Dev-Server-Deer-Isle\mpmissions\empty.deerisle\storage_1\data\dynamic_011.002"
14:54:38.454 [CE][Storage] Restoring file "C:\Users\rylic\OneDrive\Desktop\Expansion-Dev-Server-Deer-Isle\mpmissions\empty.deerisle\storage_1\data\dynamic_011.bin" 445 items.
14:54:38.692   445 items loaded. (0 failed)
14:54:38.692 [CE][Storage] ver:26 stamp:601, valid:yes, name:"C:\Users\rylic\OneDrive\Desktop\Expansion-Dev-Server-Deer-Isle\mpmissions\empty.deerisle\storage_1\data\building.bin"
14:54:38.692 [CE][Storage] ver:26 stamp:479, valid:yes, name:"C:\Users\rylic\OneDrive\Desktop\Expansion-Dev-Server-Deer-Isle\mpmissions\empty.deerisle\storage_1\data\building.001"
14:54:38.693 [CE][Storage] ver:26 stamp:480, valid:yes, name:"C:\Users\rylic\OneDrive\Desktop\Expansion-Dev-Server-Deer-Isle\mpmissions\empty.deerisle\storage_1\data\building.002"
14:54:38.693 [CE][Storage] Restoring file "C:\Users\rylic\OneDrive\Desktop\Expansion-Dev-Server-Deer-Isle\mpmissions\empty.deerisle\storage_1\data\building.bin" 0 items.
14:54:38.693   0 items loaded. (0 failed)
14:54:38.693 [CE][Storage] ver:25 stamp:601, valid:yes, name:"C:\Users\rylic\OneDrive\Desktop\Expansion-Dev-Server-Deer-Isle\mpmissions\empty.deerisle\storage_1\data\vehicles.bin"
14:54:38.693 [CE][Storage] ver:25 stamp:479, valid:yes, name:"C:\Users\rylic\OneDrive\Desktop\Expansion-Dev-Server-Deer-Isle\mpmissions\empty.deerisle\storage_1\data\vehicles.001"
14:54:38.694 [CE][Storage] ver:25 stamp:480, valid:yes, name:"C:\Users\rylic\OneDrive\Desktop\Expansion-Dev-Server-Deer-Isle\mpmissions\empty.deerisle\storage_1\data\vehicles.002"
14:54:38.694 [CE][Storage] Restoring file "C:\Users\rylic\OneDrive\Desktop\Expansion-Dev-Server-Deer-Isle\mpmissions\empty.deerisle\storage_1\data\vehicles.bin" 116 items.
14:54:39.436   116 items loaded. (0 failed)
14:54:39.458 [CE][Hive] :: Storage load took:9.00 seconds, recovery stamp:601
14:54:39.458   entity: 21099, building: 0
14:54:39.458   no lifetime: 37
14:54:39.458   ignored: 39
14:54:39.458   pathgraph's: 447
14:54:39.459 [CE][Hive] :: Initializing ... 
14:54:39.495 [CE][InitializeMap] :: initialized: 0
14:54:39.495 [CE][Hive] :: Initializing spawners ... 
14:54:39.570 [CE][LootRespawner] (PRIDummy) :: Initially (re)spawned:0, Nominal:20727, Total in Map: 20319 at 0 (sec)
14:54:39.570   tests:0, repeats:0 fails:0, overtime:0
14:54:39.600 [CE][AnimalRespawner] (PRICrab) :: !!! Missing AI Template "HerdCrab" for DE: "AnimalCrab"
14:54:39.600 [CE][DynEvent] :: 62 types
14:54:39.600 [00] AmbientHen
14:54:39.600   Primary Spawner: "Ambient", active: yes, repeat: 1
14:54:39.600 [01] AmbientBear
14:54:39.600   Primary Spawner: "Ambient", active: yes, repeat: 1
14:54:39.600 [02] AmbientPolarbear
14:54:39.600   Primary Spawner: "Ambient", active: yes, repeat: 1
14:54:39.600 [03] AmbientCow
14:54:39.600   Primary Spawner: "Ambient", active: yes, repeat: 1
14:54:39.601 [04] AmbientDeer
14:54:39.601   Primary Spawner: "Ambient", active: yes, repeat: 1
14:54:39.601 [05] AmbientGoat
14:54:39.601   Primary Spawner: "Ambient", active: yes, repeat: 1
14:54:39.601 [06] AmbientPig
14:54:39.601   Primary Spawner: "Ambient", active: yes, repeat: 1
14:54:39.601 [07] AmbientRoeDeer
14:54:39.601   Primary Spawner: "Ambient", active: yes, repeat: 1
14:54:39.601 [08] AmbientSheep
14:54:39.601   Primary Spawner: "Ambient", active: yes, repeat: 1
14:54:39.601 [09] AmbientWildBoar
14:54:39.601   Primary Spawner: "Ambient", active: yes, repeat: 1
14:54:39.601 [10] AnimalWolf
14:54:39.601   Primary Spawner: "Animal", active: yes, repeat: 1
14:54:39.601 [11] AnimalArcticWolf
14:54:39.601   Primary Spawner: "Animal", active: yes, repeat: 1
14:54:39.601 [12] InfectedArmy
14:54:39.601   Primary Spawner: "Infected", active: yes, repeat: 1
14:54:39.601 [13] InfectedArmyHard
14:54:39.601   Primary Spawner: "Infected", active: yes, repeat: 1
14:54:39.601 [14] InfectedArmyHardJMC
14:54:39.601   Primary Spawner: "Infected", active: yes, repeat: 1
14:54:39.601 [15] InfectedArmyHardJMCWinter
14:54:39.601   Primary Spawner: "Infected", active: yes, repeat: 1
14:54:39.601 [16] InfectedCity
14:54:39.601   Primary Spawner: "Infected", active: yes, repeat: 1
14:54:39.601 [17] InfectedFirefighter
14:54:39.601   Primary Spawner: "Infected", active: yes, repeat: 1
14:54:39.601 [18] InfectedIndustrial
14:54:39.601   Primary Spawner: "Infected", active: yes, repeat: 1
14:54:39.601 [19] InfectedMedic
14:54:39.601   Primary Spawner: "Infected", active: yes, repeat: 1
14:54:39.601 [20] InfectedNBC
14:54:39.601   Primary Spawner: "Infected", active: yes, repeat: 1
14:54:39.601 [21] InfectedNBCYellow
14:54:39.601   Primary Spawner: "Infected", active: yes, repeat: 1
14:54:39.601 [22] InfectedPolice
14:54:39.601   Primary Spawner: "Infected", active: yes, repeat: 1
14:54:39.601 [23] InfectedPoliceHard
14:54:39.601   Primary Spawner: "Infected", active: yes, repeat: 1
14:54:39.601 [24] InfectedPrisoner
14:54:39.601   Primary Spawner: "Infected", active: yes, repeat: 1
14:54:39.601 [25] InfectedReligious
14:54:39.601   Primary Spawner: "Infected", active: yes, repeat: 1
14:54:39.601 [26] InfectedSolitude
14:54:39.601   Primary Spawner: "Infected", active: yes, repeat: 1
14:54:39.601 [27] InfectedVillage
14:54:39.601   Primary Spawner: "Infected", active: yes, repeat: 1
14:54:39.601 [28] ItemPlanks
14:54:39.601   Primary Spawner: "Item", active: yes, repeat: 1
14:54:39.601 [29] Loot
14:54:39.601   Primary Spawner: "Loot", active: yes, repeat: 2
14:54:39.601 [30] StaticContaminatedArea
14:54:39.601   Primary Spawner: "Static", active: yes, repeat: 1
14:54:39.601 [31] StaticHeliCrash
14:54:39.601   Primary Spawner: "Static", active: yes, repeat: 1
14:54:39.601   Secondary Spawner: "Infected", active: yes, repeat: 1
14:54:39.601 [32] StaticPoliceCar
14:54:39.601   Primary Spawner: "Static", active: yes, repeat: 1
14:54:39.601   Secondary Spawner: "Infected", active: yes, repeat: 1
14:54:39.601 [33] TrajectoryApple
14:54:39.601   Primary Spawner: "Trajectory", active: yes, repeat: 1
14:54:39.601 [34] TrajectoryConiferous
14:54:39.601   Primary Spawner: "Trajectory", active: yes, repeat: 1
14:54:39.601 [35] TrajectoryDeciduous
14:54:39.601   Primary Spawner: "Trajectory", active: yes, repeat: 1
14:54:39.601 [36] TrajectoryHumus
14:54:39.601   Primary Spawner: "Trajectory", active: yes, repeat: 1
14:54:39.601 [37] TrajectoryPear
14:54:39.601   Primary Spawner: "Trajectory", active: yes, repeat: 1
14:54:39.601 [38] TrajectoryPlum
14:54:39.601   Primary Spawner: "Trajectory", active: yes, repeat: 1
14:54:39.601 [39] TrajectoryStones
14:54:39.601   Primary Spawner: "Trajectory", active: yes, repeat: 1
14:54:39.601 [40] VehicleCivilianSedan
14:54:39.601   Primary Spawner: "Vehicle", active: yes, repeat: 1
14:54:39.601 [41] VehicleHatchback02
14:54:39.601   Primary Spawner: "Vehicle", active: yes, repeat: 1
14:54:39.601 [42] VehicleOffroadHatchback
14:54:39.601   Primary Spawner: "Vehicle", active: yes, repeat: 1
14:54:39.601 [43] VehicleSedan02
14:54:39.601   Primary Spawner: "Vehicle", active: yes, repeat: 1
14:54:39.601 [44] VehicleTruck01
14:54:39.601   Primary Spawner: "Vehicle", active: yes, repeat: 1
14:54:39.601 [45] StaticVanPinkies
14:54:39.601   Primary Spawner: "Static", active: yes, repeat: 1
14:54:39.601 [46] StaticVanAmbulance
14:54:39.601   Primary Spawner: "Static", active: yes, repeat: 1
14:54:39.601 [47] StaticSkeletonEventspawn
14:54:39.601   Primary Spawner: "Static", active: yes, repeat: 1
14:54:39.601 [48] StaticPlantFernA
14:54:39.601   Primary Spawner: "Static", active: yes, repeat: 1
14:54:39.601 [49] StaticPlantFernB
14:54:39.601   Primary Spawner: "Static", active: yes, repeat: 1
14:54:39.601 [50] StaticPlantFernC
14:54:39.601   Primary Spawner: "Static", active: yes, repeat: 1
14:54:39.601 [51] AnimalCrab
14:54:39.601   Primary Spawner: "Animal", active: yes, repeat: 1
14:54:39.601 [52] VehicleUAZ
14:54:39.601   Primary Spawner: "Vehicle", active: yes, repeat: 1
14:54:39.601 [53] VehicleVodnik
14:54:39.601   Primary Spawner: "Vehicle", active: yes, repeat: 1
14:54:39.601 [54] VehicleBus
14:54:39.601   Primary Spawner: "Vehicle", active: yes, repeat: 1
14:54:39.601 [55] VehicleTractor
14:54:39.602   Primary Spawner: "Vehicle", active: yes, repeat: 1
14:54:39.602 [56] VehicleMH6Helicopter
14:54:39.602   Primary Spawner: "Vehicle", active: yes, repeat: 1
14:54:39.602 [57] VehicleMerlinHelicopter
14:54:39.602   Primary Spawner: "Vehicle", active: yes, repeat: 1
14:54:39.602 [58] VehicleUh1hHelicopter
14:54:39.602   Primary Spawner: "Vehicle", active: yes, repeat: 1
14:54:39.602 [59] VehicleGyroHelicopter
14:54:39.602   Primary Spawner: "Vehicle", active: yes, repeat: 1
14:54:39.602 [60] VehicleUtilityBoat
14:54:39.602   Primary Spawner: "Vehicle", active: yes, repeat: 1
14:54:39.602 [61] VehicleZodiacBoat
14:54:39.602   Primary Spawner: "Vehicle", active: yes, repeat: 1
14:54:39.602 [CE][Hive] :: Initializing of spawners done.
14:54:39.616 [CE][Hive] :: Init sequence finished.
14:54:39.616 Player connect enabled
14:54:40.902 [IdleMode] Entering IN - save processed
14:57:45.162 [Login]: Adding player Bunker (22695285) to login queue at position 0
14:57:45.162 [LoginMachine]: Add player Bunker (22695285 10.0.0.59:2316)
14:57:45.162 [StateMachine]: Player Bunker (dpnid 22695285 uid ) Entering AuthPlayerLoginState
14:57:48.694 [IdleMode] Leaving OUT
14:57:49.41 [StateMachine]: Player Bunker (dpnid 22695285 uid ) Entering WaitAuthPlayerLoginState
14:57:51.113 Player Bunker connected (id=BlCTbSRV5QYaEKP-S_Hg4CG7zCAg90tKLTciEKHy8Pc=).
14:57:51.113 Player "Bunker" is connected (steamID=76561199112746320)
14:57:51.113 [StateMachine]: Player Bunker (dpnid 22695285 uid ) Entering WaitPlayerAssignedLoginState
14:57:51.732 [StateMachine]: Player Bunker (dpnid 22695285 uid BlCTbSRV5QYaEKP-S_Hg4CG7zCAg90tKLTciEKHy8Pc=) Entering DBGetLoginTimeLoginState
14:57:51.733 [StateMachine]: Player Bunker (dpnid 22695285 uid BlCTbSRV5QYaEKP-S_Hg4CG7zCAg90tKLTciEKHy8Pc=) Entering DBWaitLoginTimeLoginState
14:57:56.733 [StateMachine]: Player Bunker (dpnid 22695285 uid BlCTbSRV5QYaEKP-S_Hg4CG7zCAg90tKLTciEKHy8Pc=) Entering DBGetCharacterLoginState
14:57:56.734 [StateMachine]: Player Bunker (dpnid 22695285 uid BlCTbSRV5QYaEKP-S_Hg4CG7zCAg90tKLTciEKHy8Pc=) Entering CreateNetObjectsLoginState
14:57:56.737 [StateMachine]: Player Bunker (dpnid 22695285 uid BlCTbSRV5QYaEKP-S_Hg4CG7zCAg90tKLTciEKHy8Pc=) Entering PreloadCamLoginState
14:57:56.737 [StateMachine]: Player Bunker (dpnid 22695285 uid BlCTbSRV5QYaEKP-S_Hg4CG7zCAg90tKLTciEKHy8Pc=) Entering WaitPreloadCamLoginState
14:58:05.297 [StateMachine]: Player Bunker (dpnid 22695285 uid BlCTbSRV5QYaEKP-S_Hg4CG7zCAg90tKLTciEKHy8Pc=) Entering GetLoadedCharLoginState
14:58:05.338 <LOAD EXISTING CHAR>:
    charID 1
    playerID 1
    dpnid 22695285
    uid BlCTbSRV5QYaEKP-S_Hg4CG7zCAg90tKLTciEKHy8Pc=
14:58:10.846 [CE][LootRespawner] (PRIDummy) :: Item [0] causing search overtime: "Mag_Expansion_M9_15Rnd"
14:58:10.945 [CE][LootRespawner] (PRIDummy) :: Item [1] causing search overtime: "Expansion_Taser_Yellow"
14:58:11.45 [CE][LootRespawner] (PRIDummy) :: Item [2] causing search overtime: "Mag_Expansion_Taser"
14:58:11.247 [CE][LootRespawner] (PRIDummy) :: Item [3] causing search overtime: "ExpansionHelipadKit"
14:58:11.446 [CE][LootRespawner] (PRIDummy) :: Item [4] causing search overtime: "ExpansionHescoKit"
14:58:11.546 [CE][LootRespawner] (PRIDummy) :: Item [5] causing search overtime: "ExpansionCamoTentKit"
14:58:11.645 [CE][LootRespawner] (PRIDummy) :: Item [6] causing search overtime: "ExpansionCamoBoxKit"
14:58:11.745 [CE][LootRespawner] (PRIDummy) :: Item [7] causing search overtime: "ExpansionBarrierGateKit"
14:58:11.845 [CE][LootRespawner] (PRIDummy) :: Item [0] is hard to place, performance drops: "Expansion_M9"
14:58:11.846 [CE][LootRespawner] (PRIDummy) :: Item [1] is hard to place, performance drops: "Expansion_M9"
14:58:11.846 [CE][LootRespawner] (PRIDummy) :: Item [2] is hard to place, performance drops: "Expansion_M9"
14:58:11.846 [CE][LootRespawner] (PRIDummy) :: Item [8] causing search overtime: "Expansion_M9"
14:58:11.945 [CE][LootRespawner] (PRIDummy) :: Item [9] causing search overtime: "geb_BigGameFishingline"
14:58:12.46 [CE][LootRespawner] (PRIDummy) :: Item [10] causing search overtime: "geb_FlyFishingLine"
14:58:12.145 [CE][LootRespawner] (PRIDummy) :: Item [11] causing search overtime: "geb_SaltwaterFishingLine"
14:58:12.545 [CE][LootRespawner] (PRIDummy) :: Item [12] causing search overtime: "Chestplate"
14:58:12.645 [CE][LootRespawner] (PRIDummy) :: Item [13] causing search overtime: "GhillieBushrag_Tan"
14:58:37.647 [CE][LootRespawner] (PRIDummy) :: Item [14] causing search overtime: "GhillieBushrag_Tan"
14:58:37.747 [CE][LootRespawner] (PRIDummy) :: Item [15] causing search overtime: "GhillieTop_Tan"
14:58:37.847 [CE][LootRespawner] (PRIDummy) :: Item [16] causing search overtime: "Sword"
14:58:37.947 [CE][LootRespawner] (PRIDummy) :: Item [17] causing search overtime: "Mace"
14:58:38.48 [CE][LootRespawner] (PRIDummy) :: Item [18] causing search overtime: "Chainmail"
14:58:38.147 [CE][LootRespawner] (PRIDummy) :: Item [19] causing search overtime: "Chainmail_Leggings"
14:58:39.459 !!! [CE][Point] Removing 7194.742188, 11600.756836 from Land_BusStation_wall_bench
14:58:40.647 [CE][VehicleRespawner] (PRIContaminatedArea) :: Initial random enabled for "StaticContaminatedArea" - Chosen nominal: 1
14:58:41.254 [CE][SpawnRandomLoot] (StaticPoliceCar) :: !!! No group configured for 'Land_Wreck_sed01_aban2_police', failed to spawn loot
14:58:41.263 [CE][SpawnRandomLoot] (StaticPoliceCar) :: !!! No group configured for 'Land_Wreck_sed01_aban1_police', failed to spawn loot
14:58:41.266 [CE][SpawnRandomLoot] (StaticPoliceCar) :: !!! No group configured for 'Land_Wreck_sed01_aban2_police', failed to spawn loot
14:58:41.273 [CE][SpawnRandomLoot] (StaticPoliceCar) :: !!! No group configured for 'Land_Wreck_sed01_aban2_police', failed to spawn loot
14:58:41.279 [CE][SpawnRandomLoot] (StaticPoliceCar) :: !!! No group configured for 'Land_Wreck_sed01_aban1_police', failed to spawn loot
14:59:05.48 !!! [CE][Point] Removing 7190.200195, 11587.917969 from Land_jmc_military_lootcase
14:59:05.247 [CE][LootRespawner] (PRIDummy) :: Item [3] is hard to place, performance drops: "PlateCarrierVest_Yellow_Camo"
14:59:05.462 !!! [CE][Point] Removing 7178.601563, 11668.685547 from Land_jmc_military_lootcase
14:59:05.548 !!! [CE][Point] Removing 7168.684082, 11588.274414 from Land_jmc_military_lootcase
14:59:07.847 !!! [CE][VehicleRespawner] (PRIHatchback02) :: Respawning: "VehicleHatchback02" - Failed to spawn the requested amount (0 < 1) within 3 attempts.
14:59:32.151 [CE][LootRespawner] (PRIDummy) :: Item [4] is hard to place, performance drops: "BalaclavaMask_Green_Camo"
14:59:35.51 !!! [CE][VehicleRespawner] (PRIUAZ) :: Respawning: "VehicleUAZ" - Failed to spawn the requested amount (0 < 2) within 6 attempts.
14:59:35.651 !!! [CE][VehicleRespawner] (PRIBus) :: Respawning: "VehicleBus" - Failed to spawn the requested amount (0 < 1) within 3 attempts.
14:59:35.951 !!! [CE][VehicleRespawner] (PRITractor) :: Respawning: "