=====================================================================
== C:\Users\rylic\OneDrive\Desktop\Expansion-Dev-Server\DayZServer_x64.exe
== DayZServer_x64.exe -cpuCount=4 -mod=@DeerIsle;@CF;@CommunityOnlineTools;@DabsFramework;@DayZExpansionLicensed;@DayZExpansionBundle; -config=serverDZ.cfg -port=2302 -noFilePatching -profiles=profiles -scrAllowFileWrite -adminlog
=====================================================================
Exe timestamp: 2024/01/01 17:40:38
Current time:  2024/01/05 14:34:24
Version 1.23.157045
=====================================================================

14:34:24.122 [Inputs] Loading inputs default "bin/constants.xml"
14:34:24.133 [Inputs] Loading inputs default "bin/specific.xml"
14:34:24.136 [Inputs] Loading inputs default "JM/COT/Scripts/Data/Inputs.xml"
14:34:24.137 [Inputs] Loading inputs default "deerisle/scripts/Inputs.xml"
14:34:24.137 [Inputs] Loading inputs default "DayZExpansion/Groups/Scripts/Data/Inputs.xml"
14:34:24.137 [Inputs] Loading inputs default "DayZExpansion/Navigation/Scripts/Data/Inputs.xml"
14:34:24.137 !!! [Inputs] Attempt to register duplicate exclusion group "chatexpansion"
14:34:24.137 [Inputs] Loading inputs default "DayZExpansion/PlayerList/Scripts/Data/Inputs.xml"
14:34:24.137 !!! [Inputs] Attempt to register duplicate exclusion group "chatexpansion"
14:34:24.138 [Inputs] Loading inputs default "DayZExpansion/Scripts/Data/Inputs.xml"
14:34:24.138 !!! [Inputs] Attempt to register duplicate exclusion group "chatexpansion"
14:34:24.138 [Inputs] Loading inputs default "DayZExpansion/Vehicles/Scripts/Data/Inputs.xml"
14:34:24.138 [Inputs] Loading inputs default "AdmiralsDivingMod/Scripts/Data/modded_Inputs.xml"
14:34:24.139 [Inputs] Loading inputs default "DayZExpansion/AI/Scripts/inputs.xml"
14:34:24.139 [Inputs] Loading inputs default "DayZExpansion/BaseBuilding/Scripts/Data/Inputs.xml"
14:34:24.139 !!! [Inputs] Attempt to register duplicate exclusion group "chatexpansion"
14:34:24.139 [Inputs] Loading inputs default "DayZExpansion/Book/Scripts/Data/Inputs.xml"
14:34:24.139 !!! [Inputs] Attempt to register duplicate exclusion group "chatexpansion"
14:34:24.139 [Inputs] Loading inputs default "DayZExpansion/Chat/Scripts/Data/Inputs.xml"
14:34:24.139 !!! [Inputs] Attempt to register duplicate exclusion group "chatexpansion"
14:34:24.140 [Inputs] Loading inputs default "DayZExpansion/Quests/Scripts/Data/Inputs.xml"
14:34:24.140 [Inputs] Loading inputs cfg "profiles\Users\Survivor\Server.core.xml"
14:34:24.140 !!! [Inputs] Cannot read inputs cfg "profiles\Users\Survivor\Server.core.xml", parser error
14:34:24.140 [Inputs] Loading inputs cfg "bin/core.xml"
14:34:24.140 !!! [Inputs] Cannot load input preset "#STR_USER", file does not exist
14:34:24.143 [Inputs] Exporting inputs cfg "profiles\Users\Survivor\Server.core.xml"
14:34:50.569 [CE][Hive] :: Initializing OFFLINE
14:34:50.569 [StorageDirs] :: Selected storage directory: C:\Users\rylic\OneDrive\Desktop\Expansion-Dev-Server\mpmissions\empty.deerisle\storage_1\
14:34:50.569 [CE][Hive] :: Loading core data ... 
14:34:50.578 [CE][CoreData] :: 7 root classes, 19 defaults, 0 updaters...
14:34:55.361 [CE] :: WARNING :: Preset map "optics" is EMPTY.
14:34:55.362 [CE][TypeSetup] :: 519 classes setuped...
14:34:56.476 [CE][RegisterBind] :: 0 classes binded...
14:34:56.476 [CE][RegisterConfig] :: 13067 config classes registered, 0 sub-counters...
14:34:56.476 [CE][Hive] :: Loading map data ... 
14:34:56.490 [CE][IgnoreList] "cfgignorelist.xml" :: loaded 19 types
14:34:56.633 !!! [CE] :: Unknown category: 'vehicleparts'.
14:34:56.633 !!! [CE] :: Unknown category: 'vehicleparts'.
14:34:56.633 !!! [CE] :: Unknown category: 'vehicleparts'.
14:34:56.633 !!! [CE] :: Unknown category: 'vehicleparts'.
14:34:56.633 !!! [CE] :: Unknown category: 'vehicleparts'.
14:34:56.633 !!! [CE] :: Unknown category: 'vehicleparts'.
14:34:56.633 !!! [CE] :: Unknown category: 'vehicleparts'.
14:34:56.633 !!! [CE] :: Unknown category: 'vehicleparts'.
14:34:56.633 !!! [CE] :: Unknown category: 'vehicleparts'.
14:34:56.633 !!! [CE] :: Unknown category: 'vehicleparts'.
14:34:56.633 !!! [CE] :: Unknown category: 'vehicleparts'.
14:34:56.633 !!! [CE] :: Unknown category: 'vehicleparts'.
14:34:56.633 !!! [CE] :: Unknown category: 'vehicleparts'.
14:34:56.633 !!! [CE] :: Unknown category: 'vehicleparts'.
14:34:56.633 !!! [CE] :: Unknown category: 'vehicleparts'.
14:34:56.633 !!! [CE] :: Unknown category: 'vehicleparts'.
14:34:56.633 !!! [CE] :: Unknown category: 'vehicleparts'.
14:34:56.633 !!! [CE] :: Unknown category: 'vehicleparts'.
14:34:56.633 !!! [CE] :: Unknown category: 'vehicleparts'.
14:34:56.633 !!! [CE] :: Unknown category: 'vehicleparts'.
14:34:56.633 !!! [CE] :: Unknown category: 'vehicleparts'.
14:34:56.633 !!! [CE] :: Unknown category: 'vehicleparts'.
14:34:56.633 !!! [CE] :: Unknown category: 'vehicleparts'.
14:34:56.633 !!! [CE] :: Unknown category: 'vehicleparts'.
14:34:56.633 !!! [CE] :: Unknown category: 'vehicleparts'.
14:34:56.633 !!! [CE] :: Unknown category: 'vehicleparts'.
14:34:56.633 !!! [CE] :: Unknown category: 'vehicleparts'.
14:34:56.634 !!! [CE] :: Unknown category: 'vehicleparts'.
14:34:56.634 !!! [CE] :: Unknown usage: 'Fortknox'.
14:34:56.634 !!! [CE] :: Unknown usage: 'Mine'.
14:34:56.634 !!! [CE] :: Unknown usage: 'Mine'.
14:34:56.634 !!! [CE] :: Unknown usage: 'Temple'.
14:34:56.635 [CE][LoadPrototype] :: loaded 550 prototypes
14:34:56.635   989 containers, 11581 points
14:34:56.635   79 dispatches, 316 proxies
14:34:56.635 !!! [CE][LoadPrototype] 4 groups have no points...
14:34:56.635 !!! [CE][LoadPrototype] 2 groups have wrong points...
14:34:56.635 !!! [CE][LoadPrototype] 2 groups were defined more than once and skipped...
14:34:56.635 [CE][LoadPrototype] :: last group name: Land_Underground_Storage_Workshop...
14:34:56.653 [CE][LoadPrototype] :: loaded 0 prototypes
14:34:56.653   55 containers, 232 points
14:34:56.653   0 dispatches, 0 proxies
14:34:56.653 [CE][LoadPrototype] :: last group name: Rail9...
14:35:05.184 [CE][LoadMap] "Group" :: loaded 10479 groups, groups failed: 0, largest group range: 34.1
14:35:05.194 [CE][LoadMap] "Dirt" :: loaded 0 groups, groups failed: 0, largest group range: 34.1
14:35:05.400 [CE][Links] found 2684 total links between groups, of 10479
14:35:05.400 [CE][LoadClusters] "Cluster" :: Loading files...
14:35:05.731 [CE][LoadClusters] :: file: "mapgroupcluster.xml", 9 types, 50000 instances
14:35:06.104 [CE][LoadClusters] :: file: "mapgroupcluster01", 9 types, 50000 instances
14:35:06.653 [CE][LoadClusters] :: file: "mapgroupcluster02", 9 types, 50000 instances
14:35:06.653   9790 failed - check prototype defaults 'clusterMatrix' setups !!!
14:35:07.05 [CE][LoadClusters] :: file: "mapgroupcluster03", 9 types, 50000 instances
14:35:07.06   6758 failed - check prototype defaults 'clusterMatrix' setups !!!
14:35:07.190 [CE][LoadClusters] :: file: "mapgroupcluster04", 9 types, 24035 instances
14:35:07.190   2081 failed - check prototype defaults 'clusterMatrix' setups !!!
14:35:07.212 [CE][Storage] ver:21 stamp:33, valid:yes, name:"C:\Users\rylic\OneDrive\Desktop\Expansion-Dev-Server\mpmissions\empty.deerisle\storage_1\data\types.bin"
14:35:07.227 [CE][Storage] ver:21 stamp:26, valid:yes, name:"C:\Users\rylic\OneDrive\Desktop\Expansion-Dev-Server\mpmissions\empty.deerisle\storage_1\data\types.001"
14:35:07.227 [CE][Storage] ver:0 stamp:0, valid:NO, name:"C:\Users\rylic\OneDrive\Desktop\Expansion-Dev-Server\mpmissions\empty.deerisle\storage_1\data\types.002"
14:35:07.227 [CE][Storage] Restoring file "C:\Users\rylic\OneDrive\Desktop\Expansion-Dev-Server\mpmissions\empty.deerisle\storage_1\data\types.bin".
14:35:07.363 !!! [CE][offlineDB] :: No Shutdown message present.
14:35:07.389 [CE][offlineDB] :: Loaded 52 dynamic events 261 total types.
14:35:07.494 !!! [CE][offlineDB] :: Type 'Bandage' will be ignored. (Type does not exist. (Typo?))
14:35:07.494 !!! [CE][offlineDB] :: Type 'BandanaMask_BlackPattern' will be ignored. (Type does not exist. (Typo?))
14:35:07.494 !!! [CE][offlineDB] :: Type 'BandanaMask_CamoPattern' will be ignored. (Type does not exist. (Typo?))
14:35:07.494 !!! [CE][offlineDB] :: Type 'BandanaMask_GreenPattern' will be ignored. (Type does not exist. (Typo?))
14:35:07.494 !!! [CE][offlineDB] :: Type 'BandanaMask_PolkaPattern' will be ignored. (Type does not exist. (Typo?))
14:35:07.494 !!! [CE][offlineDB] :: Type 'BandanaMask_RedPattern' will be ignored. (Type does not exist. (Typo?))
14:35:07.495 !!! [CE][offlineDB] :: Type 'ChristmasTree_Green' will be ignored. (Not spawnable. (Scope is not public?))
14:35:07.495 !!! [CE][offlineDB] :: Type 'ChristmasTree' will be ignored. (Not spawnable. (Scope is not public?))
14:35:07.495 !!! [CE][offlineDB] :: Type 'DallasMask' will be ignored. (Type does not exist. (Typo?))
14:35:07.495 !!! [CE][offlineDB] :: Type 'HoxtonMask' will be ignored. (Type does not exist. (Typo?))
14:35:07.495 !!! [CE][offlineDB] :: Type 'MountainBag_Red' will be ignored. (Type does not exist. (Typo?))
14:35:07.496 !!! [CE][offlineDB] :: Type 'SantasSleigh' will be ignored. (Type does not exist. (Typo?))
14:35:07.496 !!! [CE][offlineDB] :: Type 'SharpLongWoodenStick' will be ignored. (Type does not exist. (Typo?))
14:35:07.496 !!! [CE][offlineDB] :: Type 'Spear' will be ignored. (Not spawnable. (Scope is not public?))
14:35:07.496 !!! [CE][offlineDB] :: Type 'TransitBus' will be ignored. (Type does not exist. (Typo?))
14:35:07.496 !!! [CE][offlineDB] :: Type 'WitchHood_Chainmail_Black' will be ignored. (Type does not exist. (Typo?))
14:35:07.496 !!! [CE][offlineDB] :: Type 'WitchHood_Chainmail_Brown' will be ignored. (Type does not exist. (Typo?))
14:35:07.496 !!! [CE][offlineDB] :: Type 'WitchHood_Chainmail_Red' will be ignored. (Type does not exist. (Typo?))
14:35:07.496 !!! [CE][offlineDB] :: Type 'WolfMask' will be ignored. (Type does not exist. (Typo?))
14:35:07.496 !!! [CE][offlineDB] :: Type 'ttcelticaxe' will be ignored. (Type does not exist. (Typo?))
14:35:07.496 !!! [CE][offlineDB] :: Type 'tantosword' will be ignored. (Type does not exist. (Typo?))
14:35:07.497 !!! [CE][offlineDB] :: Type 'STAG_Flag_Gespiegelt' will be ignored. (Type does not exist. (Typo?))
14:35:07.497 !!! [CE][offlineDB] :: Type 'STAG_Clothing_MountainBag' will be ignored. (Type does not exist. (Typo?))
14:35:07.688 !!! [CE][DE][SPAWNS] :: [WARNING] :: Skipping entry for non-existing event 'VehicleTransitBus'.
14:35:07.688 !!! [CE][DE][SPAWNS] :: [WARNING] :: Skipping entry for non-existing event 'AnimalDeer'.
14:35:07.688 !!! [CE][DE][SPAWNS] :: [WARNING] :: Skipping entry for non-existing event 'AnimalCow'.
14:35:07.688 !!! [CE][DE][SPAWNS] :: [WARNING] :: Skipping entry for non-existing event 'AnimalSheep'.
14:35:07.688 !!! [CE][DE][SPAWNS] :: [WARNING] :: Skipping entry for non-existing event 'AnimalRoeDeer'.
14:35:07.688 !!! [CE][DE][SPAWNS] :: [WARNING] :: Skipping entry for non-existing event 'AnimalWildBoar'.
14:35:07.688 [CE][DE][SPAWNS] :: Total positions: 668
14:35:07.688 [CE][DE][GROUPS] :: Total eventgroups defined: 83, Eventgroups in use: 0
14:35:07.697 [CE][Storage] ver:21 stamp:33, valid:yes, name:"C:\Users\rylic\OneDrive\Desktop\Expansion-Dev-Server\mpmissions\empty.deerisle\storage_1\data\events.bin"
14:35:07.702 [CE][Storage] ver:21 stamp:26, valid:yes, name:"C:\Users\rylic\OneDrive\Desktop\Expansion-Dev-Server\mpmissions\empty.deerisle\storage_1\data\events.001"
14:35:07.702 [CE][Storage] ver:0 stamp:0, valid:NO, name:"C:\Users\rylic\OneDrive\Desktop\Expansion-Dev-Server\mpmissions\empty.deerisle\storage_1\data\events.002"
14:35:07.702 [CE][Storage] Restoring file "C:\Users\rylic\OneDrive\Desktop\Expansion-Dev-Server\mpmissions\empty.deerisle\storage_1\data\events.bin".
14:35:07.702 [CE][DynamicEvent] Load  Events:[52] Primary spawners: 52 Secondary spawners: 2
14:35:07.727 [CE][Storage] ver:25 stamp:33, valid:yes, name:"C:\Users\rylic\OneDrive\Desktop\Expansion-Dev-Server\mpmissions\empty.deerisle\storage_1\data\dynamic_000.bin"
14:35:07.742 [CE][Storage] ver:25 stamp:26, valid:yes, name:"C:\Users\rylic\OneDrive\Desktop\Expansion-Dev-Server\mpmissions\empty.deerisle\storage_1\data\dynamic_000.001"
14:35:07.742 [CE][Storage] ver:0 stamp:0, valid:NO, name:"C:\Users\rylic\OneDrive\Desktop\Expansion-Dev-Server\mpmissions\empty.deerisle\storage_1\data\dynamic_000.002"
14:35:07.742 [CE][Storage] Restoring file "C:\Users\rylic\OneDrive\Desktop\Expansion-Dev-Server\mpmissions\empty.deerisle\storage_1\data\dynamic_000.bin" 1319 items.
14:35:08.614   1319 items loaded. (0 failed)
14:35:08.643 [CE][Storage] ver:25 stamp:33, valid:yes, name:"C:\Users\rylic\OneDrive\Desktop\Expansion-Dev-Server\mpmissions\empty.deerisle\storage_1\data\dynamic_001.bin"
14:35:08.659 [CE][Storage] ver:25 stamp:26, valid:yes, name:"C:\Users\rylic\OneDrive\Desktop\Expansion-Dev-Server\mpmissions\empty.deerisle\storage_1\data\dynamic_001.001"
14:35:08.659 [CE][Storage] ver:0 stamp:0, valid:NO, name:"C:\Users\rylic\OneDrive\Desktop\Expansion-Dev-Server\mpmissions\empty.deerisle\storage_1\data\dynamic_001.002"
14:35:08.659 [CE][Storage] Restoring file "C:\Users\rylic\OneDrive\Desktop\Expansion-Dev-Server\mpmissions\empty.deerisle\storage_1\data\dynamic_001.bin" 973 items.
14:35:09.68   973 items loaded. (0 failed)
14:35:09.86 [CE][Storage] ver:25 stamp:33, valid:yes, name:"C:\Users\rylic\OneDrive\Desktop\Expansion-Dev-Server\mpmissions\empty.deerisle\storage_1\data\dynamic_002.bin"
14:35:09.101 [CE][Storage] ver:25 stamp:26, valid:yes, name:"C:\Users\rylic\OneDrive\Desktop\Expansion-Dev-Server\mpmissions\empty.deerisle\storage_1\data\dynamic_002.001"
14:35:09.101 [CE][Storage] ver:0 stamp:0, valid:NO, name:"C:\Users\rylic\OneDrive\Desktop\Expansion-Dev-Server\mpmissions\empty.deerisle\storage_1\data\dynamic_002.002"
14:35:09.101 [CE][Storage] Restoring file "C:\Users\rylic\OneDrive\Desktop\Expansion-Dev-Server\mpmissions\empty.deerisle\storage_1\data\dynamic_002.bin" 1234 items.
14:35:09.599   1234 items loaded. (0 failed)
14:35:09.615 [CE][Storage] ver:25 stamp:33, valid:yes, name:"C:\Users\rylic\OneDrive\Desktop\Expansion-Dev-Server\mpmissions\empty.deerisle\storage_1\data\dynamic_003.bin"
14:35:09.630 [CE][Storage] ver:25 stamp:26, valid:yes, name:"C:\Users\rylic\OneDrive\Desktop\Expansion-Dev-Server\mpmissions\empty.deerisle\storage_1\data\dynamic_003.001"
14:35:09.630 [CE][Storage] ver:0 stamp:0, valid:NO, name:"C:\Users\rylic\OneDrive\Desktop\Expansion-Dev-Server\mpmissions\empty.deerisle\storage_1\data\dynamic_003.002"
14:35:09.630 [CE][Storage] Restoring file "C:\Users\rylic\OneDrive\Desktop\Expansion-Dev-Server\mpmissions\empty.deerisle\storage_1\data\dynamic_003.bin" 1607 items.
14:35:10.193   1607 items loaded. (0 failed)
14:35:10.209 [CE][Storage] ver:25 stamp:33, valid:yes, name:"C:\Users\rylic\OneDrive\Desktop\Expansion-Dev-Server\mpmissions\empty.deerisle\storage_1\data\dynamic_004.bin"
14:35:10.223 [CE][Storage] ver:25 stamp:26, valid:yes, name:"C:\Users\rylic\OneDrive\Desktop\Expansion-Dev-Server\mpmissions\empty.deerisle\storage_1\data\dynamic_004.001"
14:35:10.224 [CE][Storage] ver:0 stamp:0, valid:NO, name:"C:\Users\rylic\OneDrive\Desktop\Expansion-Dev-Server\mpmissions\empty.deerisle\storage_1\data\dynamic_004.002"
14:35:10.224 [CE][Storage] Restoring file "C:\Users\rylic\OneDrive\Desktop\Expansion-Dev-Server\mpmissions\empty.deerisle\storage_1\data\dynamic_004.bin" 2561 items.
14:35:11.88   2561 items loaded. (0 failed)
14:35:11.100 [CE][Storage] ver:25 stamp:33, valid:yes, name:"C:\Users\rylic\OneDrive\Desktop\Expansion-Dev-Server\mpmissions\empty.deerisle\storage_1\data\dynamic_005.bin"
14:35:11.115 [CE][Storage] ver:25 stamp:26, valid:yes, name:"C:\Users\rylic\OneDrive\Desktop\Expansion-Dev-Server\mpmissions\empty.deerisle\storage_1\data\dynamic_005.001"
14:35:11.115 [CE][Storage] ver:0 stamp:0, valid:NO, name:"C:\Users\rylic\OneDrive\Desktop\Expansion-Dev-Server\mpmissions\empty.deerisle\storage_1\data\dynamic_005.002"
14:35:11.115 [CE][Storage] Restoring file "C:\Users\rylic\OneDrive\Desktop\Expansion-Dev-Server\mpmissions\empty.deerisle\storage_1\data\dynamic_005.bin" 2306 items.
14:35:11.939   2306 items loaded. (0 failed)
14:35:11.957 [CE][Storage] ver:25 stamp:33, valid:yes, name:"C:\Users\rylic\OneDrive\Desktop\Expansion-Dev-Server\mpmissions\empty.deerisle\storage_1\data\dynamic_006.bin"
14:35:11.971 [CE][Storage] ver:25 stamp:26, valid:yes, name:"C:\Users\rylic\OneDrive\Desktop\Expansion-Dev-Server\mpmissions\empty.deerisle\storage_1\data\dynamic_006.001"
14:35:11.971 [CE][Storage] ver:0 stamp:0, valid:NO, name:"C:\Users\rylic\OneDrive\Desktop\Expansion-Dev-Server\mpmissions\empty.deerisle\storage_1\data\dynamic_006.002"
14:35:11.971 [CE][Storage] Restoring file "C:\Users\rylic\OneDrive\Desktop\Expansion-Dev-Server\mpmissions\empty.deerisle\storage_1\data\dynamic_006.bin" 1968 items.
14:35:12.653   1968 items loaded. (0 failed)
14:35:12.665 [CE][Storage] ver:25 stamp:33, valid:yes, name:"C:\Users\rylic\OneDrive\Desktop\Expansion-Dev-Server\mpmissions\empty.deerisle\storage_1\data\dynamic_007.bin"
14:35:12.680 [CE][Storage] ver:25 stamp:26, valid:yes, name:"C:\Users\rylic\OneDrive\Desktop\Expansion-Dev-Server\mpmissions\empty.deerisle\storage_1\data\dynamic_007.001"
14:35:12.680 [CE][Storage] ver:0 stamp:0, valid:NO, name:"C:\Users\rylic\OneDrive\Desktop\Expansion-Dev-Server\mpmissions\empty.deerisle\storage_1\data\dynamic_007.002"
14:35:12.680 [CE][Storage] Restoring file "C:\Users\rylic\OneDrive\Desktop\Expansion-Dev-Server\mpmissions\empty.deerisle\storage_1\data\dynamic_007.bin" 1741 items.
14:35:13.331   1741 items loaded. (0 failed)
14:35:13.348 [CE][Storage] ver:25 stamp:33, valid:yes, name:"C:\Users\rylic\OneDrive\Desktop\Expansion-Dev-Server\mpmissions\empty.deerisle\storage_1\data\dynamic_008.bin"
14:35:13.368 [CE][Storage] ver:25 stamp:26, valid:yes, name:"C:\Users\rylic\OneDrive\Desktop\Expansion-Dev-Server\mpmissions\empty.deerisle\storage_1\data\dynamic_008.001"
14:35:13.368 [CE][Storage] ver:0 stamp:0, valid:NO, name:"C:\Users\rylic\OneDrive\Desktop\Expansion-Dev-Server\mpmissions\empty.deerisle\storage_1\data\dynamic_008.002"
14:35:13.368 [CE][Storage] Restoring file "C:\Users\rylic\OneDrive\Desktop\Expansion-Dev-Server\mpmissions\empty.deerisle\storage_1\data\dynamic_008.bin" 599 items.
14:35:13.569   599 items loaded. (0 failed)
14:35:13.583 [CE][Storage] ver:25 stamp:33, valid:yes, name:"C:\Users\rylic\OneDrive\Desktop\Expansion-Dev-Server\mpmissions\empty.deerisle\storage_1\data\dynamic_009.bin"
14:35:13.599 [CE][Storage] ver:25 stamp:26, valid:yes, name:"C:\Users\rylic\OneDrive\Desktop\Expansion-Dev-Server\mpmissions\empty.deerisle\storage_1\data\dynamic_009.001"
14:35:13.599 [CE][Storage] ver:0 stamp:0, valid:NO, name:"C:\Users\rylic\OneDrive\Desktop\Expansion-Dev-Server\mpmissions\empty.deerisle\storage_1\data\dynamic_009.002"
14:35:13.599 [CE][Storage] Restoring file "C:\Users\rylic\OneDrive\Desktop\Expansion-Dev-Server\mpmissions\empty.deerisle\storage_1\data\dynamic_009.bin" 550 items.
14:35:13.807   550 items loaded. (0 failed)
14:35:13.819 [CE][Storage] ver:25 stamp:33, valid:yes, name:"C:\Users\rylic\OneDrive\Desktop\Expansion-Dev-Server\mpmissions\empty.deerisle\storage_1\data\dynamic_010.bin"
14:35:13.839 [CE][Storage] ver:25 stamp:26, valid:yes, name:"C:\Users\rylic\OneDrive\Desktop\Expansion-Dev-Server\mpmissions\empty.deerisle\storage_1\data\dynamic_010.001"
14:35:13.839 [CE][Storage] ver:0 stamp:0, valid:NO, name:"C:\Users\rylic\OneDrive\Desktop\Expansion-Dev-Server\mpmissions\empty.deerisle\storage_1\data\dynamic_010.002"
14:35:13.839 [CE][Storage] Restoring file "C:\Users\rylic\OneDrive\Desktop\Expansion-Dev-Server\mpmissions\empty.deerisle\storage_1\data\dynamic_010.bin" 504 items.
14:35:14.42   504 items loaded. (0 failed)
14:35:14.59 [CE][Storage] ver:25 stamp:33, valid:yes, name:"C:\Users\rylic\OneDrive\Desktop\Expansion-Dev-Server\mpmissions\empty.deerisle\storage_1\data\dynamic_011.bin"
14:35:14.69 [CE][Storage] ver:25 stamp:26, valid:yes, name:"C:\Users\rylic\OneDrive\Desktop\Expansion-Dev-Server\mpmissions\empty.deerisle\storage_1\data\dynamic_011.001"
14:35:14.69 [CE][Storage] ver:0 stamp:0, valid:NO, name:"C:\Users\rylic\OneDrive\Desktop\Expansion-Dev-Server\mpmissions\empty.deerisle\storage_1\data\dynamic_011.002"
14:35:14.69 [CE][Storage] Restoring file "C:\Users\rylic\OneDrive\Desktop\Expansion-Dev-Server\mpmissions\empty.deerisle\storage_1\data\dynamic_011.bin" 227 items.
14:35:14.188   227 items loaded. (0 failed)
14:35:14.192 [CE][Storage] ver:26 stamp:33, valid:yes, name:"C:\Users\rylic\OneDrive\Desktop\Expansion-Dev-Server\mpmissions\empty.deerisle\storage_1\data\building.bin"
14:35:14.195 [CE][Storage] ver:26 stamp:26, valid:yes, name:"C:\Users\rylic\OneDrive\Desktop\Expansion-Dev-Server\mpmissions\empty.deerisle\storage_1\data\building.001"
14:35:14.195 [CE][Storage] ver:0 stamp:0, valid:NO, name:"C:\Users\rylic\OneDrive\Desktop\Expansion-Dev-Server\mpmissions\empty.deerisle\storage_1\data\building.002"
14:35:14.195 [CE][Storage] Restoring file "C:\Users\rylic\OneDrive\Desktop\Expansion-Dev-Server\mpmissions\empty.deerisle\storage_1\data\building.bin" 0 items.
14:35:14.195   0 items loaded. (0 failed)
14:35:14.204 [CE][Storage] ver:25 stamp:33, valid:yes, name:"C:\Users\rylic\OneDrive\Desktop\Expansion-Dev-Server\mpmissions\empty.deerisle\storage_1\data\vehicles.bin"
14:35:14.215 [CE][Storage] ver:25 stamp:26, valid:yes, name:"C:\Users\rylic\OneDrive\Desktop\Expansion-Dev-Server\mpmissions\empty.deerisle\storage_1\data\vehicles.001"
14:35:14.215 [CE][Storage] ver:0 stamp:0, valid:NO, name:"C:\Users\rylic\OneDrive\Desktop\Expansion-Dev-Server\mpmissions\empty.deerisle\storage_1\data\vehicles.002"
14:35:14.215 [CE][Storage] Restoring file "C:\Users\rylic\OneDrive\Desktop\Expansion-Dev-Server\mpmissions\empty.deerisle\storage_1\data\vehicles.bin" 75 items.
14:35:14.585   75 items loaded. (0 failed)
14:35:14.640 [CE][Hive] :: Storage load took:6.94 seconds, recovery stamp:33
14:35:14.640   entity: 16627, building: 0
14:35:14.640   pathgraph's: 402
14:35:14.641 [CE][Hive] :: Initializing ... 
14:35:14.671 [CE][InitializeMap] :: initialized: 0
14:35:14.671 [CE][Hive] :: Initializing spawners ... 
14:35:22.426 [CE][LootRespawner] (PRIDummy) :: Initially (re)spawned:0, Nominal:15567, Total in Map: 16233 at 0 (sec)
14:35:22.426   tests:0, repeats:0 fails:0, overtime:0
14:35:22.449 [CE][AnimalRespawner] (PRICrab) :: !!! Missing AI Template "HerdCrab" for DE: "AnimalCrab"
14:35:22.449 [CE][DynEvent] :: 52 types
14:35:22.449 [00] AmbientHen
14:35:22.449   Primary Spawner: "Ambient", active: yes, repeat: 1
14:35:22.449 [01] AmbientBear
14:35:22.449   Primary Spawner: "Ambient", active: yes, repeat: 1
14:35:22.449 [02] AmbientPolarbear
14:35:22.449   Primary Spawner: "Ambient", active: yes, repeat: 1
14:35:22.449 [03] AmbientCow
14:35:22.449   Primary Spawner: "Ambient", active: yes, repeat: 1
14:35:22.449 [04] AmbientDeer
14:35:22.450   Primary Spawner: "Ambient", active: yes, repeat: 1
14:35:22.450 [05] AmbientGoat
14:35:22.450   Primary Spawner: "Ambient", active: yes, repeat: 1
14:35:22.450 [06] AmbientPig
14:35:22.450   Primary Spawner: "Ambient", active: yes, repeat: 1
14:35:22.450 [07] AmbientRoeDeer
14:35:22.450   Primary Spawner: "Ambient", active: yes, repeat: 1
14:35:22.450 [08] AmbientSheep
14:35:22.450   Primary Spawner: "Ambient", active: yes, repeat: 1
14:35:22.450 [09] AmbientWildBoar
14:35:22.450   Primary Spawner: "Ambient", active: yes, repeat: 1
14:35:22.450 [10] AnimalWolf
14:35:22.450   Primary Spawner: "Animal", active: yes, repeat: 1
14:35:22.450 [11] AnimalArcticWolf
14:35:22.450   Primary Spawner: "Animal", active: yes, repeat: 1
14:35:22.450 [12] InfectedArmy
14:35:22.450   Primary Spawner: "Infected", active: yes, repeat: 1
14:35:22.450 [13] InfectedArmyHard
14:35:22.450   Primary Spawner: "Infected", active: yes, repeat: 1
14:35:22.450 [14] InfectedArmyHardJMC
14:35:22.450   Primary Spawner: "Infected", active: yes, repeat: 1
14:35:22.450 [15] InfectedArmyHardJMCWinter
14:35:22.450   Primary Spawner: "Infected", active: yes, repeat: 1
14:35:22.450 [16] InfectedCity
14:35:22.450   Primary Spawner: "Infected", active: yes, repeat: 1
14:35:22.450 [17] InfectedFirefighter
14:35:22.450   Primary Spawner: "Infected", active: yes, repeat: 1
14:35:22.450 [18] InfectedIndustrial
14:35:22.450   Primary Spawner: "Infected", active: yes, repeat: 1
14:35:22.450 [19] InfectedMedic
14:35:22.450   Primary Spawner: "Infected", active: yes, repeat: 1
14:35:22.450 [20] InfectedNBC
14:35:22.450   Primary Spawner: "Infected", active: yes, repeat: 1
14:35:22.450 [21] InfectedNBCYellow
14:35:22.450   Primary Spawner: "Infected", active: yes, repeat: 1
14:35:22.450 [22] InfectedPolice
14:35:22.450   Primary Spawner: "Infected", active: yes, repeat: 1
14:35:22.450 [23] InfectedPoliceHard
14:35:22.450   Primary Spawner: "Infected", active: yes, repeat: 1
14:35:22.450 [24] InfectedPrisoner
14:35:22.450   Primary Spawner: "Infected", active: yes, repeat: 1
14:35:22.450 [25] InfectedReligious
14:35:22.450   Primary Spawner: "Infected", active: yes, repeat: 1
14:35:22.450 [26] InfectedSolitude
14:35:22.450   Primary Spawner: "Infected", active: yes, repeat: 1
14:35:22.450 [27] InfectedVillage
14:35:22.450   Primary Spawner: "Infected", active: yes, repeat: 1
14:35:22.450 [28] ItemPlanks
14:35:22.450   Primary Spawner: "Item", active: yes, repeat: 1
14:35:22.450 [29] Loot
14:35:22.450   Primary Spawner: "Loot", active: yes, repeat: 2
14:35:22.450 [30] StaticContaminatedArea
14:35:22.450   Primary Spawner: "Static", active: yes, repeat: 1
14:35:22.450 [31] StaticHeliCrash
14:35:22.450   Primary Spawner: "Static", active: yes, repeat: 1
14:35:22.450   Secondary Spawner: "Infected", active: yes, repeat: 1
14:35:22.450 [32] StaticPoliceCar
14:35:22.450   Primary Spawner: "Static", active: yes, repeat: 1
14:35:22.450   Secondary Spawner: "Infected", active: yes, repeat: 1
14:35:22.450 [33] TrajectoryApple
14:35:22.450   Primary Spawner: "Trajectory", active: yes, repeat: 1
14:35:22.450 [34] TrajectoryConiferous
14:35:22.450   Primary Spawner: "Trajectory", active: yes, repeat: 1
14:35:22.450 [35] TrajectoryDeciduous
14:35:22.450   Primary Spawner: "Trajectory", active: yes, repeat: 1
14:35:22.450 [36] TrajectoryHumus
14:35:22.450   Primary Spawner: "Trajectory", active: yes, repeat: 1
14:35:22.450 [37] TrajectoryPear
14:35:22.450   Primary Spawner: "Trajectory", active: yes, repeat: 1
14:35:22.450 [38] TrajectoryPlum
14:35:22.450   Primary Spawner: "Trajectory", active: yes, repeat: 1
14:35:22.450 [39] TrajectoryStones
14:35:22.450   Primary Spawner: "Trajectory", active: yes, repeat: 1
14:35:22.450 [40] VehicleCivilianSedan
14:35:22.450   Primary Spawner: "Vehicle", active: yes, repeat: 1
14:35:22.450 [41] VehicleHatchback02
14:35:22.450   Primary Spawner: "Vehicle", active: yes, repeat: 1
14:35:22.450 [42] VehicleOffroadHatchback
14:35:22.450   Primary Spawner: "Vehicle", active: yes, repeat: 1
14:35:22.450 [43] VehicleSedan02
14:35:22.450   Primary Spawner: "Vehicle", active: yes, repeat: 1
14:35:22.450 [44] VehicleTruck01
14:35:22.450   Primary Spawner: "Vehicle", active: yes, repeat: 1
14:35:22.450 [45] StaticVanPinkies
14:35:22.450   Primary Spawner: "Static", active: yes, repeat: 1
14:35:22.450 [46] StaticVanAmbulance
14:35:22.450   Primary Spawner: "Static", active: yes, repeat: 1
14:35:22.450 [47] StaticSkeletonEventspawn
14:35:22.450   Primary Spawner: "Static", active: yes, repeat: 1
14:35:22.450 [48] StaticPlantFernA
14:35:22.450   Primary Spawner: "Static", active: yes, repeat: 1
14:35:22.450 [49] StaticPlantFernB
14:35:22.450   Primary Spawner: "Static", active: yes, repeat: 1
14:35:22.450 [50] StaticPlantFernC
14:35:22.450   Primary Spawner: "Static", active: yes, repeat: 1
14:35:22.451 [51] AnimalCrab
14:35:22.451   Primary Spawner: "Animal", active: yes, repeat: 1
14:35:22.451 [CE][Hive] :: Initializing of spawners done.
14:35:22.460 [CE][Hive] :: Init sequence finished.
14:35:22.460 Player connect enabled
14:35:45.78 [IdleMode] Entering IN - save processed
14:37:53.657 [Login]: Adding player Bunker (25818727) to login queue at position 0
14:37:53.657 [LoginMachine]: Add player Bunker (25818727 10.0.0.59:2316)
14:37:53.657 [StateMachine]: Player Bunker (dpnid 25818727 uid ) Entering AuthPlayerLoginState
14:37:53.965 [IdleMode] Leaving OUT
14:37:54.601 [StateMachine]: Player Bunker (dpnid 25818727 uid ) Entering WaitAuthPlayerLoginState
14:37:57.112 Player Bunker connected (id=mBNlxASsPlOcry0dpDl8K-WgHNR5WMCMmoJ9NhpU4FY=).
14:37:57.112 Player "Bunker" is connected (steamID=76561198036774377)
14:37:57.112 [StateMachine]: Player Bunker (dpnid 25818727 uid ) Entering WaitPlayerAssignedLoginState
14:37:57.815 [StateMachine]: Player Bunker (dpnid 25818727 uid mBNlxASsPlOcry0dpDl8K-WgHNR5WMCMmoJ9NhpU4FY=) Entering DBGetLoginTimeLoginState
14:37:57.824 [StateMachine]: Player Bunker (dpnid 25818727 uid mBNlxASsPlOcry0dpDl8K-WgHNR5WMCMmoJ9NhpU4FY=) Entering DBWaitLoginTimeLoginState
14:38:02.824 [StateMachine]: Player Bunker (dpnid 25818727 uid mBNlxASsPlOcry0dpDl8K-WgHNR5WMCMmoJ9NhpU4FY=) Entering DBGetCharacterLoginState
14:38:02.825 [StateMachine]: Player Bunker (dpnid 25818727 uid mBNlxASsPlOcry0dpDl8K-WgHNR5WMCMmoJ9NhpU4FY=) Entering CreateNetObjectsLoginState
14:38:02.825 [CE][PlayerSpawnPoints][GRP_DBG] :: Selected: { no group } | idx: 0 (ut: 242703 | lt: 0 | ctr: 0)
14:38:02.825 [CE][PlayerSpawnPoints][GRP_DBG] :: Current: { no group } | idx: 0 (ct: 242703 | ut: 242703 | lt: 0 | ctr: 0)
14:38:02.825 [CE][PlayerSpawnPoints][GRP_DBG] :: Current: { no group } index: 0 (lt: 0 | ctr: 0)
14:38:02.825 [CE][PlayerSpawnPoints][GRP_DBG] :: Selected: { no group } | idx: 0 (ut: 242703 | lt: 0 | ctr: 0)
14:38:02.827 [StateMachine]: Player Bunker (dpnid 25818727 uid mBNlxASsPlOcry0dpDl8K-WgHNR5WMCMmoJ9NhpU4FY=) Entering PreloadCamLoginState
14:38:02.827 [StateMachine]: Player Bunker (dpnid 25818727 uid mBNlxASsPlOcry0dpDl8K-WgHNR5WMCMmoJ9NhpU4FY=) Entering WaitPreloadCamLoginState
14:38:11.750 [StateMachine]: Player Bunker (dpnid 25818727 uid mBNlxASsPlOcry0dpDl8K-WgHNR5WMCMmoJ9NhpU4FY=) Entering GetNewCharLoginState
14:38:11.767 <CREATE NEW CHAR>:
    charID 1
    playerID 1
    dpnid 25818727
    uid mBNlxASsPlOcry0dpDl8K-WgHNR5WMCMmoJ9NhpU4FY=
14:38:16.82 [CE][LootRespawner] (PRIDummy) :: Item [0] causing search overtime: "Chestplate"
14:38:16.182 [CE][LootRespawner] (PRIDummy) :: Item [1] causing search overtime: "GhillieSuit_Tan"
14:38:16.282 [CE][LootRespawner] (PRIDummy) :: Item [2] causing search overtime: "GhillieTop_Tan"
14:38:16.382 [CE][LootRespawner] (PRIDummy) :: Item [3] causing search overtime: "Sword"
14:38:16.482 [CE][LootRespawner] (PRIDummy) :: Item [4] causing search overtime: "Mace"
14:38:16.582 [CE][LootRespawner] (PRIDummy) :: Item [5] causing search overtime: "Chainmail"
14:38:16.682 [CE][LootRespawner] (PRIDummy) :: Item [6] causing search overtime: "Chainmail_Coif"
14:38:16.782 [CE][LootRespawner] (PRIDummy) :: Item [7] causing search overtime: "MedievalBoots"
14:38:16.883 [CE][LootRespawner] (PRIDummy) :: Item [8] causing search overtime: "Chainmail_Leggings"
14:38:42.986 [CE][LootRespawner] (PRIDummy) :: Item [9] causing search overtime: "Chestplate"
14:38:43.86 [CE][LootRespawner] (PRIDummy) :: Item [10] causing search overtime: "GhillieSuit_Tan"